******************************************************************************
                  TI ARM Linker PC v20.2.5                     
******************************************************************************
>> Linked Sat Oct 15 00:58:41 2022

OUTPUT FILE NAME:   <PWM Example.out>
ENTRY POINT SYMBOL: "_c_int00"  address: 00004901


MEMORY CONFIGURATION

         name            origin    length      used     unused   attr    fill
----------------------  --------  ---------  --------  --------  ----  --------
  FLASH                 00000000   00040000  00008bc2  0003743e  R  X
  SRAM                  20000000   00008000  0000170c  000068f4  RW X


SEGMENT ALLOCATION MAP

run origin  load origin   length   init length attrs members
----------  ----------- ---------- ----------- ----- -------
00000000    00000000    00008bd0   00008bd0    r-x
  00000000    00000000    0000003c   0000003c    r-- .resetVecs
  00000040    00000040    000069aa   000069aa    r-x .text
  000069f0    000069f0    00001f74   00001f74    r-- .const
  00008968    00008968    00000268   00000268    r-- .cinit
20000000    20000000    00001710   00000000    rw-
  20000000    20000000    00000360   00000000    rw- .vecs
  20000360    20000360    00000bc0   00000000    rw- .bss
  20000f20    20000f20    000004ec   00000000    rw- .data
  20001410    20001410    00000300   00000000    rw- .stack


SECTION ALLOCATION MAP

 output                                  attributes/
section   page    origin      length       input sections
--------  ----  ----------  ----------   ----------------
.text      0    00000040    000069aa     
                  00000040    000009d0     rtsv7M4_T_le_v4SPD16_eabi.lib : e_pow.c.obj (.text:pow)
                  00000a10    00000430     sysbios.aem4f : BIOS.obj (.text:ti_sysbios_family_arm_m3_Hwi_excDumpRegs__I)
                  00000e40    0000034c     ti.targets.arm.rtsarm.aem4f : System.oem4f (.text:xdc_runtime_System_doPrint__I)
                  0000118c    0000030c     uartstdio.obj (.text:UARTvprintf)
                  00001498    000001f4     sysbios.aem4f : BIOS.obj (.text:ti_sysbios_family_arm_m3_Hwi_excHandlerMax__I)
                  0000168c    000001b6     rtsv7M4_T_le_v4SPD16_eabi.lib : fd_add_t2.asm.obj (.text)
                  00001842    00000006     driverlib.lib : gpio.obj (.text:GPIOIntClear)
                  00001848    00000174     sysbios.aem4f : BIOS.obj (.text:ti_sysbios_family_arm_m3_Hwi_excBusFault__I)
                  000019bc    00000170     drivers_tivaware.aem4f : PWMTiva.oem4f (.text:PWMTiva_open)
                  00001b2c    00000004     rtsv7M4_T_le_v4SPD16_eabi.lib : exit.c.obj (.text:abort:abort)
                  00001b30    00000164     sysbios.aem4f : BIOS.obj (.text:ti_sysbios_family_arm_m3_Hwi_excUsageFault__I)
                  00001c94    00000158     rtsv7M4_T_le_v4SPD16_eabi.lib : e_sqrt.c.obj (.text:sqrt)
                  00001dec    00000004     pwmled_pem4f.oem4f (.text:ti_sysbios_BIOS_RtsGateProxy_enter__E)
                  00001df0    00000154     sysbios.aem4f : BIOS.obj (.text:ti_sysbios_knl_Semaphore_pend__E)
                  00001f44    00000150     drivers_tivaware.aem4f : GPIOTiva.oem4f (.text:GPIO_setConfig)
                  00002094    00000004     pwmled_pem4f.oem4f (.text:ti_sysbios_BIOS_RtsGateProxy_leave__E)
                  00002098    00000148     sysbios.aem4f : BIOS.obj (.text:ti_sysbios_family_arm_m3_Hwi_excMemFault__I)
                  000021e0    00000136     rtsv7M4_T_le_v4SPD16_eabi.lib : fd_div_t2.asm.obj (.text)
                  00002316    00000130     driverlib.lib : gpio.obj (.text:GPIOPadConfigSet)
                  00002446    00000002     rtsv7M4_T_le_v4SPD16_eabi.lib : _lock.c.obj (.text:_nop)
                  00002448    00000118     ti.targets.arm.rtsarm.aem4f : Error.oem4f (.text:xdc_runtime_Error_policyDefault__E)
                  00002560    00000110     rtsv7M4_T_le_v4SPD16_eabi.lib : s_scalbn.c.obj (.text:scalbn)
                  00002670    0000010c     driverlib.lib : sysctl.obj (.text:SysCtlClockGet)
                  0000277c    00000004     sysbios.aem4f : BIOS.obj (.text:ti_sysbios_family_arm_lm4_Timer_masterEnable__I)
                  00002780    00000108                   : BIOS.obj (.text:ti_sysbios_family_arm_lm4_Timer_start__E)
                  00002888    00000100     Boot.aem4f : Boot_sysctl.oem4f (.text:ti_catalog_arm_cortexm4_tiva_ce_Boot_sysCtlClockSetI__I)
                  00002988    00000100     ti.targets.arm.rtsarm.aem4f : Core-mem.oem4f (.text:xdc_runtime_Core_createObject__I)
                  00002a88    000000fc     rtsv7M4_T_le_v4SPD16_eabi.lib : fd_mul_t2.asm.obj (.text)
                  00002b84    000000f8     ti.targets.arm.rtsarm.aem4f : Startup.oem4f (.text:xdc_runtime_Startup_startMods__I)
                  00002c7c    000000f8     pwmled_pem4f.oem4f (.text:xdc_runtime_System_printfExtend__I)
                  00002d74    000000f4     sysbios.aem4f : m3_Hwi_asm.obj (.text:ti_sysbios_family_arm_m3_Hwi_dispatch__I)
                  00002e68    000000f0     drivers_tivaware.aem4f : PWMTiva.oem4f (.text:PWMTiva_setDuty)
                  00002f58    000000f0     driverlib.lib : sysctl.obj (.text:SysCtlClockSet)
                  00003048    000000dc     pwmled.obj (.text:main)
                  00003124    00000004     pwmled_pem4f.oem4f (.text:ti_sysbios_family_arm_m3_TaskSupport_Module__startupDone__S)
                  00003128    000000d4     sysbios.aem4f : BIOS.obj (.text:ti_sysbios_heaps_HeapMem_alloc__E)
                  000031fc    000000cc     ti.targets.arm.rtsarm.aem4f : Core-smem.oem4f (.text:xdc_runtime_Core_constructObject__I)
                  000032c8    000000bc     sysbios.aem4f : BIOS.obj (.text:ti_sysbios_family_arm_m3_Hwi_excDebugMon__I)
                  00003384    00000004     pwmled_pem4f.oem4f (.text:ti_sysbios_heaps_HeapMem_Module_GateProxy_enter__E)
                  00003388    000000bc     sysbios.aem4f : BIOS.obj (.text:ti_sysbios_family_arm_m3_Hwi_excHardFault__I)
                  00003444    00000004     pwmled_pem4f.oem4f (.text:ti_sysbios_heaps_HeapMem_Module_GateProxy_leave__E)
                  00003448    000000b4     sysbios.aem4f : BIOS.obj (.text:ti_sysbios_knl_Task_checkStacks__E)
                  000034fc    00000004     pwmled_pem4f.oem4f (.text:ti_sysbios_knl_Clock_TimerProxy_getMaxTicks__E)
                  00003500    000000ac     sysbios.aem4f : BIOS.obj (.text:ti_sysbios_family_arm_lm4_Timer_enableTiva__I)
                  000035ac    000000a0     auto_init.aem4f : auto_init.oem4f (.text)
                  0000364c    000000a0     ti.targets.arm.rtsarm.aem4f : Text.oem4f (.text:xdc_runtime_Text_putMod__E)
                  000036ec    0000009c     rtsv7M4_T_le_v4SPD16_eabi.lib : memcpy_t2.asm.obj (.text)
                  00003788    0000009a     ti.targets.arm.rtsarm.aem4f : Text.oem4f (.text:xdc_runtime_Text_putSite__E)
                  00003822    00000002     rtsv7M4_T_le_v4SPD16_eabi.lib : div0.asm.obj (.text)
                  00003824    00000098     Boot.aem4f : Boot.oem4f (.text:ti_catalog_arm_cortexm4_tiva_ce_Boot_sysCtlClockSet__E)
                  000038bc    00000004     pwmled_pem4f.oem4f (.text:ti_sysbios_knl_Queue_destruct)
                  000038c0    00000094     sysbios.aem4f : BIOS.obj (.text:ti_sysbios_family_arm_m3_Hwi_Instance_init__E)
                  00003954    00000004     pwmled_pem4f.oem4f (.text:ti_sysbios_knl_Semaphore_destruct)
                  00003958    00000094     sysbios.aem4f : BIOS.obj (.text:ti_sysbios_family_arm_m3_Hwi_initNVIC__E)
                  000039ec    00000004     ti.targets.arm.rtsarm.aem4f : Error.oem4f (.text:xdc_runtime_Error_getSite__E)
                  000039f0    00000094     sysbios.aem4f : BIOS.obj (.text:ti_sysbios_knl_Task_postInit__I)
                  00003a84    0000008c     drivers_tivaware.aem4f : GPIOTiva.oem4f (.text:GPIO_init)
                  00003b10    0000008c     sysbios.aem4f : m3_TaskSupport_asm.obj (.text:ti_sysbios_family_arm_m3_TaskSupport_buildTaskStack)
                  00003b9c    00000088     drivers_tivaware.aem4f : PWMTiva.oem4f (.text:PWMTiva_control)
                  00003c24    00000086     rtsv7M4_T_le_v4SPD16_eabi.lib : fd_cmp_t2.asm.obj (.text:__aeabi_cdcmple)
                  00003caa    00000086                                   : fd_cmp_t2.asm.obj (.text:__aeabi_cdrcmple)
                  00003d30    00000084     sysbios.aem4f : BIOS.obj (.text:ti_sysbios_family_arm_m3_Hwi_postInit__I)
                  00003db4    00000082     pwmled.obj (.text:printDistance)
                  00003e36    00000002     pwmled_pem4f.oem4f (.text:ti_sysbios_BIOS_nullFunc__I)
                  00003e38    00000080     pwmled.obj (.text:ConfigureADC)
                  00003eb8    0000007c     sysbios.aem4f : BIOS.obj (.text:ti_sysbios_heaps_HeapMem_free__E)
                  00003f34    0000007a     driverlib.lib : adc.obj (.text:ADCSequenceStepConfigure)
                  00003fae    0000007a     rtsv7M4_T_le_v4SPD16_eabi.lib : memset_t2.asm.obj (.text)
                  00004028    00000070     sysbios.aem4f : BIOS.obj (.text:ti_sysbios_knl_Clock_workFunc__E)
                  00004098    00000070                   : BIOS.obj (.text:ti_sysbios_knl_Task_exit__E)
                  00004108    0000006d     ti.targets.arm.rtsarm.aem4f : System.oem4f (.text:xdc_runtime_System_formatNum__I)
                  00004175    00000001     --HOLE-- [fill = 0]
                  00004176    00000002     pwmled_pem4f.oem4f (.text:xdc_runtime_Startup_reset__I)
                  00004178    0000006c     pwmled.obj (.text:findDistanceFront)
                  000041e4    0000006c     pwmled.obj (.text:findDistanceSide)
                  00004250    0000006c     sysbios.aem4f : BIOS.obj (.text:ti_sysbios_knl_Swi_restoreHwi__E)
                  000042bc    0000006c     ti.targets.arm.rtsarm.aem4f : Error.oem4f (.text:xdc_runtime_Error_print__E)
                  00004328    0000006c                                 : Memory.oem4f (.text:xdc_runtime_Memory_alloc__E)
                  00004394    0000006a     drivers_tivaware.aem4f : PWMTiva.oem4f (.text:PWMTiva_close)
                  000043fe    00000068     rtsv7M4_T_le_v4SPD16_eabi.lib : copy_decompress_lzss.c.obj (.text:decompress:lzss:__TI_decompress_lzss)
                  00004466    00000066     ti.targets.arm.rtsarm.aem4f : Core-mem.oem4f (.text:xdc_runtime_Core_deleteObject__I)
                  000044cc    00000064     drivers_tivaware.aem4f : GPIOTiva.oem4f (.text:GPIO_hwiIntFxn)
                  00004530    00000064     sysbios.aem4f : BIOS.obj (.text:ti_sysbios_family_arm_lm4_Timer_Module_startup__E)
                  00004594    00000064     pwmled_pem4f.oem4f (.text:ti_sysbios_family_arm_m3_Hwi_create)
                  000045f8    00000064     sysbios.aem4f : BIOS.obj (.text:ti_sysbios_family_arm_m3_Hwi_dispatchC__I)
                  0000465c    00000004     pwmled_pem4f.oem4f (.text:xdc_runtime_System_Module_GateProxy_enter__E)
                  00004660    00000064     sysbios.aem4f : BIOS.obj (.text:ti_sysbios_knl_Semaphore_post__E)
                  000046c4    00000004     pwmled_pem4f.oem4f (.text:xdc_runtime_System_Module_GateProxy_leave__E)
                  000046c8    00000060     sysbios.aem4f : BIOS.obj (.text:ti_sysbios_knl_Task_schedule__I)
                  00004728    0000005c                   : BIOS.obj (.text:ti_sysbios_knl_Swi_run__I)
                  00004784    00000004     ti.targets.arm.rtsarm.aem4f : System.oem4f (.text:xdc_runtime_System_aprintf_va__F)
                  00004788    0000005c     sysbios.aem4f : BIOS.obj (.text:ti_sysbios_knl_Swi_schedule__I)
                  000047e4    00000004     ti.targets.arm.rtsarm.aem4f : System.oem4f (.text:xdc_runtime_System_printf_va__F)
                  000047e8    0000005c     sysbios.aem4f : BIOS.obj (.text:ti_sysbios_knl_Task_Module_startup__E)
                  00004844    00000004     --HOLE-- [fill = 0]
                  00004848    0000005c                   : BIOS.obj (.text:ti_sysbios_knl_Task_startCore__E)
                  000048a4    0000005b     ti.targets.arm.rtsarm.aem4f : Text.oem4f (.text:xdc_runtime_Text_putLab__E)
                  000048ff    00000001     --HOLE-- [fill = 0]
                  00004900    00000058     boot.aem4f : boot.oem4f (.text)
                  00004958    00000058     rtsv7M4_T_le_v4SPD16_eabi.lib : hostwrite.c.obj (.text:HOSTwrite)
                  000049b0    00000058     sysbios.aem4f : m3_Hwi_asm_switch.obj (.text:ti_sysbios_family_arm_m3_Hwi_initStacks__E)
                  00004a08    00000056     driverlib.lib : gpio.obj (.text:GPIOIntTypeSet)
                  00004a5e    00000002     --HOLE-- [fill = 0]
                  00004a60    00000054     uartstdio.obj (.text:UARTStdioConfig)
                  00004ab4    00000004     --HOLE-- [fill = 0]
                  00004ab8    00000054     sysbios.aem4f : BIOS.obj (.text:ti_sysbios_family_arm_lm4_Timer_initDevice__I)
                  00004b0c    00000054     ti.targets.arm.rtsarm.aem4f : Assert.oem4f (.text:xdc_runtime_Assert_raise__I)
                  00004b60    00000050     drivers_tivaware.aem4f : GPIOTiva.oem4f (.text:GPIO_setCallback)
                  00004bb0    00000050     sysbios.aem4f : BIOS.obj (.text:ti_sysbios_family_arm_m3_Hwi_Module_startup__E)
                  00004c00    00000050     ti.targets.arm.rtsarm.aem4f : Startup.oem4f (.text:xdc_runtime_Startup_exec__E)
                  00004c50    00000050                                 : Text.oem4f (.text:xdc_runtime_Text_visitRope2__I)
                  00004ca0    0000004c     pwmled.obj (.text:ConfigureUART)
                  00004cec    0000004c     uartstdio.obj (.text:UARTwrite)
                  00004d38    0000004c     rtsv7M4_T_le_v4SPD16_eabi.lib : cpy_tbl.c.obj (.text:copy_in)
                  00004d84    00000004     --HOLE-- [fill = 0]
                  00004d88    0000004c     sysbios.aem4f : BIOS.obj (.text:ti_sysbios_heaps_HeapMem_getStats__E)
                  00004dd4    00000004     --HOLE-- [fill = 0]
                  00004dd8    0000004c                   : BIOS.obj (.text:ti_sysbios_knl_Swi_runLoop__I)
                  00004e24    00000004     --HOLE-- [fill = 0]
                  00004e28    0000004c                   : BIOS.obj (.text:ti_sysbios_knl_Task_allBlockedFunction__I)
                  00004e74    00000048     driverlib.lib : gpio.obj (.text:GPIOPinConfigure)
                  00004ebc    00000048     rtsv7M4_T_le_v4SPD16_eabi.lib : fd_toi_t2.asm.obj (.text)
                  00004f04    00000004     --HOLE-- [fill = 0]
                  00004f08    00000048     sysbios.aem4f : BIOS.obj (.text:ti_sysbios_family_arm_lm4_Timer_enableTimers__I)
                  00004f50    00000048                   : BIOS.obj (.text:ti_sysbios_family_arm_m3_Hwi_disableInterrupt__E)
                  00004f98    00000048                   : BIOS.obj (.text:ti_sysbios_family_arm_m3_Hwi_enableInterrupt__E)
                  00004fe0    00000048                   : BIOS.obj (.text:ti_sysbios_family_arm_m3_Hwi_excReserved__I)
                  00005028    00000046     ti.targets.arm.rtsarm.aem4f : Core-params.oem4f (.text:xdc_runtime_Core_assignParams__I)
                  0000506e    00000002     --HOLE-- [fill = 0]
                  00005070    00000044     sysbios.aem4f : BIOS.obj (.text:ti_sysbios_family_arm_lm4_Timer_isrStub__E)
                  000050b4    00000004     --HOLE-- [fill = 0]
                  000050b8    00000044                   : BIOS.obj (.text:ti_sysbios_family_arm_m3_Hwi_getStackInfo__E)
                  000050fc    00000004     --HOLE-- [fill = 0]
                  00005100    00000044                   : BIOS.obj (.text:ti_sysbios_knl_Swi_post__E)
                  00005144    00000044     ti.targets.arm.rtsarm.aem4f : Error.oem4f (.text:xdc_runtime_Error_setX__E)
                  00005188    00000044                                 : SysMin.oem4f (.text:xdc_runtime_SysMin_flush__E)
                  000051cc    00000044                                 : Text.oem4f (.text:xdc_runtime_Text_xprintf__I)
                  00005210    00000042     driverlib.lib : uart.obj (.text:UARTConfigSetExpClk)
                  00005252    00000002     --HOLE-- [fill = 0]
                  00005254    00000040     EK_TM4C123GXL.obj (.text:EK_TM4C123GXL_initGeneral)
                  00005294    00000040     rtsv7M4_T_le_v4SPD16_eabi.lib : u_divt2.asm.obj (.text)
                  000052d4    00000004     --HOLE-- [fill = 0]
                  000052d8    00000040     sysbios.aem4f : BIOS.obj (.text:ti_sysbios_family_arm_lm4_Timer_startup__E)
                  00005318    00000040                   : BIOS.obj (.text:ti_sysbios_heaps_HeapMem_Instance_init__E)
                  00005358    0000003e     driverlib.lib : adc.obj (.text:ADCSequenceConfigure)
                  00005396    00000002     --HOLE-- [fill = 0]
                  00005398    0000003c     sysbios.aem4f : BIOS.obj (.text:ti_sysbios_family_arm_m3_Hwi_excSvCall__I)
                  000053d4    00000004     --HOLE-- [fill = 0]
                  000053d8    0000003c                   : BIOS.obj (.text:ti_sysbios_heaps_HeapMem_init__I)
                  00005414    00000004     --HOLE-- [fill = 0]
                  00005418    0000003c                   : BIOS.obj (.text:ti_sysbios_knl_Swi_restore__E)
                  00005454    00000038     drivers_tivaware.aem4f : PWM.oem4f (.text:PWM_init)
                  0000548c    00000038     driverlib.lib : sysctl.obj (.text:SysCtlPeripheralPresent)
                  000054c4    00000038     rtsv7M4_T_le_v4SPD16_eabi.lib : trgmsg.c.obj (.text:__TI_writemsg)
                  000054fc    00000004     --HOLE-- [fill = 0]
                  00005500    00000038     sysbios.aem4f : BIOS.obj (.text:ti_sysbios_family_arm_m3_Hwi_excNoIsr__I)
                  00005538    00000038                   : BIOS.obj (.text:ti_sysbios_knl_Task_processVitalTaskFlag__I)
                  00005570    00000038     ti.targets.arm.rtsarm.aem4f : SysMin.oem4f (.text:xdc_runtime_SysMin_putch__E)
                  000055a8    00000038                                 : System.oem4f (.text:xdc_runtime_System_atexit__E)
                  000055e0    00000034     EK_TM4C123GXL.obj (.text:EK_TM4C123GXL_initPWM)
                  00005614    00000034     driverlib.lib : sysctl.obj (.text:SysCtlPeripheralEnable)
                  00005648    00000034     rtsv7M4_T_le_v4SPD16_eabi.lib : trgmsg.c.obj (.text:__TI_readmsg)
                  0000567c    00000034     pwmled.obj (.text:leftmotorstart)
                  000056b0    00000034     pwmled.obj (.text:rightmotorstart)
                  000056e4    00000004     --HOLE-- [fill = 0]
                  000056e8    00000034     sysbios.aem4f : BIOS.obj (.text:ti_sysbios_family_arm_m3_Hwi_Instance_finalize__E)
                  0000571c    00000004     --HOLE-- [fill = 0]
                  00005720    00000034                   : BIOS.obj (.text:ti_sysbios_family_arm_m3_Hwi_excNmi__I)
                  00005754    00000004     --HOLE-- [fill = 0]
                  00005758    00000034                   : BIOS.obj (.text:ti_sysbios_hal_Hwi_checkStack)
                  0000578c    00000034     ti.targets.arm.rtsarm.aem4f : Core-label.oem4f (.text:xdc_runtime_Core_assignLabel__I)
                  000057c0    00000033                                 : Text.oem4f (.text:xdc_runtime_Text_printVisFxn__I)
                  000057f3    00000005     --HOLE-- [fill = 0]
                  000057f8    00000032     sysbios.aem4f : BIOS.obj (.text:ti_sysbios_hal_Hwi_initStack)
                  0000582a    00000002     --HOLE-- [fill = 0]
                  0000582c    00000030     EK_TM4C123GXL.obj (.text:EK_TM4C123GXL_initGPIO)
                  0000585c    00000030     drivers_tivaware.aem4f : PWMTiva.oem4f (.text:PWMTiva_init)
                  0000588c    00000030                            : PWM.oem4f (.text:PWM_open)
                  000058bc    00000030     pwmled.obj (.text:leftmotorfast)
                  000058ec    00000030     pwmled.obj (.text:leftmotorslow)
                  0000591c    00000030     pwmled.obj (.text:rightmotorfast)
                  0000594c    00000030     pwmled.obj (.text:rightmotorslow)
                  0000597c    00000030     pwmled_pem4f.oem4f (.text:ti_sysbios_BIOS_atExitFunc__I)
                  000059ac    00000004     --HOLE-- [fill = 0]
                  000059b0    00000030     sysbios.aem4f : BIOS.obj (.text:ti_sysbios_family_arm_lm4_Timer_stop__E)
                  000059e0    00000030                   : BIOS.obj (.text:ti_sysbios_family_arm_m3_TaskSupport_start__E)
                  00005a10    00000030     pwmled_pem4f.oem4f (.text:ti_sysbios_gates_GateHwi_Object__create__S)
                  00005a40    00000030     pwmled_pem4f.oem4f (.text:ti_sysbios_gates_GateMutex_Object__create__S)
                  00005a70    00000030     sysbios.aem4f : BIOS.obj (.text:ti_sysbios_gates_GateMutex_enter__E)
                  00005aa0    00000030     pwmled_pem4f.oem4f (.text:ti_sysbios_heaps_HeapMem_Object__create__S)
                  00005ad0    00000030     pwmled_pem4f.oem4f (.text:ti_sysbios_knl_Semaphore_construct)
                  00005b00    00000030     sysbios.aem4f : BIOS.obj (.text:ti_sysbios_knl_Semaphore_pendTimeout__I)
                  00005b30    00000030                   : BIOS.obj (.text:ti_sysbios_knl_Task_unblockI__E)
                  00005b60    00000030     ti.targets.arm.rtsarm.aem4f : SysMin.oem4f (.text:xdc_runtime_SysMin_abort__E)
                  00005b90    00000030                                 : System.oem4f (.text:xdc_runtime_System_processAtExit__E)
                  00005bc0    0000002e     driverlib.lib : adc.obj (.text:ADCIntStatus)
                  00005bee    0000002e     rtsv7M4_T_le_v4SPD16_eabi.lib : i_tofd_t2.asm.obj (.text)
                  00005c1c    0000002c     pwmled.obj (.text:leftmotorstop)
                  00005c48    0000002c     pwmled.obj (.text:rightmotorstop)
                  00005c74    0000002c     pwmled_pem4f.oem4f (.text:ti_sysbios_knl_Clock_doTick__I)
                  00005ca0    0000002c     pwmled_pem4f.oem4f (.text:ti_sysbios_knl_Queue_construct)
                  00005ccc    00000004     --HOLE-- [fill = 0]
                  00005cd0    0000002c     sysbios.aem4f : BIOS.obj (.text:ti_sysbios_knl_Task_restore__E)
                  00005cfc    0000002c     ti.targets.arm.rtsarm.aem4f : Text.oem4f (.text:xdc_runtime_Text_cordText__E)
                  00005d28    0000002a     driverlib.lib : gpio.obj (.text:GPIODirModeSet)
                  00005d52    0000002a     ti.targets.arm.rtsarm.aem4f : System.oem4f (.text:xdc_runtime_System_putchar__I)
                  00005d7c    00000028     pwmled.obj (.text:blue)
                  00005da4    00000028     pwmled.obj (.text:clear)
                  00005dcc    00000028     pwmled.obj (.text:green)
                  00005df4    00000028     pwmled.obj (.text:red)
                  00005e1c    00000004     --HOLE-- [fill = 0]
                  00005e20    00000028     sysbios.aem4f : BIOS.obj (.text:ti_sysbios_knl_Swi_Module_startup__E)
                  00005e48    00000028     pwmled.obj (.text:white)
                  00005e70    00000026     sysbios.aem4f : m3_Hwi_asm.obj (.text:ti_sysbios_family_arm_m3_Hwi_pendSV__I)
                  00005e96    00000026     ti.targets.arm.rtsarm.aem4f : System.oem4f (.text:xdc_runtime_System_avprintf__E)
                  00005ebc    00000024     uartstdio.obj (.text:UARTprintf)
                  00005ee0    00000024     pwmled_pem4f.oem4f (.text:ti_sysbios_BIOS_errorRaiseHook__I)
                  00005f04    00000024     pwmled_pem4f.oem4f (.text:ti_sysbios_BIOS_registerRTSLock__I)
                  00005f28    00000024     pwmled_pem4f.oem4f (.text:ti_sysbios_BIOS_removeRTSLock__I)
                  00005f4c    00000024     pwmled_pem4f.oem4f (.text:ti_sysbios_BIOS_startFunc__I)
                  00005f70    00000024     pwmled_pem4f.oem4f (.text:ti_sysbios_gates_GateMutex_Object__delete__S)
                  00005f94    00000004     --HOLE-- [fill = 0]
                  00005f98    00000024     sysbios.aem4f : BIOS.obj (.text:ti_sysbios_knl_Clock_Module_startup__E)
                  00005fbc    00000004     --HOLE-- [fill = 0]
                  00005fc0    00000024                   : BIOS.obj (.text:ti_sysbios_knl_Semaphore_Instance_init__E)
                  00005fe4    00000004     --HOLE-- [fill = 0]
                  00005fe8    00000024                   : BIOS.obj (.text:ti_sysbios_knl_Task_restoreHwi__E)
                  0000600c    00000024     ti.targets.arm.rtsarm.aem4f : System.oem4f (.text:xdc_runtime_System_vprintf__E)
                  00006030    00000022     driverlib.lib : pwm.obj (.text:PWMGenConfigure)
                  00006052    00000022     drivers_tivaware.aem4f : PWMTiva.oem4f (.text:PWMTiva_getPeriodCounts)
                  00006074    00000004     --HOLE-- [fill = 0]
                  00006078    00000022     sysbios.aem4f : BIOS.obj (.text:ti_sysbios_family_arm_lm4_Timer_write__I)
                  0000609a    00000022     pwmled_pem4f.oem4f (.text:xdc_runtime_SysMin_output__I)
                  000060bc    00000020     pwmled.obj (.text:getstring)
                  000060dc    00000020     rtsv7M4_T_le_v4SPD16_eabi.lib : u_tofd_t2.asm.obj (.text)
                  000060fc    00000020     pwmled_pem4f.oem4f (.text:ti_sysbios_BIOS_rtsLock__I)
                  0000611c    00000020     sysbios.aem4f : m3_Hwi_asm.obj (.text:ti_sysbios_family_arm_m3_Hwi_excHandlerAsm__I)
                  0000613c    00000004     --HOLE-- [fill = 0]
                  00006140    00000020                   : BIOS.obj (.text:ti_sysbios_family_arm_m3_Hwi_excHandler__I)
                  00006160    00000020     pwmled_pem4f.oem4f (.text:ti_sysbios_gates_GateHwi_Object__delete__S)
                  00006180    00000020     pwmled_pem4f.oem4f (.text:ti_sysbios_heaps_HeapMem_Object__delete__S)
                  000061a0    00000020     sysbios.aem4f : BIOS.obj (.text:ti_sysbios_knl_Idle_run__E)
                  000061c0    00000020     pwmled_pem4f.oem4f (.text:ti_sysbios_knl_Semaphore_Object__destruct__S)
                  000061e0    00000020     ti.targets.arm.rtsarm.aem4f : Registry.oem4f (.text:xdc_runtime_Registry_findById__E)
                  00006200    00000020                                 : SysMin.oem4f (.text:xdc_runtime_SysMin_Module_startup__E)
                  00006220    0000001e     driverlib.lib : adc.obj (.text:ADCSequenceDataGet)
                  0000623e    0000001e                   : pwm.obj (.text:PWMPulseWidthSet)
                  0000625c    0000001e     drivers_tivaware.aem4f : PWMTiva.oem4f (.text:PWMTiva_getPeriodMicroSecs)
                  0000627a    0000001e     sysbios.aem4f : m3_Hwi_asm_switch.obj (.text:ti_sysbios_family_xxx_Hwi_switchAndRunFunc)
                  00006298    0000001c     driverlib.lib : uart.obj (.text:UARTDisable)
                  000062b4    0000001c     drivers_tivaware.aem4f : GPIOTiva.oem4f (.text:getGpioIntIndex)
                  000062d0    0000001c     sysbios.aem4f : BIOS.obj (.text:ti_sysbios_gates_GateMutex_Instance_init__E)
                  000062ec    0000001c     pwmled_pem4f.oem4f (.text:ti_sysbios_knl_Queue_Object__destruct__S)
                  00006308    0000001c     sysbios.aem4f : BIOS.obj (.text:ti_sysbios_knl_Queue_put__E)
                  00006324    00000004     --HOLE-- [fill = 0]
                  00006328    0000001c                   : BIOS.obj (.text:ti_sysbios_knl_Task_enter__I)
                  00006344    0000001c     ti.targets.arm.rtsarm.aem4f : Error.oem4f (.text:xdc_runtime_Error_raiseX__E)
                  00006360    0000001c                                 : Memory.oem4f (.text:xdc_runtime_Memory_valloc__E)
                  0000637c    0000001c                                 : SysMin.oem4f (.text:xdc_runtime_SysMin_exit__E)
                  00006398    0000001c                                 : System.oem4f (.text:xdc_runtime_System_abort__E)
                  000063b4    0000001a     rtsv7M4_T_le_v4SPD16_eabi.lib : s_copysign.c.obj (.text:copysign)
                  000063ce    0000001a     pwmled_pem4f.oem4f (.text:ti_sysbios_family_arm_m3_Hwi_Handle__label__S)
                  000063e8    0000001a     pwmled_pem4f.oem4f (.text:ti_sysbios_gates_GateHwi_Handle__label__S)
                  00006402    0000001a     pwmled_pem4f.oem4f (.text:ti_sysbios_gates_GateMutex_Handle__label__S)
                  0000641c    0000001a     pwmled_pem4f.oem4f (.text:ti_sysbios_heaps_HeapMem_Handle__label__S)
                  00006436    0000001a     pwmled_pem4f.oem4f (.text:ti_sysbios_knl_Swi_Handle__label__S)
                  00006450    0000001a     pwmled_pem4f.oem4f (.text:ti_sysbios_knl_Task_Handle__label__S)
                  0000646a    0000001a     pwmled_pem4f.oem4f (.text:xdc_runtime_System_aprintf__E)
                  00006484    0000001a     pwmled_pem4f.oem4f (.text:xdc_runtime_System_printf__E)
                  0000649e    00000018     driverlib.lib : adc.obj (.text:ADCProcessorTrigger)
                  000064b6    00000002     --HOLE-- [fill = 0]
                  000064b8    00000018     rtsv7M4_T_le_v4SPD16_eabi.lib : args_main.c.obj (.text:_args_main)
                  000064d0    00000018                                   : strcmp.c.obj (.text:strcmp)
                  000064e8    00000018     pwmled_pem4f.oem4f (.text:ti_sysbios_BIOS_rtsUnlock__I)
                  00006500    00000018     pwmled_pem4f.oem4f (.text:ti_sysbios_family_arm_lm4_Timer_Module__startupDone__F)
                  00006518    00000018     pwmled_pem4f.oem4f (.text:ti_sysbios_family_arm_m3_Hwi_Module__startupDone__F)
                  00006530    00000018     sysbios.aem4f : m3_TaskSupport_asm.obj (.text:ti_sysbios_family_arm_m3_TaskSupport_swap__E)
                  00006548    00000018                   : BIOS.obj (.text:ti_sysbios_gates_GateMutex_leave__E)
                  00006560    00000018     ti.targets.arm.rtsarm.aem4f : Error.oem4f (.text:xdc_runtime_Error_check__E)
                  00006578    00000018                                 : System.oem4f (.text:xdc_runtime_System_exit__E)
                  00006590    00000018                                 : Text.oem4f (.text:xdc_runtime_Text_ropeText__E)
                  000065a8    00000016     pwmled_pem4f.oem4f (.text:ti_sysbios_BIOS_exitFunc__I)
                  000065be    00000002     --HOLE-- [fill = 0]
                  000065c0    00000014     driverlib.lib : pwm.obj (.text:PWMClockSet)
                  000065d4    00000014                   : sysctl.obj (.text:SysCtlPWMClockSet)
                  000065e8    00000014                   : uart.obj (.text:UARTEnable)
                  000065fc    00000014     rtsv7M4_T_le_v4SPD16_eabi.lib : strlen.c.obj (.text:strlen)
                  00006610    00000014     pwmled_pem4f.oem4f (.text:ti_sysbios_family_arm_m3_Hwi_Object__get__S)
                  00006624    00000004     --HOLE-- [fill = 0]
                  00006628    00000014     sysbios.aem4f : BIOS.obj (.text:ti_sysbios_family_arm_m3_Hwi_switchFromBootStack__E)
                  0000663c    00000014     pwmled_pem4f.oem4f (.text:ti_sysbios_heaps_HeapMem_Object__get__S)
                  00006650    00000014     pwmled_pem4f.oem4f (.text:ti_sysbios_knl_Swi_Object__get__S)
                  00006664    00000012     driverlib.lib : gpio.obj (.text:GPIOPinTypeADC)
                  00006676    00000012                   : gpio.obj (.text:GPIOPinTypeGPIOInput)
                  00006688    00000012                   : gpio.obj (.text:GPIOPinTypePWM)
                  0000669a    00000012                   : gpio.obj (.text:GPIOPinTypeUART)
                  000066ac    00000012                   : pwm.obj (.text:PWMGenPeriodGet)
                  000066be    00000012                   : pwm.obj (.text:PWMOutputInvert)
                  000066d0    00000012                   : pwm.obj (.text:PWMOutputState)
                  000066e2    00000006                   : gpio.obj (.text:GPIOPinWrite)
                  000066e8    00000012     sysbios.aem4f : BIOS.obj (.text:ti_sysbios_hal_Hwi_Module_startup__E)
                  000066fa    00000012     pwmled_pem4f.oem4f (.text:xdc_runtime_Startup_exec__I)
                  0000670c    00000010     driverlib.lib : pwm.obj (.text:PWMGenPeriodSet)
                  0000671c    00000010     drivers_tivaware.aem4f : PWM.oem4f (.text:PWM_Params_init)
                  0000672c    00000004     --HOLE-- [fill = 0]
                  00006730    00000010     sysbios.aem4f : BIOS.obj (.text:ti_sysbios_BIOS_getCpuFreq__E)
                  00006740    00000010                   : BIOS.obj (.text:ti_sysbios_BIOS_setThreadType__E)
                  00006750    00000010                   : m3_TaskSupport_asm.obj (.text:ti_sysbios_family_arm_m3_TaskSupport_glue)
                  00006760    00000010                   : BIOS.obj (.text:ti_sysbios_gates_GateMutex_Instance_finalize__E)
                  00006770    00000010                   : BIOS.obj (.text:ti_sysbios_knl_Semaphore_Instance_finalize__E)
                  00006780    00000010                   : BIOS.obj (.text:ti_sysbios_knl_Swi_disable__E)
                  00006790    00000010     pwmled_pem4f.oem4f (.text:ti_sysbios_knl_Task_Object__get__S)
                  000067a0    00000010     sysbios.aem4f : BIOS.obj (.text:ti_sysbios_knl_Task_disable__E)
                  000067b0    00000010     ti.targets.arm.rtsarm.aem4f : Gate.oem4f (.text:xdc_runtime_Gate_leaveSystem__E)
                  000067c0    00000010                                 : Memory.oem4f (.text:xdc_runtime_Memory_free__E)
                  000067d0    00000010                                 : SysMin.oem4f (.text:xdc_runtime_SysMin_ready__E)
                  000067e0    00000010                                 : System.oem4f (.text:xdc_runtime_System_vsnprintf__E)
                  000067f0    00000010     pwmled_pem4f.oem4f (.text:xdc_runtime_Text_visitRope__I)
                  00006800    0000000e     driverlib.lib : adc.obj (.text:ADCSequenceEnable)
                  0000680e    0000000e                   : gpio.obj (.text:GPIOIntStatus)
                  0000681c    0000000e     rtsv7M4_T_le_v4SPD16_eabi.lib : copy_decompress_none.c.obj (.text:decompress:none:__TI_decompress_none)
                  0000682a    00000006     driverlib.lib : sysctl.obj (.text:SysCtlDelay)
                  00006830    0000000e     sysbios.aem4f : BIOS.obj (.text:ti_sysbios_knl_Idle_loop__E)
                  0000683e    00000002     --HOLE-- [fill = 0]
                  00006840    0000000e                   : BIOS.obj (.text:ti_sysbios_knl_Queue_empty__E)
                  0000684e    00000002     --HOLE-- [fill = 0]
                  00006850    0000000c     pwmled_pem4f.oem4f (.text:.bootCodeSection:ti_catalog_arm_cortexm4_tiva_ce_Boot_init__I)
                  0000685c    0000000c     driverlib.lib : pwm.obj (.text:PWMGenDisable)
                  00006868    0000000c                   : pwm.obj (.text:PWMGenEnable)
                  00006874    0000000c     rtsv7M4_T_le_v4SPD16_eabi.lib : _lock.c.obj (.text:_register_lock)
                  00006880    0000000c                                   : _lock.c.obj (.text:_register_unlock)
                  0000688c    0000000c                                   : copy_zero_init.c.obj (.text:decompress:ZI:__TI_zero_init)
                  00006898    0000000c     sysbios.aem4f : BIOS.obj (.text:ti_sysbios_family_arm_lm4_Timer_getMaxTicks__E)
                  000068a4    0000000c     pwmled_pem4f.oem4f (.text:ti_sysbios_family_arm_m3_Hwi_Params__init__S)
                  000068b0    0000000c     sysbios.aem4f : BIOS.obj (.text:ti_sysbios_family_arm_m3_Hwi_disableFxn__E)
                  000068bc    00000004     --HOLE-- [fill = 0]
                  000068c0    0000000c                   : BIOS.obj (.text:ti_sysbios_family_arm_m3_TaskSupport_checkStack__E)
                  000068cc    00000004     --HOLE-- [fill = 0]
                  000068d0    0000000c                   : BIOS.obj (.text:ti_sysbios_gates_GateHwi_enter__E)
                  000068dc    0000000c     pwmled_pem4f.oem4f (.text:ti_sysbios_knl_Queue_Object__get__S)
                  000068e8    0000000c     ti.targets.arm.rtsarm.aem4f : Error.oem4f (.text:xdc_runtime_Error_init__E)
                  000068f4    0000000c                                 : Gate.oem4f (.text:xdc_runtime_Gate_enterSystem__E)
                  00006900    0000000c                                 : Memory.oem4f (.text:xdc_runtime_Memory_calloc__E)
                  0000690c    0000000c                                 : Memory.oem4f (.text:xdc_runtime_Memory_getMaxDefaultTypeAlign__E)
                  00006918    0000000a     driverlib.lib : adc.obj (.text:ADCIntClear)
                  00006922    0000000a     drivers_tivaware.aem4f : PWM.oem4f (.text:PWM_close)
                  0000692c    0000000a                            : PWM.oem4f (.text:PWM_setDuty)
                  00006936    0000000a     driverlib.lib : uart.obj (.text:UARTCharGet)
                  00006940    0000000a                   : uart.obj (.text:UARTCharPut)
                  0000694a    0000000a     pwmled_pem4f.oem4f (.text:xdc_runtime_IHeap_alloc)
                  00006954    0000000a     pwmled_pem4f.oem4f (.text:xdc_runtime_IHeap_free)
                  0000695e    00000002     --HOLE-- [fill = 0]
                  00006960    00000008     rtsv7M4_T_le_v4SPD16_eabi.lib : errno.c.obj (.text:__aeabi_errno_addr)
                  00006968    00000008     sysbios.aem4f : BIOS.obj (.text:ti_sysbios_family_arm_lm4_Timer_masterDisable__I)
                  00006970    00000008                   : BIOS.obj (.text:ti_sysbios_family_arm_m3_Hwi_doSwiRestore__I)
                  00006978    00000008                   : BIOS.obj (.text:ti_sysbios_family_arm_m3_Hwi_startup__E)
                  00006980    00000006     driverlib.lib : uart.obj (.text:UARTClockSourceSet)
                  00006986    00000006     Boot.aem4f : Boot_sysctl.oem4f (.text:ti_catalog_arm_cortexm4_tiva_ce_Boot_sysCtlDelayI__I)
                  0000698c    00000004     --HOLE-- [fill = 0]
                  00006990    00000006     sysbios.aem4f : BIOS.obj (.text:ti_sysbios_family_arm_m3_Hwi_doTaskRestore__I)
                  00006996    00000002     --HOLE-- [fill = 0]
                  00006998    00000006                   : BIOS.obj (.text:ti_sysbios_family_arm_m3_Hwi_restoreFxn__E)
                  0000699e    00000002     --HOLE-- [fill = 0]
                  000069a0    00000006                   : BIOS.obj (.text:ti_sysbios_gates_GateHwi_leave__E)
                  000069a6    00000002     --HOLE-- [fill = 0]
                  000069a8    00000006                   : BIOS.obj (.text:ti_sysbios_heaps_HeapMem_isBlocking__E)
                  000069ae    00000002     --HOLE-- [fill = 0]
                  000069b0    00000006                   : BIOS.obj (.text:ti_sysbios_knl_Queue_Instance_init__E)
                  000069b6    00000002     --HOLE-- [fill = 0]
                  000069b8    00000006                   : BIOS.obj (.text:ti_sysbios_knl_Swi_startup__E)
                  000069be    00000006     ti.targets.arm.rtsarm.aem4f : System.oem4f (.text:xdc_runtime_System_Module_startup__E)
                  000069c4    00000004     --HOLE-- [fill = 0]
                  000069c8    00000004     sysbios.aem4f : BIOS.obj (.text:ti_sysbios_gates_GateHwi_query__E)
                  000069cc    00000004     --HOLE-- [fill = 0]
                  000069d0    00000004                   : BIOS.obj (.text:ti_sysbios_gates_GateMutex_query__E)
                  000069d4    00000004     --HOLE-- [fill = 0]
                  000069d8    00000004                   : BIOS.obj (.text:ti_sysbios_knl_Task_startup__E)
                  000069dc    00000004     --HOLE-- [fill = 0]
                  000069e0    00000002                   : BIOS.obj (.text:ti_sysbios_gates_GateHwi_Instance_init__E)
                  000069e2    00000006     --HOLE-- [fill = 0]
                  000069e8    00000002                   : BIOS.obj (.text:ti_sysbios_knl_Clock_logTick__E)

.const     0    000069f0    00001f74     
                  000069f0    00001861     pwmled_pem4f.oem4f (.const:xdc_runtime_Text_charTab__A)
                  00008251    00000001     pwmled_pem4f.oem4f (.const:xdc_runtime_Error_policy__C)
                  00008252    000000bc     pwmled_pem4f.oem4f (.const:xdc_runtime_Text_nodeTab__A)
                  0000830e    00000002     pwmled_pem4f.oem4f (.const:ti_catalog_arm_cortexm4_tiva_ce_Boot_Module__id__C)
                  00008310    00000090     driverlib.lib : gpio.obj (.const:g_pui32GPIOBaseAddrs)
                  000083a0    0000006c                   : sysctl.obj (.const:g_pui32Xtals)
                  0000840c    00000054     drivers_tivaware.aem4f : GPIOTiva.oem4f (.const:.string)
                  00008460    00000048     pwmled_pem4f.oem4f (.const:.string)
                  000084a8    00000048     drivers_tivaware.aem4f : GPIOTiva.oem4f (.const:gpioBaseAddresses)
                  000084f0    00000030     rtsv7M4_T_le_v4SPD16_eabi.lib : e_pow.c.obj (.const:$O1$$)
                  00008520    00000030     pwmled_pem4f.oem4f (.const:ti_sysbios_family_arm_m3_Hwi_Object__PARAMS__C)
                  00008550    00000028     pwmled_pem4f.oem4f (.const:ti_sysbios_heaps_HeapMem_Module__FXNS__C)
                  00008578    00000024     EK_TM4C123GXL.obj (.const:PWM_config)
                  0000859c    00000024     pwmled_pem4f.oem4f (.const:ti_sysbios_gates_GateHwi_Module__FXNS__C)
                  000085c0    00000024     pwmled_pem4f.oem4f (.const:ti_sysbios_gates_GateMutex_Module__FXNS__C)
                  000085e4    00000024     pwmled_pem4f.oem4f (.const:ti_sysbios_heaps_HeapMem_Object__PARAMS__C)
                  00008608    00000024     pwmled_pem4f.oem4f (.const:ti_sysbios_knl_Semaphore_Object__PARAMS__C)
                  0000862c    00000020     drivers_tivaware.aem4f : PWMTiva.oem4f (.const)
                  0000864c    00000020     pwmled_pem4f.oem4f (.const:ti_sysbios_family_arm_m3_Hwi_Object__DESC__C)
                  0000866c    00000020     pwmled_pem4f.oem4f (.const:ti_sysbios_gates_GateHwi_Object__DESC__C)
                  0000868c    00000020     pwmled_pem4f.oem4f (.const:ti_sysbios_gates_GateMutex_Object__DESC__C)
                  000086ac    00000020     pwmled_pem4f.oem4f (.const:ti_sysbios_heaps_HeapMem_Object__DESC__C)
                  000086cc    00000020     pwmled_pem4f.oem4f (.const:ti_sysbios_knl_Queue_Object__DESC__C)
                  000086ec    00000020     pwmled_pem4f.oem4f (.const:ti_sysbios_knl_Semaphore_Object__DESC__C)
                  0000870c    00000020     pwmled_pem4f.oem4f (.const:xdc_runtime_Startup_sfxnTab__A)
                  0000872c    00000018     EK_TM4C123GXL.obj (.const:pwmTivaHWAttrs)
                  00008744    00000018     pwmled_pem4f.oem4f (.const:ti_sysbios_gates_GateHwi_Object__PARAMS__C)
                  0000875c    00000018     pwmled_pem4f.oem4f (.const:ti_sysbios_gates_GateMutex_Object__PARAMS__C)
                  00008774    00000018     pwmled_pem4f.oem4f (.const:ti_sysbios_knl_Queue_Object__PARAMS__C)
                  0000878c    00000014     EK_TM4C123GXL.obj (.const:GPIOTiva_config)
                  000087a0    00000014     pwmled_pem4f.oem4f (.const:xdc_runtime_Startup_firstFxns__A)
                  000087b4    00000012     uartstdio.obj (.const:.string)
                  000087c6    00000010     pwmled_pem4f.oem4f (.const:xdc_runtime_Startup_sfxnRts__A)
                  000087d6    00000002     pwmled_pem4f.oem4f (.const:ti_sysbios_family_arm_m3_Hwi_Module__id__C)
                  000087d8    0000000c     drivers_tivaware.aem4f : PWM.oem4f (.const)
                  000087e4    0000000c     uartstdio.obj (.const:g_ui32UARTBase)
                  000087f0    0000000c     uartstdio.obj (.const:g_ui32UARTPeriph)
                  000087fc    00000008     pwmled_pem4f.oem4f (.const:ti_sysbios_family_arm_m3_Hwi_excHookFuncs__A)
                  00008804    00000008     pwmled_pem4f.oem4f (.const:ti_sysbios_knl_Idle_funcList__C)
                  0000880c    00000008     pwmled_pem4f.oem4f (.const:xdc_runtime_Startup_firstFxns__C)
                  00008814    00000008     pwmled_pem4f.oem4f (.const:xdc_runtime_Startup_lastFxns__C)
                  0000881c    00000004     pwmled_pem4f.oem4f (.const:ti_catalog_arm_cortexm4_tiva_ce_Boot_A_mustUseEnhancedClockMode__C)
                  00008820    00000004     pwmled_pem4f.oem4f (.const:ti_catalog_arm_cortexm4_tiva_ce_Boot_Module__diagsEnabled__C)
                  00008824    00000004     pwmled_pem4f.oem4f (.const:ti_catalog_arm_cortexm4_tiva_ce_Boot_Module__diagsIncluded__C)
                  00008828    00000004     pwmled_pem4f.oem4f (.const:ti_catalog_arm_cortexm4_tiva_ce_Boot_Module__diagsMask__C)
                  0000882c    00000004     pwmled_pem4f.oem4f (.const:ti_sysbios_family_arm_lm4_Timer_enableFunc__C)
                  00008830    00000004     pwmled_pem4f.oem4f (.const:ti_sysbios_family_arm_lm4_Timer_numTimerDevices__C)
                  00008834    00000004     pwmled_pem4f.oem4f (.const:ti_sysbios_family_arm_lm4_Timer_startupNeeded__C)
                  00008838    00000004     pwmled_pem4f.oem4f (.const:ti_sysbios_family_arm_m3_Hwi_E_NMI__C)
                  0000883c    00000004     pwmled_pem4f.oem4f (.const:ti_sysbios_family_arm_m3_Hwi_E_alreadyDefined__C)
                  00008840    00000004     pwmled_pem4f.oem4f (.const:ti_sysbios_family_arm_m3_Hwi_E_busFault__C)
                  00008844    00000004     pwmled_pem4f.oem4f (.const:ti_sysbios_family_arm_m3_Hwi_E_debugMon__C)
                  00008848    00000004     pwmled_pem4f.oem4f (.const:ti_sysbios_family_arm_m3_Hwi_E_hardFault__C)
                  0000884c    00000004     pwmled_pem4f.oem4f (.const:ti_sysbios_family_arm_m3_Hwi_E_memFault__C)
                  00008850    00000004     pwmled_pem4f.oem4f (.const:ti_sysbios_family_arm_m3_Hwi_E_noIsr__C)
                  00008854    00000004     pwmled_pem4f.oem4f (.const:ti_sysbios_family_arm_m3_Hwi_E_reserved__C)
                  00008858    00000004     pwmled_pem4f.oem4f (.const:ti_sysbios_family_arm_m3_Hwi_E_svCall__C)
                  0000885c    00000004     pwmled_pem4f.oem4f (.const:ti_sysbios_family_arm_m3_Hwi_E_usageFault__C)
                  00008860    00000004     pwmled_pem4f.oem4f (.const:ti_sysbios_family_arm_m3_Hwi_NUM_INTERRUPTS__C)
                  00008864    00000004     pwmled_pem4f.oem4f (.const:ti_sysbios_family_arm_m3_Hwi_Object__count__C)
                  00008868    00000004     pwmled_pem4f.oem4f (.const:ti_sysbios_family_arm_m3_Hwi_ccr__C)
                  0000886c    00000004     pwmled_pem4f.oem4f (.const:ti_sysbios_family_arm_m3_Hwi_excHandlerFunc__C)
                  00008870    00000004     pwmled_pem4f.oem4f (.const:ti_sysbios_family_arm_m3_Hwi_excHookFuncs__C)
                  00008874    00000004     pwmled_pem4f.oem4f (.const:ti_sysbios_family_arm_m3_Hwi_nullIsrFunc__C)
                  00008878    00000004     pwmled_pem4f.oem4f (.const:ti_sysbios_family_arm_m3_Hwi_priGroup__C)
                  0000887c    00000004     pwmled_pem4f.oem4f (.const:ti_sysbios_gates_GateMutex_Instance_State_sem__O)
                  00008880    00000004     pwmled_pem4f.oem4f (.const:ti_sysbios_hal_Hwi_E_stackOverflow__C)
                  00008884    00000004     pwmled_pem4f.oem4f (.const:ti_sysbios_heaps_HeapMem_E_memory__C)
                  00008888    00000004     pwmled_pem4f.oem4f (.const:ti_sysbios_heaps_HeapMem_Module__gateObj__C)
                  0000888c    00000004     pwmled_pem4f.oem4f (.const:ti_sysbios_heaps_HeapMem_Object__count__C)
                  00008890    00000004     pwmled_pem4f.oem4f (.const:ti_sysbios_heaps_HeapMem_reqAlign__C)
                  00008894    00000004     pwmled_pem4f.oem4f (.const:ti_sysbios_knl_Clock_Module_State_clockQ__O)
                  00008898    00000004     pwmled_pem4f.oem4f (.const:ti_sysbios_knl_Idle_funcList__A)
                  0000889c    00000004     pwmled_pem4f.oem4f (.const:ti_sysbios_knl_Semaphore_Instance_State_pendQ__O)
                  000088a0    00000004     pwmled_pem4f.oem4f (.const:ti_sysbios_knl_Swi_Object__count__C)
                  000088a4    00000004     pwmled_pem4f.oem4f (.const:ti_sysbios_knl_Task_E_spOutOfBounds__C)
                  000088a8    00000004     pwmled_pem4f.oem4f (.const:ti_sysbios_knl_Task_E_stackOverflow__C)
                  000088ac    00000004     pwmled_pem4f.oem4f (.const:ti_sysbios_knl_Task_Module_State_inactiveQ__O)
                  000088b0    00000004     pwmled_pem4f.oem4f (.const:ti_sysbios_knl_Task_Object__count__C)
                  000088b4    00000004     pwmled_pem4f.oem4f (.const:ti_sysbios_knl_Task_allBlockedFunc__C)
                  000088b8    00000004     pwmled_pem4f.oem4f (.const:ti_sysbios_knl_Task_numConstructedTasks__C)
                  000088bc    00000004     uartstdio.obj (.const)
                  000088c0    00000004     pwmled_pem4f.oem4f (.const:xdc_runtime_Assert_E_assertFailed__C)
                  000088c4    00000004     pwmled_pem4f.oem4f (.const:xdc_runtime_Core_A_initializedParams__C)
                  000088c8    00000004     pwmled_pem4f.oem4f (.const:xdc_runtime_Core_Module__diagsEnabled__C)
                  000088cc    00000004     pwmled_pem4f.oem4f (.const:xdc_runtime_Core_Module__diagsIncluded__C)
                  000088d0    00000004     pwmled_pem4f.oem4f (.const:xdc_runtime_Core_Module__diagsMask__C)
                  000088d4    00000004     pwmled_pem4f.oem4f (.const:xdc_runtime_Error_E_memory__C)
                  000088d8    00000004     pwmled_pem4f.oem4f (.const:xdc_runtime_Error_Module__diagsEnabled__C)
                  000088dc    00000004     pwmled_pem4f.oem4f (.const:xdc_runtime_Error_Module__diagsIncluded__C)
                  000088e0    00000004     pwmled_pem4f.oem4f (.const:xdc_runtime_Error_Module__diagsMask__C)
                  000088e4    00000004     pwmled_pem4f.oem4f (.const:xdc_runtime_Error_Module__loggerFxn8__C)
                  000088e8    00000004     pwmled_pem4f.oem4f (.const:xdc_runtime_Error_Module__loggerObj__C)
                  000088ec    00000004     pwmled_pem4f.oem4f (.const:xdc_runtime_Error_policyFxn__C)
                  000088f0    00000004     pwmled_pem4f.oem4f (.const:xdc_runtime_Error_raiseHook__C)
                  000088f4    00000004     pwmled_pem4f.oem4f (.const:xdc_runtime_IGateProvider_Interface__BASE__C)
                  000088f8    00000004     pwmled_pem4f.oem4f (.const:xdc_runtime_IHeap_Interface__BASE__C)
                  000088fc    00000004     pwmled_pem4f.oem4f (.const:xdc_runtime_IModule_Interface__BASE__C)
                  00008900    00000004     pwmled_pem4f.oem4f (.const:xdc_runtime_Log_L_error__C)
                  00008904    00000004     pwmled_pem4f.oem4f (.const:xdc_runtime_Memory_defaultHeapInstance__C)
                  00008908    00000004     pwmled_pem4f.oem4f (.const:xdc_runtime_Startup_execImpl__C)
                  0000890c    00000004     pwmled_pem4f.oem4f (.const:xdc_runtime_Startup_maxPasses__C)
                  00008910    00000004     pwmled_pem4f.oem4f (.const:xdc_runtime_Startup_sfxnRts__C)
                  00008914    00000004     pwmled_pem4f.oem4f (.const:xdc_runtime_Startup_sfxnTab__C)
                  00008918    00000004     pwmled_pem4f.oem4f (.const:xdc_runtime_SysMin_bufSize__C)
                  0000891c    00000004     pwmled_pem4f.oem4f (.const:xdc_runtime_SysMin_outputFunc__C)
                  00008920    00000004     pwmled_pem4f.oem4f (.const:xdc_runtime_System_Module__gateObj__C)
                  00008924    00000004     pwmled_pem4f.oem4f (.const:xdc_runtime_System_abortFxn__C)
                  00008928    00000004     pwmled_pem4f.oem4f (.const:xdc_runtime_System_exitFxn__C)
                  0000892c    00000004     pwmled_pem4f.oem4f (.const:xdc_runtime_System_extendFxn__C)
                  00008930    00000004     pwmled_pem4f.oem4f (.const:xdc_runtime_System_maxAtexitHandlers__C)
                  00008934    00000004     pwmled_pem4f.oem4f (.const:xdc_runtime_Text_charTab__C)
                  00008938    00000004     pwmled_pem4f.oem4f (.const:xdc_runtime_Text_nameEmpty__C)
                  0000893c    00000004     pwmled_pem4f.oem4f (.const:xdc_runtime_Text_nameStatic__C)
                  00008940    00000004     pwmled_pem4f.oem4f (.const:xdc_runtime_Text_nameUnknown__C)
                  00008944    00000004     pwmled_pem4f.oem4f (.const:xdc_runtime_Text_nodeTab__C)
                  00008948    00000004     pwmled_pem4f.oem4f (.const:xdc_runtime_Text_visitRopeFxn__C)
                  0000894c    00000002     pwmled_pem4f.oem4f (.const:ti_sysbios_hal_Hwi_Module__id__C)
                  0000894e    00000002     pwmled_pem4f.oem4f (.const:ti_sysbios_heaps_HeapMem_Module__id__C)
                  00008950    00000002     pwmled_pem4f.oem4f (.const:ti_sysbios_knl_Task_Module__id__C)
                  00008952    00000002     pwmled_pem4f.oem4f (.const:xdc_runtime_Core_Module__id__C)
                  00008954    00000002     pwmled_pem4f.oem4f (.const:xdc_runtime_Error_Module__loggerDefined__C)
                  00008956    00000002     pwmled_pem4f.oem4f (.const:xdc_runtime_Error_maxDepth__C)
                  00008958    00000002     pwmled_pem4f.oem4f (.const:xdc_runtime_Memory_Module__id__C)
                  0000895a    00000002     pwmled_pem4f.oem4f (.const:xdc_runtime_SysMin_flushAtExit__C)
                  0000895c    00000002     pwmled_pem4f.oem4f (.const:xdc_runtime_Text_charCnt__C)
                  0000895e    00000002     pwmled_pem4f.oem4f (.const:xdc_runtime_Text_isLoaded__C)
                  00008960    00000002     pwmled_pem4f.oem4f (.const:xdc_runtime_Text_registryModsLastId__C)
                  00008962    00000002     pwmled_pem4f.oem4f (.const:xdc_runtime_Text_unnamedModsLastId__C)

.cinit     0    00008968    00000268     
                  00008968    00000230     (.cinit..data.load) [load image, compression = lzss]
                  00008b98    0000000c     (__TI_handler_table)
                  00008ba4    00000004     --HOLE-- [fill = 0]
                  00008ba8    00000008     (.cinit..bss.load) [load image, compression = zero_init]
                  00008bb0    00000008     (.cinit..vecs.load) [load image, compression = zero_init]
                  00008bb8    00000018     (__TI_cinit_table)

.init_array 
*          0    00000000    00000000     UNINITIALIZED

.resetVecs 
*          0    00000000    0000003c     
                  00000000    0000003c     pwmled_pem4f.oem4f (.resetVecs)

.bss       0    20000360    00000bc0     UNINITIALIZED
                  20000360    00000400     (.common:ti_sysbios_heaps_HeapMem_Instance_State_0_buf__A)
                  20000760    00000360     (.common:ti_sysbios_family_arm_m3_Hwi_dispatchTable)
                  20000ac0    00000200     pwmled_pem4f.oem4f (.bss:taskStackSection)
                  20000cc0    00000120     rtsv7M4_T_le_v4SPD16_eabi.lib : trgmsg.c.obj (.bss:_CIOBUF_)
                  20000de0    00000090     drivers_tivaware.aem4f : GPIOTiva.oem4f (.bss:gpioCallbackInfo)
                  20000e70    00000080     (.common:xdc_runtime_SysMin_Module_State_0_outbuf__A)
                  20000ef0    00000010     (.common:pwmTivaObjects)
                  20000f00    0000000c     (.common:params)
                  20000f0c    00000008     (.common:parmbuf)
                  20000f14    00000004     (.common:gpioInterruptVectors)
                  20000f18    00000004     (.common:motor1)
                  20000f1c    00000004     (.common:motor2)

.data      0    20000f20    000004ec     UNINITIALIZED
                  20000f20    000000c8     pwmled.obj (.data:LUT)
                  20000fe8    00000080     pwmled_pem4f.oem4f (.data:ti_sysbios_knl_Swi_Module_State_0_readyQ__A)
                  20001068    00000080     pwmled_pem4f.oem4f (.data:ti_sysbios_knl_Task_Module_State_0_readyQ__A)
                  200010e8    0000004c     pwmled_pem4f.oem4f (.data:ti_sysbios_knl_Task_Object__table__V)
                  20001134    00000044     pwmled_pem4f.oem4f (.data:ti_sysbios_knl_Task_Module__state__V)
                  20001178    00000040     pwmled_pem4f.oem4f (.data:ti_sysbios_family_arm_lm4_Timer_Object__table__V)
                  200011b8    00000038     pwmled_pem4f.oem4f (.data:ti_sysbios_gates_GateMutex_Object__table__V)
                  200011f0    00000034     pwmled_pem4f.oem4f (.data:ti_sysbios_family_arm_m3_Hwi_Module__state__V)
                  20001224    00000030     pwmled_pem4f.oem4f (.data:ti_sysbios_family_arm_lm4_Timer_Module_State_0_device__A)
                  20001254    00000030     pwmled_pem4f.oem4f (.data:ti_sysbios_knl_Swi_Object__table__V)
                  20001284    0000002c     pwmled_pem4f.oem4f (.data:ti_sysbios_knl_Clock_Module__state__V)
                  200012b0    00000024     pwmled_pem4f.oem4f (.data:ti_sysbios_BIOS_Module__state__V)
                  200012d4    0000001c     pwmled_pem4f.oem4f (.data:ti_sysbios_knl_Swi_Module__state__V)
                  200012f0    00000018     drivers_tivaware.aem4f : PWMTiva.oem4f (.data)
                  20001308    00000018     pwmled_pem4f.oem4f (.data:ti_sysbios_family_arm_lm4_Timer_Module_State_0_handles__A)
                  20001320    00000018     pwmled_pem4f.oem4f (.data:ti_sysbios_family_arm_m3_Hwi_Object__table__V)
                  20001338    00000018     pwmled_pem4f.oem4f (.data:ti_sysbios_heaps_HeapMem_Object__table__V)
                  20001350    00000014     EK_TM4C123GXL.obj (.data:gpioPinConfigs)
                  20001364    0000000c     pwmled_pem4f.oem4f (.data:ti_sysbios_family_arm_lm4_Timer_Module__state__V)
                  20001370    0000000c     pwmled_pem4f.oem4f (.data:xdc_runtime_SysMin_Module__state__V)
                  2000137c    00000008     rtsv7M4_T_le_v4SPD16_eabi.lib : _lock.c.obj (.data:$O1$$)
                  20001384    00000008     EK_TM4C123GXL.obj (.data:gpioCallbackFunctions)
                  2000138c    00000008     pwmled_pem4f.oem4f (.data:ti_sysbios_family_arm_m3_Hwi_Module__root__V)
                  20001394    00000008     pwmled_pem4f.oem4f (.data:ti_sysbios_gates_GateHwi_Module__root__V)
                  2000139c    00000008     pwmled_pem4f.oem4f (.data:ti_sysbios_gates_GateMutex_Module__root__V)
                  200013a4    00000008     pwmled_pem4f.oem4f (.data:ti_sysbios_heaps_HeapMem_Module__root__V)
                  200013ac    00000008     pwmled_pem4f.oem4f (.data:ti_sysbios_knl_Queue_Module__root__V)
                  200013b4    00000008     pwmled_pem4f.oem4f (.data:ti_sysbios_knl_Semaphore_Module__root__V)
                  200013bc    00000008     pwmled_pem4f.oem4f (.data:xdc_runtime_Registry_Module__state__V)
                  200013c4    00000008     pwmled_pem4f.oem4f (.data:xdc_runtime_Startup_Module__state__V)
                  200013cc    00000008     pwmled_pem4f.oem4f (.data:xdc_runtime_System_Module_State_0_atexitHandlers__A)
                  200013d4    00000008     pwmled_pem4f.oem4f (.data:xdc_runtime_System_Module__state__V)
                  200013dc    00000005     drivers_tivaware.aem4f : GPIOTiva.oem4f (.data)
                  200013e1    00000001     --HOLE--
                  200013e2    00000002     pwmled_pem4f.oem4f (.data:ti_sysbios_family_arm_m3_Hwi_Module_State_0_excActive__A)
                  200013e4    00000005     uartstdio.obj (.data)
                  200013e9    00000001     --HOLE--
                  200013ea    00000002     pwmled_pem4f.oem4f (.data:xdc_runtime_Error_Module__state__V)
                  200013ec    00000004     drivers_tivaware.aem4f : PWM.oem4f (.data)
                  200013f0    00000004     rtsv7M4_T_le_v4SPD16_eabi.lib : errno.c.obj (.data)
                  200013f4    00000004                                   : stkdepth_vars.c.obj (.data)
                  200013f8    00000004     pwmled_pem4f.oem4f (.data:ti_sysbios_family_arm_m3_Hwi_Module_State_0_excContext__A)
                  200013fc    00000004     pwmled_pem4f.oem4f (.data:ti_sysbios_family_arm_m3_Hwi_Module_State_0_excStack__A)
                  20001400    00000004     pwmled_pem4f.oem4f (.data:ti_sysbios_gates_GateHwi_Object__table__V)
                  20001404    00000004     pwmled_pem4f.oem4f (.data:ti_sysbios_knl_Task_Module_State_0_idleTask__A)
                  20001408    00000004     pwmled_pem4f.oem4f (.data:xdc_runtime_Memory_Module__state__V)

.stack     0    20001410    00000300     UNINITIALIZED
                  20001410    00000300     --HOLE--

.bootVecs 
*          0    00000000    00000008     DSECT
                  00000000    00000008     boot.aem4f : boot.oem4f (.bootVecs)

.vecs      0    20000000    00000360     UNINITIALIZED
                  20000000    00000360     pwmled_pem4f.oem4f (.vecs)

xdc.meta   0    00000000    000000f6     COPY SECTION
                  00000000    000000f6     pwmled_pem4f.oem4f (xdc.meta)

__llvm_prf_cnts 
*          0    20000000    00000000     UNINITIALIZED

MODULE SUMMARY

       Module                       code    ro data   rw data
       ------                       ----    -------   -------
    .\
       pwmled.obj                   1386    0         220    
       uartstdio.obj                976     46        5      
       EK_TM4C123GXL.obj            164     80        44     
    +--+----------------------------+-------+---------+---------+
       Total:                       2526    126       269    
                                                             
    C:\Users\Zachary\Documents\GitHub\robot-operator\PWM Example\Debug\configPkg\package\cfg\
       pwmled_pem4f.oem4f           1558    7486      4368   
    +--+----------------------------+-------+---------+---------+
       Total:                       1558    7486      4368   
                                                             
    C:/ti/tirtos_tivac_2_16_00_08/products/TivaWare_C_Series-2.1.1.71b/driverlib/ccs/Debug/driverlib.lib
       sysctl.obj                   642     108       0      
       gpio.obj                     602     144       0      
       adc.obj                      308     0         0      
       pwm.obj                      178     0         0      
       uart.obj                     140     0         0      
    +--+----------------------------+-------+---------+---------+
       Total:                       1870    252       0      
                                                             
    C:/ti/tirtos_tivac_2_16_00_08/products/tidrivers_tivac_2_16_00_08/packages/ti/drivers/lib/drivers_tivaware.aem4f
       PWMTiva.oem4f                962     32        24     
       GPIOTiva.oem4f               684     156       153    
       PWM.oem4f                    140     12        4      
    +--+----------------------------+-------+---------+---------+
       Total:                       1786    200       181    
                                                             
    C:\Users\Zachary\Documents\GitHub\robot-operator\PWM Example\src\sysbios\sysbios.aem4f
       BIOS.obj                     8406    0         0      
       m3_Hwi_asm.obj               314     0         0      
       m3_TaskSupport_asm.obj       180     0         0      
       m3_Hwi_asm_switch.obj        118     0         0      
    +--+----------------------------+-------+---------+---------+
       Total:                       9018    0         0      
                                                             
    C:\ti\ccs1040\ccs\tools\compiler\ti-cgt-arm_20.2.5.LTS\lib\rtsv7M4_T_le_v4SPD16_eabi.lib
       e_pow.c.obj                  2512    48        0      
       fd_add_t2.asm.obj            438     0         0      
       trgmsg.c.obj                 108     0         288    
       e_sqrt.c.obj                 344     0         0      
       fd_div_t2.asm.obj            310     0         0      
       s_scalbn.c.obj               272     0         0      
       fd_cmp_t2.asm.obj            268     0         0      
       fd_mul_t2.asm.obj            252     0         0      
       memcpy_t2.asm.obj            156     0         0      
       memset_t2.asm.obj            122     0         0      
       copy_decompress_lzss.c.obj   104     0         0      
       hostwrite.c.obj              88      0         0      
       cpy_tbl.c.obj                76      0         0      
       fd_toi_t2.asm.obj            72      0         0      
       u_divt2.asm.obj              64      0         0      
       i_tofd_t2.asm.obj            46      0         0      
       _lock.c.obj                  26      0         8      
       u_tofd_t2.asm.obj            32      0         0      
       s_copysign.c.obj             26      0         0      
       args_main.c.obj              24      0         0      
       strcmp.c.obj                 24      0         0      
       strlen.c.obj                 20      0         0      
       copy_decompress_none.c.obj   14      0         0      
       copy_zero_init.c.obj         12      0         0      
       errno.c.obj                  8       0         4      
       hostopen.c.obj               0       0         8      
       exit.c.obj                   4       0         0      
       stkdepth_vars.c.obj          0       0         4      
       div0.asm.obj                 2       0         0      
    +--+----------------------------+-------+---------+---------+
       Total:                       5424    48        312    
                                                             
    C:\ti\tirtos_tivac_2_16_00_08\products\bios_6_45_01_29\packages\ti\catalog\arm\cortexm4\tiva\ce\lib\Boot.aem4f
       Boot_sysctl.oem4f            262     0         0      
       Boot.oem4f                   152     0         0      
    +--+----------------------------+-------+---------+---------+
       Total:                       414     0         0      
                                                             
    C:\ti\tirtos_tivac_2_16_00_08\products\bios_6_45_01_29\packages\ti\targets\arm\rtsarm\lib\auto_init.aem4f
       auto_init.oem4f              160     0         0      
    +--+----------------------------+-------+---------+---------+
       Total:                       160     0         0      
                                                             
    C:\ti\tirtos_tivac_2_16_00_08\products\bios_6_45_01_29\packages\ti\targets\arm\rtsarm\lib\boot.aem4f
       boot.oem4f                   88      0         0      
    +--+----------------------------+-------+---------+---------+
       Total:                       88      0         0      
                                                             
    C:\ti\tirtos_tivac_2_16_00_08\products\bios_6_45_01_29\packages\ti\targets\arm\rtsarm\lib\ti.targets.arm.rtsarm.aem4f
       System.oem4f                 1255    0         0      
       Text.oem4f                   672     0         0      
       Error.oem4f                  524     0         0      
       Core-mem.oem4f               358     0         0      
       Startup.oem4f                328     0         0      
       SysMin.oem4f                 248     0         0      
       Core-smem.oem4f              204     0         0      
       Memory.oem4f                 176     0         0      
       Assert.oem4f                 84      0         0      
       Core-params.oem4f            70      0         0      
       Core-label.oem4f             52      0         0      
       Registry.oem4f               32      0         0      
       Gate.oem4f                   28      0         0      
    +--+----------------------------+-------+---------+---------+
       Total:                       4031    0         0      
                                                             
       Stack:                       0       0         768    
       Linker Generated:            0       612       0      
    +--+----------------------------+-------+---------+---------+
       Grand Total:                 26875   8724      5898   


LINKER GENERATED COPY TABLES

__TI_cinit_table @ 00008bb8 records: 3, size/record: 8, table size: 24
	.data: load addr=00008968, load size=00000230 bytes, run addr=20000f20, run size=000004ec bytes, compression=lzss
	.bss: load addr=00008ba8, load size=00000008 bytes, run addr=20000360, run size=00000bc0 bytes, compression=zero_init
	.vecs: load addr=00008bb0, load size=00000008 bytes, run addr=20000000, run size=00000360 bytes, compression=zero_init


LINKER GENERATED HANDLER TABLE

__TI_handler_table @ 00008b98 records: 3, size/record: 4, table size: 12
	index: 0, handler: __TI_decompress_lzss
	index: 1, handler: __TI_decompress_none
	index: 2, handler: __TI_zero_init


GLOBAL SYMBOLS: SORTED ALPHABETICALLY BY Name 

address   name                                                              
-------   ----                                                              
00006919  ADCIntClear                                                       
00005bc1  ADCIntStatus                                                      
0000649f  ADCProcessorTrigger                                               
00005359  ADCSequenceConfigure                                              
00006221  ADCSequenceDataGet                                                
00006801  ADCSequenceEnable                                                 
00003f35  ADCSequenceStepConfigure                                          
00001b2d  C$$EXIT                                                           
000054f3  C$$IO$$                                                           
00003e39  ConfigureADC                                                      
00004ca1  ConfigureUART                                                     
0000582d  EK_TM4C123GXL_initGPIO                                            
00005255  EK_TM4C123GXL_initGeneral                                         
000055e1  EK_TM4C123GXL_initPWM                                             
00005d29  GPIODirModeSet                                                    
00001843  GPIOIntClear                                                      
0000680f  GPIOIntStatus                                                     
00004a09  GPIOIntTypeSet                                                    
00002317  GPIOPadConfigSet                                                  
00004e75  GPIOPinConfigure                                                  
00006665  GPIOPinTypeADC                                                    
00006677  GPIOPinTypeGPIOInput                                              
00006689  GPIOPinTypePWM                                                    
0000669b  GPIOPinTypeUART                                                   
000066e3  GPIOPinWrite                                                      
0000878c  GPIOTiva_config                                                   
000044cd  GPIO_hwiIntFxn                                                    
00003a85  GPIO_init                                                         
00004b61  GPIO_setCallback                                                  
00001f45  GPIO_setConfig                                                    
00004959  HOSTwrite                                                         
20000f20  LUT                                                               
000065c1  PWMClockSet                                                       
00006031  PWMGenConfigure                                                   
0000685d  PWMGenDisable                                                     
00006869  PWMGenEnable                                                      
000066ad  PWMGenPeriodGet                                                   
0000670d  PWMGenPeriodSet                                                   
000066bf  PWMOutputInvert                                                   
000066d1  PWMOutputState                                                    
0000623f  PWMPulseWidthSet                                                  
0000864a  PWMTiva_MAX_MATCH_VALUE                                           
00008648  PWMTiva_MAX_PRESCALAR                                             
00004395  PWMTiva_close                                                     
00003b9d  PWMTiva_control                                                   
0000862c  PWMTiva_fxnTable                                                  
00006053  PWMTiva_getPeriodCounts                                           
0000625d  PWMTiva_getPeriodMicroSecs                                        
0000585d  PWMTiva_init                                                      
000019bd  PWMTiva_open                                                      
00002e69  PWMTiva_setDuty                                                   
0000671d  PWM_Params_init                                                   
00006923  PWM_close                                                         
00008578  PWM_config                                                        
000087d8  PWM_defaultParams                                                 
00005455  PWM_init                                                          
0000588d  PWM_open                                                          
0000692d  PWM_setDuty                                                       
UNDEFED   SHT$$INIT_ARRAY$$Base                                             
UNDEFED   SHT$$INIT_ARRAY$$Limit                                            
00002671  SysCtlClockGet                                                    
00002f59  SysCtlClockSet                                                    
0000682b  SysCtlDelay                                                       
000065d5  SysCtlPWMClockSet                                                 
00005615  SysCtlPeripheralEnable                                            
0000548d  SysCtlPeripheralPresent                                           
00006937  UARTCharGet                                                       
00006941  UARTCharPut                                                       
00006981  UARTClockSourceSet                                                
00005211  UARTConfigSetExpClk                                               
00006299  UARTDisable                                                       
000065e9  UARTEnable                                                        
00004a61  UARTStdioConfig                                                   
00005ebd  UARTprintf                                                        
0000118d  UARTvprintf                                                       
00004ced  UARTwrite                                                         
00000000  __ASM__                                                           
20000cc0  __CIOBUF_                                                         
00000074  __ISA__                                                           
00000087  __PLAT__                                                          
20001710  __STACK_END                                                       
00000300  __STACK_SIZE                                                      
000000a8  __TARG__                                                          
00008bb8  __TI_CINIT_Base                                                   
00008bd0  __TI_CINIT_Limit                                                  
00008b98  __TI_Handler_Table_Base                                           
00008ba4  __TI_Handler_Table_Limit                                          
000035ad  __TI_auto_init                                                    
000043ff  __TI_decompress_lzss                                              
0000681d  __TI_decompress_none                                              
ffffffff  __TI_pprof_out_hndl                                               
ffffffff  __TI_prof_data_size                                               
ffffffff  __TI_prof_data_start                                              
00005649  __TI_readmsg                                                      
00008968  __TI_static_base__                                                
000054c5  __TI_writemsg                                                     
0000688d  __TI_zero_init                                                    
000000ce  __TRDR__                                                          
00003c25  __aeabi_cdcmpeq                                                   
00003c25  __aeabi_cdcmple                                                   
00003cab  __aeabi_cdrcmple                                                  
00004ebd  __aeabi_d2iz                                                      
00001697  __aeabi_dadd                                                      
000021e1  __aeabi_ddiv                                                      
00002a89  __aeabi_dmul                                                      
0000168d  __aeabi_dsub                                                      
00006961  __aeabi_errno_addr                                                
00005bef  __aeabi_i2d                                                       
00003823  __aeabi_idiv0                                                     
00003823  __aeabi_ldiv0                                                     
00003faf  __aeabi_memclr                                                    
00003faf  __aeabi_memclr4                                                   
00003faf  __aeabi_memclr8                                                   
000036ed  __aeabi_memcpy                                                    
000036ed  __aeabi_memcpy4                                                   
000036ed  __aeabi_memcpy8                                                   
00003fb1  __aeabi_memset                                                    
00003fb1  __aeabi_memset4                                                   
00003fb1  __aeabi_memset8                                                   
000060dd  __aeabi_ui2d                                                      
00005295  __aeabi_uidiv                                                     
00005295  __aeabi_uidivmod                                                  
ffffffff  __binit__                                                         
ffffffff  __c_args__                                                        
20001410  __stack                                                           
20000000  __start___llvm_prf_cnts                                           
20000000  __stop___llvm_prf_cnts                                            
000064b9  _args_main                                                        
00004901  _c_int00                                                          
2000137c  _lock                                                             
00002447  _nop                                                              
00006875  _register_lock                                                    
00006881  _register_unlock                                                  
[...]
00006771  ti_sysbios_knl_Semaphore_Instance_finalize__E                     
00006781  ti_sysbios_knl_Swi_disable__E                                     
00006791  ti_sysbios_knl_Task_Object__get__S                                
000067a1  osi_TaskDisable                                                   
000067a1  ti_sysbios_knl_Task_disable__E                                    
000067b1  xdc_runtime_Gate_leaveSystem__E                                   
000067c1  xdc_runtime_Memory_free__E                                        
000067d1  xdc_runtime_SysMin_ready__E                                       
000067d1  xdc_runtime_System_SupportProxy_ready__E                          
000067e1  xdc_runtime_System_vsnprintf__E                                   
000067f1  xdc_runtime_Text_visitRope__I                                     
00006801  ADCSequenceEnable                                                 
0000680f  GPIOIntStatus                                                     
0000681d  __TI_decompress_none                                              
0000682b  SysCtlDelay                                                       
00006831  ti_sysbios_knl_Idle_loop__E                                       
00006841  ti_sysbios_knl_Queue_empty__E                                     
00006851  ti_catalog_arm_cortexm4_tiva_ce_Boot_init__I                      
0000685d  PWMGenDisable                                                     
00006869  PWMGenEnable                                                      
00006875  _register_lock                                                    
00006881  _register_unlock                                                  
0000688d  __TI_zero_init                                                    
00006899  ti_sysbios_family_arm_lm4_Timer_getMaxTicks__E                    
000068a5  ti_sysbios_family_arm_m3_Hwi_Params__init__S                      
000068a5  ti_sysbios_hal_Hwi_HwiProxy_Params__init__S                       
000068b1  ti_sysbios_family_arm_m3_Hwi_disableFxn__E                        
000068b1  ti_sysbios_hal_Hwi_HwiProxy_disable__E                            
000068c1  ti_sysbios_family_arm_m3_TaskSupport_checkStack__E                
000068c1  ti_sysbios_knl_Task_SupportProxy_checkStack__E                    
000068d1  ti_sysbios_gates_GateHwi_enter__E                                 
000068dd  ti_sysbios_knl_Queue_Object__get__S                               
000068e9  xdc_runtime_Error_init__E                                         
000068f5  xdc_runtime_Gate_enterSystem__E                                   
00006901  xdc_runtime_Memory_calloc__E                                      
0000690d  xdc_runtime_Memory_getMaxDefaultTypeAlign__E                      
00006919  ADCIntClear                                                       
00006923  PWM_close                                                         
0000692d  PWM_setDuty                                                       
00006937  UARTCharGet                                                       
00006941  UARTCharPut                                                       
0000694b  xdc_runtime_Memory_HeapProxy_alloc__E                             
00006955  xdc_runtime_Memory_HeapProxy_free__E                              
00006961  __aeabi_errno_addr                                                
00006969  ti_sysbios_family_arm_lm4_Timer_masterDisable__I                  
00006971  ti_sysbios_family_arm_m3_Hwi_doSwiRestore__I                      
00006979  ti_sysbios_family_arm_m3_Hwi_startup__E                           
00006979  ti_sysbios_hal_Hwi_HwiProxy_startup__E                            
00006979  ti_sysbios_hal_Hwi_startup__E                                     
00006981  UARTClockSourceSet                                                
00006987  ti_catalog_arm_cortexm4_tiva_ce_Boot_sysCtlDelayI__I              
00006991  ti_sysbios_family_arm_m3_Hwi_doTaskRestore__I                     
00006999  ti_sysbios_family_arm_m3_Hwi_restoreFxn__E                        
00006999  ti_sysbios_hal_Hwi_HwiProxy_restore__E                            
000069a1  ti_sysbios_gates_GateHwi_leave__E                                 
000069a9  ti_sysbios_heaps_HeapMem_isBlocking__E                            
000069b1  ti_sysbios_knl_Queue_Instance_init__E                             
000069b9  ti_sysbios_knl_Swi_startup__E                                     
000069bf  xdc_runtime_System_Module_startup__E                              
000069c9  ti_sysbios_gates_GateHwi_query__E                                 
000069c9  xdc_runtime_Main_Module_GateProxy_query__E                        
000069c9  xdc_runtime_System_Module_GateProxy_query__E                      
000069d1  ti_sysbios_BIOS_RtsGateProxy_query__E                             
000069d1  ti_sysbios_gates_GateMutex_query__E                               
000069d1  ti_sysbios_heaps_HeapMem_Module_GateProxy_query__E                
000069d9  ti_sysbios_knl_Task_startup__E                                    
000069e1  ti_sysbios_gates_GateHwi_Instance_init__E                         
000069e9  ti_sysbios_knl_Clock_logTick__E                                   
000069f0  xdc_runtime_Text_charTab__A                                       
00008251  xdc_runtime_Error_policy__C                                       
00008252  xdc_runtime_Text_nodeTab__A                                       
0000830e  ti_catalog_arm_cortexm4_tiva_ce_Boot_Module__id__C                
00008520  ti_sysbios_family_arm_m3_Hwi_Object__PARAMS__C                    
00008550  ti_sysbios_heaps_HeapMem_Module__FXNS__C                          
00008578  PWM_config                                                        
0000859c  ti_sysbios_gates_GateHwi_Module__FXNS__C                          
000085c0  ti_sysbios_gates_GateMutex_Module__FXNS__C                        
000085e4  ti_sysbios_heaps_HeapMem_Object__PARAMS__C                        
00008608  ti_sysbios_knl_Semaphore_Object__PARAMS__C                        
0000862c  PWMTiva_fxnTable                                                  
00008648  PWMTiva_MAX_PRESCALAR                                             
0000864a  PWMTiva_MAX_MATCH_VALUE                                           
0000864c  ti_sysbios_family_arm_m3_Hwi_Object__DESC__C                      
0000866c  ti_sysbios_gates_GateHwi_Object__DESC__C                          
0000868c  ti_sysbios_gates_GateMutex_Object__DESC__C                        
000086ac  ti_sysbios_heaps_HeapMem_Object__DESC__C                          
000086cc  ti_sysbios_knl_Queue_Object__DESC__C                              
000086ec  ti_sysbios_knl_Semaphore_Object__DESC__C                          
0000870c  xdc_runtime_Startup_sfxnTab__A                                    
0000872c  pwmTivaHWAttrs                                                    
00008744  ti_sysbios_gates_GateHwi_Object__PARAMS__C                        
0000875c  ti_sysbios_gates_GateMutex_Object__PARAMS__C                      
00008774  ti_sysbios_knl_Queue_Object__PARAMS__C                            
0000878c  GPIOTiva_config                                                   
000087a0  xdc_runtime_Startup_firstFxns__A                                  
000087c6  xdc_runtime_Startup_sfxnRts__A                                    
000087d6  ti_sysbios_family_arm_m3_Hwi_Module__id__C                        
000087d8  PWM_defaultParams                                                 
000087fc  ti_sysbios_family_arm_m3_Hwi_excHookFuncs__A                      
00008804  ti_sysbios_knl_Idle_funcList__C                                   
0000880c  xdc_runtime_Startup_firstFxns__C                                  
00008814  xdc_runtime_Startup_lastFxns__C                                   
0000881c  ti_catalog_arm_cortexm4_tiva_ce_Boot_A_mustUseEnhancedClockMode__C
00008820  ti_catalog_arm_cortexm4_tiva_ce_Boot_Module__diagsEnabled__C      
00008824  ti_catalog_arm_cortexm4_tiva_ce_Boot_Module__diagsIncluded__C     
00008828  ti_catalog_arm_cortexm4_tiva_ce_Boot_Module__diagsMask__C         
0000882c  ti_sysbios_family_arm_lm4_Timer_enableFunc__C                     
00008830  ti_sysbios_family_arm_lm4_Timer_numTimerDevices__C                
00008834  ti_sysbios_family_arm_lm4_Timer_startupNeeded__C                  
00008838  ti_sysbios_family_arm_m3_Hwi_E_NMI__C                             
0000883c  ti_sysbios_family_arm_m3_Hwi_E_alreadyDefined__C                  
00008840  ti_sysbios_family_arm_m3_Hwi_E_busFault__C                        
00008844  ti_sysbios_family_arm_m3_Hwi_E_debugMon__C                        
00008848  ti_sysbios_family_arm_m3_Hwi_E_hardFault__C                       
0000884c  ti_sysbios_family_arm_m3_Hwi_E_memFault__C                        
00008850  ti_sysbios_family_arm_m3_Hwi_E_noIsr__C                           
00008854  ti_sysbios_family_arm_m3_Hwi_E_reserved__C                        
00008858  ti_sysbios_family_arm_m3_Hwi_E_svCall__C                          
0000885c  ti_sysbios_family_arm_m3_Hwi_E_usageFault__C                      
00008860  ti_sysbios_family_arm_m3_Hwi_NUM_INTERRUPTS__C                    
00008864  ti_sysbios_family_arm_m3_Hwi_Object__count__C                     
00008868  ti_sysbios_family_arm_m3_Hwi_ccr__C                               
0000886c  ti_sysbios_family_arm_m3_Hwi_excHandlerFunc__C                    
00008870  ti_sysbios_family_arm_m3_Hwi_excHookFuncs__C                      
00008874  ti_sysbios_family_arm_m3_Hwi_nullIsrFunc__C                       
00008878  ti_sysbios_family_arm_m3_Hwi_priGroup__C                          
0000887c  ti_sysbios_gates_GateMutex_Instance_State_sem__O                  
00008880  ti_sysbios_hal_Hwi_E_stackOverflow__C                             
00008884  ti_sysbios_heaps_HeapMem_E_memory__C                              
00008888  ti_sysbios_heaps_HeapMem_Module__gateObj__C                       
0000888c  ti_sysbios_heaps_HeapMem_Object__count__C                         
00008890  ti_sysbios_heaps_HeapMem_reqAlign__C                              
00008894  ti_sysbios_knl_Clock_Module_State_clockQ__O                       
00008898  ti_sysbios_knl_Idle_funcList__A                                   
0000889c  ti_sysbios_knl_Semaphore_Instance_State_pendQ__O                  
000088a0  ti_sysbios_knl_Swi_Object__count__C                               
000088a4  ti_sysbios_knl_Task_E_spOutOfBounds__C                            
000088a8  ti_sysbios_knl_Task_E_stackOverflow__C                            
000088ac  ti_sysbios_knl_Task_Module_State_inactiveQ__O                     
000088b0  ti_sysbios_knl_Task_Object__count__C                              
000088b4  ti_sysbios_knl_Task_allBlockedFunc__C                             
000088b8  ti_sysbios_knl_Task_numConstructedTasks__C                        
000088c0  xdc_runtime_Assert_E_assertFailed__C                              
000088c4  xdc_runtime_Core_A_initializedParams__C                           
000088c8  xdc_runtime_Core_Module__diagsEnabled__C                          
000088cc  xdc_runtime_Core_Module__diagsIncluded__C                         
000088d0  xdc_runtime_Core_Module__diagsMask__C                             
000088d4  xdc_runtime_Error_E_memory__C                                     
000088d8  xdc_runtime_Error_Module__diagsEnabled__C                         
000088dc  xdc_runtime_Error_Module__diagsIncluded__C                        
000088e0  xdc_runtime_Error_Module__diagsMask__C                            
000088e4  xdc_runtime_Error_Module__loggerFxn8__C                           
000088e8  xdc_runtime_Error_Module__loggerObj__C                            
000088ec  xdc_runtime_Error_policyFxn__C                                    
000088f0  xdc_runtime_Error_raiseHook__C                                    
000088f4  xdc_runtime_IGateProvider_Interface__BASE__C                      
000088f8  xdc_runtime_IHeap_Interface__BASE__C                              
000088fc  xdc_runtime_IModule_Interface__BASE__C                            
00008900  xdc_runtime_Log_L_error__C                                        
00008904  xdc_runtime_Memory_defaultHeapInstance__C                         
00008908  xdc_runtime_Startup_execImpl__C                                   
0000890c  xdc_runtime_Startup_maxPasses__C                                  
00008910  xdc_runtime_Startup_sfxnRts__C                                    
00008914  xdc_runtime_Startup_sfxnTab__C                                    
00008918  xdc_runtime_SysMin_bufSize__C                                     
0000891c  xdc_runtime_SysMin_outputFunc__C                                  
00008920  xdc_runtime_System_Module__gateObj__C                             
00008924  xdc_runtime_System_abortFxn__C                                    
00008928  xdc_runtime_System_exitFxn__C                                     
0000892c  xdc_runtime_System_extendFxn__C                                   
00008930  xdc_runtime_System_maxAtexitHandlers__C                           
00008934  xdc_runtime_Text_charTab__C                                       
00008938  xdc_runtime_Text_nameEmpty__C                                     
0000893c  xdc_runtime_Text_nameStatic__C                                    
00008940  xdc_runtime_Text_nameUnknown__C                                   
00008944  xdc_runtime_Text_nodeTab__C                                       
00008948  xdc_runtime_Text_visitRopeFxn__C                                  
0000894c  ti_sysbios_hal_Hwi_Module__id__C                                  
0000894e  ti_sysbios_heaps_HeapMem_Module__id__C                            
00008950  ti_sysbios_knl_Task_Module__id__C                                 
00008952  xdc_runtime_Core_Module__id__C                                    
00008954  xdc_runtime_Error_Module__loggerDefined__C                        
00008956  xdc_runtime_Error_maxDepth__C                                     
00008958  xdc_runtime_Memory_Module__id__C                                  
0000895a  xdc_runtime_SysMin_flushAtExit__C                                 
0000895c  xdc_runtime_Text_charCnt__C                                       
0000895e  xdc_runtime_Text_isLoaded__C                                      
00008960  xdc_runtime_Text_registryModsLastId__C                            
00008962  xdc_runtime_Text_unnamedModsLastId__C                             
00008968  __TI_static_base__                                                
00008b98  __TI_Handler_Table_Base                                           
00008ba4  __TI_Handler_Table_Limit                                          
00008bb8  __TI_CINIT_Base                                                   
00008bd0  __TI_CINIT_Limit                                                  
20000000  __start___llvm_prf_cnts                                           
20000000  __stop___llvm_prf_cnts                                            
20000000  ti_sysbios_family_arm_m3_Hwi_ramVectors                           
20000360  ti_sysbios_heaps_HeapMem_Instance_State_0_buf__A                  
20000760  ti_sysbios_family_arm_m3_Hwi_dispatchTable                        
20000ac0  ti_sysbios_knl_Task_Instance_State_0_stack__A                     
20000cc0  __CIOBUF_                                                         
20000e70  xdc_runtime_SysMin_Module_State_0_outbuf__A                       
20000ef0  pwmTivaObjects                                                    
20000f00  params                                                            
20000f0c  parmbuf                                                           
20000f18  motor1                                                            
20000f1c  motor2                                                            
20000f20  LUT                                                               
20000fe8  ti_sysbios_knl_Swi_Module_State_0_readyQ__A                       
20001068  ti_sysbios_knl_Task_Module_State_0_readyQ__A                      
200010e8  ti_sysbios_knl_Task_Object__table__V                              
20001134  ti_sysbios_knl_Task_Module__state__V                              
20001178  ti_sysbios_family_arm_lm4_Timer_Object__table__V                  
200011b8  ti_sysbios_gates_GateMutex_Object__table__V                       
200011f0  ti_sysbios_family_arm_m3_Hwi_Module__state__V                     
20001224  ti_sysbios_family_arm_lm4_Timer_Module_State_0_device__A          
20001254  ti_sysbios_knl_Swi_Object__table__V                               
20001284  ti_sysbios_knl_Clock_Module__state__V                             
200012b0  ti_sysbios_BIOS_Module__state__V                                  
200012d4  ti_sysbios_knl_Swi_Module__state__V                               
20001308  ti_sysbios_family_arm_lm4_Timer_Module_State_0_handles__A         
20001320  ti_sysbios_family_arm_m3_Hwi_Object__table__V                     
20001338  ti_sysbios_heaps_HeapMem_Object__table__V                         
20001350  gpioPinConfigs                                                    
20001364  ti_sysbios_family_arm_lm4_Timer_Module__state__V                  
20001370  xdc_runtime_SysMin_Module__state__V                               
2000137c  _lock                                                             
20001380  _unlock                                                           
20001384  gpioCallbackFunctions                                             
2000138c  ti_sysbios_family_arm_m3_Hwi_Module__root__V                      
20001394  ti_sysbios_gates_GateHwi_Module__root__V                          
2000139c  ti_sysbios_gates_GateMutex_Module__root__V                        
200013a4  ti_sysbios_heaps_HeapMem_Module__root__V                          
200013ac  ti_sysbios_knl_Queue_Module__root__V                              
200013b4  ti_sysbios_knl_Semaphore_Module__root__V                          
200013bc  xdc_runtime_Registry_Module__state__V                             
200013c4  xdc_runtime_Startup_Module__state__V                              
200013cc  xdc_runtime_System_Module_State_0_atexitHandlers__A               
200013d4  xdc_runtime_System_Module__state__V                               
200013e2  ti_sysbios_family_arm_m3_Hwi_Module_State_0_excActive__A          
200013ea  xdc_runtime_Error_Module__state__V                                
200013f0  errno                                                             
200013f4  main_func_sp                                                      
200013f8  ti_sysbios_family_arm_m3_Hwi_Module_State_0_excContext__A         
200013fc  ti_sysbios_family_arm_m3_Hwi_Module_State_0_excStack__A           
20001400  ti_sysbios_gates_GateHwi_Object__table__V                         
20001404  ti_sysbios_knl_Task_Module_State_0_idleTask__A                    
20001408  xdc_runtime_Memory_Module__state__V                               
20001410  __stack                                                           
20001710  __STACK_END                                                       
e000e000  ti_sysbios_family_arm_m3_Hwi_nvic                                 
ffffffff  __TI_pprof_out_hndl                                               
ffffffff  __TI_prof_data_size                                               
ffffffff  __TI_prof_data_start                                              
ffffffff  __binit__                                                         
ffffffff  __c_args__                                                        
ffffffff  binit                                                             
UNDEFED   SHT$$INIT_ARRAY$$Base                                             
UNDEFED   SHT$$INIT_ARRAY$$Limit                                            

[597 symbols]
