******************************************************************************
                  TI ARM Linker PC v20.2.5                     
******************************************************************************
>> Linked Fri Oct 14 19:10:03 2022

OUTPUT FILE NAME:   <PWM Example.out>
ENTRY POINT SYMBOL: "_c_int00"  address: 00003351


MEMORY CONFIGURATION

         name            origin    length      used     unused   attr    fill
----------------------  --------  ---------  --------  --------  ----  --------
  FLASH                 00000000   00040000  00007050  00038fb0  R  X
  SRAM                  20000000   00008000  0000187e  00006782  RW X


SEGMENT ALLOCATION MAP

run origin  load origin   length   init length attrs members
----------  ----------- ---------- ----------- ----- -------
00000000    00000000    00007058   00007058    r-x
  00000000    00000000    0000003c   0000003c    r-- .resetVecs
  00000040    00000040    00004efa   00004efa    r-x .text
  00004f3c    00004f3c    00001f12   00001f12    r-- .const
  00006e50    00006e50    00000208   00000208    r-- .cinit
20000000    20000000    00001880   00000000    rw-
  20000000    20000000    00000360   00000000    rw- .vecs
  20000360    20000360    00000dfc   00000000    rw- .bss
  2000115c    2000115c    00000422   00000000    rw- .data
  20001580    20001580    00000300   00000000    rw- .stack


SECTION ALLOCATION MAP

 output                                  attributes/
section   page    origin      length       input sections
--------  ----  ----------  ----------   ----------------
.text      0    00000040    00004efa     
                  00000040    00000430     sysbios.aem4f : BIOS.obj (.text:ti_sysbios_family_arm_m3_Hwi_excDumpRegs__I)
                  00000470    0000034c     ti.targets.arm.rtsarm.aem4f : System.oem4f (.text:xdc_runtime_System_doPrint__I)
                  000007bc    00000004     rtsv7M4_T_le_v4SPD16_eabi.lib : exit.c.obj (.text:abort:abort)
                  000007c0    000001f4     sysbios.aem4f : BIOS.obj (.text:ti_sysbios_family_arm_m3_Hwi_excHandlerMax__I)
                  000009b4    00000004     pwmled_pem4f.oem4f (.text:ti_sysbios_BIOS_RtsGateProxy_enter__E)
                  000009b8    00000174     sysbios.aem4f : BIOS.obj (.text:ti_sysbios_family_arm_m3_Hwi_excBusFault__I)
                  00000b2c    00000170     drivers_tivaware.aem4f : PWMTiva.oem4f (.text:PWMTiva_open)
                  00000c9c    00000004     pwmled_pem4f.oem4f (.text:ti_sysbios_BIOS_RtsGateProxy_leave__E)
                  00000ca0    00000164     sysbios.aem4f : BIOS.obj (.text:ti_sysbios_family_arm_m3_Hwi_excUsageFault__I)
                  00000e04    00000004                   : BIOS.obj (.text:ti_sysbios_family_arm_lm4_Timer_masterEnable__I)
                  00000e08    00000154                   : BIOS.obj (.text:ti_sysbios_knl_Semaphore_pend__E)
                  00000f5c    00000150     drivers_tivaware.aem4f : GPIOTiva.oem4f (.text:GPIO_setConfig)
                  000010ac    00000004     pwmled_pem4f.oem4f (.text:ti_sysbios_family_arm_m3_TaskSupport_Module__startupDone__S)
                  000010b0    00000148     sysbios.aem4f : BIOS.obj (.text:ti_sysbios_family_arm_m3_Hwi_excMemFault__I)
                  000011f8    00000130     driverlib.lib : gpio.obj (.text:GPIOPadConfigSet)
                  00001328    00000118     ti.targets.arm.rtsarm.aem4f : Error.oem4f (.text:xdc_runtime_Error_policyDefault__E)
                  00001440    00000108     sysbios.aem4f : BIOS.obj (.text:ti_sysbios_family_arm_lm4_Timer_start__E)
                  00001548    00000100     Boot.aem4f : Boot_sysctl.oem4f (.text:ti_catalog_arm_cortexm4_tiva_ce_Boot_sysCtlClockSetI__I)
                  00001648    00000100     ti.targets.arm.rtsarm.aem4f : Core-mem.oem4f (.text:xdc_runtime_Core_createObject__I)
                  00001748    000000f8                                 : Startup.oem4f (.text:xdc_runtime_Startup_startMods__I)
                  00001840    000000f8     pwmled_pem4f.oem4f (.text:xdc_runtime_System_printfExtend__I)
                  00001938    000000f4     sysbios.aem4f : m3_Hwi_asm.obj (.text:ti_sysbios_family_arm_m3_Hwi_dispatch__I)
                  00001a2c    000000f0     drivers_tivaware.aem4f : PWMTiva.oem4f (.text:PWMTiva_setDuty)
                  00001b1c    00000004     pwmled_pem4f.oem4f (.text:ti_sysbios_heaps_HeapMem_Module_GateProxy_enter__E)
                  00001b20    000000dc     sysbios.aem4f : BIOS.obj (.text:ti_sysbios_knl_Task_sleep__E)
                  00001bfc    00000004     pwmled_pem4f.oem4f (.text:ti_sysbios_heaps_HeapMem_Module_GateProxy_leave__E)
                  00001c00    000000d4     sysbios.aem4f : BIOS.obj (.text:ti_sysbios_heaps_HeapMem_alloc__E)
                  00001cd4    00000004     pwmled_pem4f.oem4f (.text:ti_sysbios_knl_Clock_TimerProxy_getMaxTicks__E)
                  00001cd8    000000cc     sysbios.aem4f : BIOS.obj (.text:ti_sysbios_knl_Task_Instance_init__E)
                  00001da4    000000cc     ti.targets.arm.rtsarm.aem4f : Core-smem.oem4f (.text:xdc_runtime_Core_constructObject__I)
                  00001e70    000000c8     pwmled.obj (.text:main)
                  00001f38    000000bc     sysbios.aem4f : BIOS.obj (.text:ti_sysbios_family_arm_m3_Hwi_excDebugMon__I)
                  00001ff4    00000004     pwmled_pem4f.oem4f (.text:ti_sysbios_knl_Queue_destruct)
                  00001ff8    000000bc     sysbios.aem4f : BIOS.obj (.text:ti_sysbios_family_arm_m3_Hwi_excHardFault__I)
                  000020b4    00000004     pwmled_pem4f.oem4f (.text:ti_sysbios_knl_Semaphore_destruct)
                  000020b8    000000bc     sysbios.aem4f : BIOS.obj (.text:ti_sysbios_knl_Task_Instance_finalize__E)
                  00002174    00000004     ti.targets.arm.rtsarm.aem4f : Error.oem4f (.text:xdc_runtime_Error_getSite__E)
                  00002178    000000b4     sysbios.aem4f : BIOS.obj (.text:ti_sysbios_knl_Task_checkStacks__E)
                  0000222c    00000004     pwmled_pem4f.oem4f (.text:xdc_runtime_System_Module_GateProxy_enter__E)
                  00002230    000000ac     sysbios.aem4f : BIOS.obj (.text:ti_sysbios_family_arm_lm4_Timer_enableTiva__I)
                  000022dc    000000a0     auto_init.aem4f : auto_init.oem4f (.text)
                  0000237c    000000a0     ti.targets.arm.rtsarm.aem4f : Text.oem4f (.text:xdc_runtime_Text_putMod__E)
                  0000241c    0000009c     rtsv7M4_T_le_v4SPD16_eabi.lib : memcpy_t2.asm.obj (.text)
                  000024b8    0000009a     ti.targets.arm.rtsarm.aem4f : Text.oem4f (.text:xdc_runtime_Text_putSite__E)
                  00002552    00000002     rtsv7M4_T_le_v4SPD16_eabi.lib : _lock.c.obj (.text:_nop)
                  00002554    00000098     Boot.aem4f : Boot.oem4f (.text:ti_catalog_arm_cortexm4_tiva_ce_Boot_sysCtlClockSet__E)
                  000025ec    00000004     pwmled_pem4f.oem4f (.text:xdc_runtime_System_Module_GateProxy_leave__E)
                  000025f0    00000094     sysbios.aem4f : BIOS.obj (.text:ti_sysbios_family_arm_m3_Hwi_Instance_init__E)
                  00002684    00000004     ti.targets.arm.rtsarm.aem4f : System.oem4f (.text:xdc_runtime_System_aprintf_va__F)
                  00002688    00000094     sysbios.aem4f : BIOS.obj (.text:ti_sysbios_family_arm_m3_Hwi_initNVIC__E)
                  0000271c    00000004     ti.targets.arm.rtsarm.aem4f : System.oem4f (.text:xdc_runtime_System_printf_va__F)
                  00002720    00000094     sysbios.aem4f : BIOS.obj (.text:ti_sysbios_knl_Task_postInit__I)
                  000027b4    0000008c     drivers_tivaware.aem4f : GPIOTiva.oem4f (.text:GPIO_init)
                  00002840    0000008c     sysbios.aem4f : m3_TaskSupport_asm.obj (.text:ti_sysbios_family_arm_m3_TaskSupport_buildTaskStack)
                  000028cc    00000088     drivers_tivaware.aem4f : PWMTiva.oem4f (.text:PWMTiva_control)
                  00002954    00000002     rtsv7M4_T_le_v4SPD16_eabi.lib : div0.asm.obj (.text)
                  00002956    00000002     pwmled_pem4f.oem4f (.text:ti_sysbios_BIOS_nullFunc__I)
                  00002958    00000084     sysbios.aem4f : BIOS.obj (.text:ti_sysbios_family_arm_m3_Hwi_postInit__I)
                  000029dc    00000002     pwmled_pem4f.oem4f (.text:xdc_runtime_Startup_reset__I)
                  000029de    00000002     --HOLE-- [fill = 0]
                  000029e0    0000007c     sysbios.aem4f : BIOS.obj (.text:ti_sysbios_heaps_HeapMem_free__E)
                  00002a5c    0000007a     rtsv7M4_T_le_v4SPD16_eabi.lib : memset_t2.asm.obj (.text)
                  00002ad6    00000002     --HOLE-- [fill = 0]
                  00002ad8    00000078     pwmled.obj (.text:pwmLEDFxn)
                  00002b50    00000070     sysbios.aem4f : BIOS.obj (.text:ti_sysbios_knl_Clock_workFunc__E)
                  00002bc0    00000070                   : BIOS.obj (.text:ti_sysbios_knl_Task_exit__E)
                  00002c30    0000006d     ti.targets.arm.rtsarm.aem4f : System.oem4f (.text:xdc_runtime_System_formatNum__I)
                  00002c9d    00000003     --HOLE-- [fill = 0]
                  00002ca0    0000006c     sysbios.aem4f : BIOS.obj (.text:ti_sysbios_knl_Swi_restoreHwi__E)
                  00002d0c    0000006c     ti.targets.arm.rtsarm.aem4f : Error.oem4f (.text:xdc_runtime_Error_print__E)
                  00002d78    0000006c                                 : Memory.oem4f (.text:xdc_runtime_Memory_alloc__E)
                  00002de4    0000006a     drivers_tivaware.aem4f : PWMTiva.oem4f (.text:PWMTiva_close)
                  00002e4e    00000068     rtsv7M4_T_le_v4SPD16_eabi.lib : copy_decompress_lzss.c.obj (.text:decompress:lzss:__TI_decompress_lzss)
                  00002eb6    00000066     ti.targets.arm.rtsarm.aem4f : Core-mem.oem4f (.text:xdc_runtime_Core_deleteObject__I)
                  00002f1c    00000064     drivers_tivaware.aem4f : GPIOTiva.oem4f (.text:GPIO_hwiIntFxn)
                  00002f80    00000064     sysbios.aem4f : BIOS.obj (.text:ti_sysbios_family_arm_lm4_Timer_Module_startup__E)
                  00002fe4    00000064     pwmled_pem4f.oem4f (.text:ti_sysbios_family_arm_m3_Hwi_create)
                  00003048    00000064     sysbios.aem4f : BIOS.obj (.text:ti_sysbios_family_arm_m3_Hwi_dispatchC__I)
                  000030ac    00000004     --HOLE-- [fill = 0]
                  000030b0    00000064                   : BIOS.obj (.text:ti_sysbios_knl_Semaphore_post__E)
                  00003114    00000004     --HOLE-- [fill = 0]
                  00003118    00000060                   : BIOS.obj (.text:ti_sysbios_knl_Task_schedule__I)
                  00003178    0000005c                   : BIOS.obj (.text:ti_sysbios_knl_Swi_run__I)
                  000031d4    00000004     --HOLE-- [fill = 0]
                  000031d8    0000005c                   : BIOS.obj (.text:ti_sysbios_knl_Swi_schedule__I)
                  00003234    00000004     --HOLE-- [fill = 0]
                  00003238    0000005c                   : BIOS.obj (.text:ti_sysbios_knl_Task_Module_startup__E)
                  00003294    00000004     --HOLE-- [fill = 0]
                  00003298    0000005c                   : BIOS.obj (.text:ti_sysbios_knl_Task_startCore__E)
                  000032f4    0000005b     ti.targets.arm.rtsarm.aem4f : Text.oem4f (.text:xdc_runtime_Text_putLab__E)
                  0000334f    00000001     --HOLE-- [fill = 0]
                  00003350    00000058     boot.aem4f : boot.oem4f (.text)
                  000033a8    00000058     rtsv7M4_T_le_v4SPD16_eabi.lib : hostwrite.c.obj (.text:HOSTwrite)
                  00003400    00000058     sysbios.aem4f : m3_Hwi_asm_switch.obj (.text:ti_sysbios_family_arm_m3_Hwi_initStacks__E)
                  00003458    00000056     driverlib.lib : gpio.obj (.text:GPIOIntTypeSet)
                  000034ae    00000002     --HOLE-- [fill = 0]
                  000034b0    00000054     sysbios.aem4f : BIOS.obj (.text:ti_sysbios_family_arm_lm4_Timer_initDevice__I)
                  00003504    00000054     pwmled_pem4f.oem4f (.text:ti_sysbios_knl_Task_construct)
                  00003558    00000054     ti.targets.arm.rtsarm.aem4f : Assert.oem4f (.text:xdc_runtime_Assert_raise__I)
                  000035ac    00000050     drivers_tivaware.aem4f : GPIOTiva.oem4f (.text:GPIO_setCallback)
                  000035fc    00000050                            : GPIOTiva.oem4f (.text:GPIO_write)
                  0000364c    00000004     --HOLE-- [fill = 0]
                  00003650    00000050     sysbios.aem4f : BIOS.obj (.text:ti_sysbios_family_arm_m3_Hwi_Module_startup__E)
                  000036a0    00000050     ti.targets.arm.rtsarm.aem4f : Startup.oem4f (.text:xdc_runtime_Startup_exec__E)
                  000036f0    00000050                                 : Text.oem4f (.text:xdc_runtime_Text_visitRope2__I)
                  00003740    0000004c     rtsv7M4_T_le_v4SPD16_eabi.lib : cpy_tbl.c.obj (.text:copy_in)
                  0000378c    00000004     --HOLE-- [fill = 0]
                  00003790    0000004c     sysbios.aem4f : BIOS.obj (.text:ti_sysbios_heaps_HeapMem_getStats__E)
                  000037dc    00000004     --HOLE-- [fill = 0]
                  000037e0    0000004c                   : BIOS.obj (.text:ti_sysbios_knl_Swi_runLoop__I)
                  0000382c    00000004     --HOLE-- [fill = 0]
                  00003830    0000004c                   : BIOS.obj (.text:ti_sysbios_knl_Task_allBlockedFunction__I)
                  0000387c    00000048     driverlib.lib : gpio.obj (.text:GPIOPinConfigure)
                  000038c4    00000004     --HOLE-- [fill = 0]
                  000038c8    00000048     sysbios.aem4f : BIOS.obj (.text:ti_sysbios_family_arm_lm4_Timer_enableTimers__I)
                  00003910    00000048                   : BIOS.obj (.text:ti_sysbios_family_arm_m3_Hwi_disableInterrupt__E)
                  00003958    00000048                   : BIOS.obj (.text:ti_sysbios_family_arm_m3_Hwi_enableInterrupt__E)
                  000039a0    00000048                   : BIOS.obj (.text:ti_sysbios_family_arm_m3_Hwi_excReserved__I)
                  000039e8    00000046     ti.targets.arm.rtsarm.aem4f : Core-params.oem4f (.text:xdc_runtime_Core_assignParams__I)
                  00003a2e    00000002     --HOLE-- [fill = 0]
                  00003a30    00000044     sysbios.aem4f : BIOS.obj (.text:ti_sysbios_family_arm_lm4_Timer_isrStub__E)
                  00003a74    00000004     --HOLE-- [fill = 0]
                  00003a78    00000044                   : BIOS.obj (.text:ti_sysbios_family_arm_m3_Hwi_getStackInfo__E)
                  00003abc    00000004     --HOLE-- [fill = 0]
                  00003ac0    00000044                   : BIOS.obj (.text:ti_sysbios_knl_Swi_post__E)
                  00003b04    00000044     ti.targets.arm.rtsarm.aem4f : Error.oem4f (.text:xdc_runtime_Error_setX__E)
                  00003b48    00000044                                 : SysMin.oem4f (.text:xdc_runtime_SysMin_flush__E)
                  00003b8c    00000044                                 : Text.oem4f (.text:xdc_runtime_Text_xprintf__I)
                  00003bd0    00000040     EK_TM4C123GXL.obj (.text:EK_TM4C123GXL_initGeneral)
                  00003c10    00000040     rtsv7M4_T_le_v4SPD16_eabi.lib : u_divt2.asm.obj (.text)
                  00003c50    00000040     sysbios.aem4f : BIOS.obj (.text:ti_sysbios_family_arm_lm4_Timer_startup__E)
                  00003c90    00000040                   : BIOS.obj (.text:ti_sysbios_heaps_HeapMem_Instance_init__E)
                  00003cd0    0000003c                   : BIOS.obj (.text:ti_sysbios_family_arm_m3_Hwi_excSvCall__I)
                  00003d0c    00000004     --HOLE-- [fill = 0]
                  00003d10    0000003c                   : BIOS.obj (.text:ti_sysbios_heaps_HeapMem_init__I)
                  00003d4c    00000004     --HOLE-- [fill = 0]
                  00003d50    0000003c                   : BIOS.obj (.text:ti_sysbios_knl_Swi_restore__E)
                  00003d8c    00000038     drivers_tivaware.aem4f : PWM.oem4f (.text:PWM_init)
                  00003dc4    00000038     rtsv7M4_T_le_v4SPD16_eabi.lib : trgmsg.c.obj (.text:__TI_writemsg)
                  00003dfc    00000004     --HOLE-- [fill = 0]
                  00003e00    00000038     sysbios.aem4f : BIOS.obj (.text:ti_sysbios_family_arm_m3_Hwi_excNoIsr__I)
                  00003e38    00000038                   : BIOS.obj (.text:ti_sysbios_knl_Task_processVitalTaskFlag__I)
                  00003e70    00000038     ti.targets.arm.rtsarm.aem4f : SysMin.oem4f (.text:xdc_runtime_SysMin_putch__E)
                  00003ea8    00000038                                 : System.oem4f (.text:xdc_runtime_System_atexit__E)
                  00003ee0    00000034     EK_TM4C123GXL.obj (.text:EK_TM4C123GXL_initPWM)
                  00003f14    00000034     driverlib.lib : sysctl.obj (.text:SysCtlPeripheralEnable)
                  00003f48    00000034     rtsv7M4_T_le_v4SPD16_eabi.lib : trgmsg.c.obj (.text:__TI_readmsg)
                  00003f7c    00000004     --HOLE-- [fill = 0]
                  00003f80    00000034     sysbios.aem4f : BIOS.obj (.text:ti_sysbios_family_arm_m3_Hwi_Instance_finalize__E)
                  00003fb4    00000004     --HOLE-- [fill = 0]
                  00003fb8    00000034                   : BIOS.obj (.text:ti_sysbios_family_arm_m3_Hwi_excNmi__I)
                  00003fec    00000004     --HOLE-- [fill = 0]
                  00003ff0    00000034                   : BIOS.obj (.text:ti_sysbios_hal_Hwi_checkStack)
                  00004024    00000034     ti.targets.arm.rtsarm.aem4f : Core-label.oem4f (.text:xdc_runtime_Core_assignLabel__I)
                  00004058    00000033                                 : Text.oem4f (.text:xdc_runtime_Text_printVisFxn__I)
                  0000408b    00000005     --HOLE-- [fill = 0]
                  00004090    00000032     sysbios.aem4f : BIOS.obj (.text:ti_sysbios_hal_Hwi_initStack)
                  000040c2    00000002     --HOLE-- [fill = 0]
                  000040c4    00000030     EK_TM4C123GXL.obj (.text:EK_TM4C123GXL_initGPIO)
                  000040f4    00000030     drivers_tivaware.aem4f : PWMTiva.oem4f (.text:PWMTiva_init)
                  00004124    00000030                            : PWM.oem4f (.text:PWM_open)
                  00004154    00000030     pwmled_pem4f.oem4f (.text:ti_sysbios_BIOS_atExitFunc__I)
                  00004184    00000004     --HOLE-- [fill = 0]
                  00004188    00000030     sysbios.aem4f : BIOS.obj (.text:ti_sysbios_family_arm_lm4_Timer_stop__E)
                  000041b8    00000030                   : BIOS.obj (.text:ti_sysbios_family_arm_m3_TaskSupport_start__E)
                  000041e8    00000030     pwmled_pem4f.oem4f (.text:ti_sysbios_gates_GateHwi_Object__create__S)
                  00004218    00000030     pwmled_pem4f.oem4f (.text:ti_sysbios_gates_GateMutex_Object__create__S)
                  00004248    00000030     sysbios.aem4f : BIOS.obj (.text:ti_sysbios_gates_GateMutex_enter__E)
                  00004278    00000030     pwmled_pem4f.oem4f (.text:ti_sysbios_heaps_HeapMem_Object__create__S)
                  000042a8    00000030     pwmled_pem4f.oem4f (.text:ti_sysbios_knl_Semaphore_construct)
                  000042d8    00000030     sysbios.aem4f : BIOS.obj (.text:ti_sysbios_knl_Semaphore_pendTimeout__I)
                  00004308    00000030                   : BIOS.obj (.text:ti_sysbios_knl_Task_unblockI__E)
                  00004338    00000030     ti.targets.arm.rtsarm.aem4f : SysMin.oem4f (.text:xdc_runtime_SysMin_abort__E)
                  00004368    00000030                                 : System.oem4f (.text:xdc_runtime_System_processAtExit__E)
                  00004398    0000002c     pwmled_pem4f.oem4f (.text:ti_sysbios_knl_Clock_doTick__I)
                  000043c4    0000002c     pwmled_pem4f.oem4f (.text:ti_sysbios_knl_Queue_construct)
                  000043f0    0000002c     sysbios.aem4f : BIOS.obj (.text:ti_sysbios_knl_Task_restore__E)
                  0000441c    0000002c     ti.targets.arm.rtsarm.aem4f : Text.oem4f (.text:xdc_runtime_Text_cordText__E)
                  00004448    0000002a     driverlib.lib : gpio.obj (.text:GPIODirModeSet)
                  00004472    0000002a     ti.targets.arm.rtsarm.aem4f : System.oem4f (.text:xdc_runtime_System_putchar__I)
                  0000449c    00000004     --HOLE-- [fill = 0]
                  000044a0    00000028     sysbios.aem4f : BIOS.obj (.text:ti_sysbios_knl_Swi_Module_startup__E)
                  000044c8    00000026                   : m3_Hwi_asm.obj (.text:ti_sysbios_family_arm_m3_Hwi_pendSV__I)
                  000044ee    00000026     ti.targets.arm.rtsarm.aem4f : System.oem4f (.text:xdc_runtime_System_avprintf__E)
                  00004514    00000024     pwmled_pem4f.oem4f (.text:ti_sysbios_BIOS_errorRaiseHook__I)
                  00004538    00000024     pwmled_pem4f.oem4f (.text:ti_sysbios_BIOS_registerRTSLock__I)
                  0000455c    00000024     pwmled_pem4f.oem4f (.text:ti_sysbios_BIOS_removeRTSLock__I)
                  00004580    00000024     pwmled_pem4f.oem4f (.text:ti_sysbios_BIOS_startFunc__I)
                  000045a4    00000024     pwmled_pem4f.oem4f (.text:ti_sysbios_gates_GateMutex_Object__delete__S)
                  000045c8    00000024     sysbios.aem4f : BIOS.obj (.text:ti_sysbios_knl_Clock_Module_startup__E)
                  000045ec    00000004     --HOLE-- [fill = 0]
                  000045f0    00000024                   : BIOS.obj (.text:ti_sysbios_knl_Semaphore_Instance_init__E)
                  00004614    00000004     --HOLE-- [fill = 0]
                  00004618    00000024                   : BIOS.obj (.text:ti_sysbios_knl_Task_restoreHwi__E)
                  0000463c    00000024     ti.targets.arm.rtsarm.aem4f : System.oem4f (.text:xdc_runtime_System_vprintf__E)
                  00004660    00000022     driverlib.lib : pwm.obj (.text:PWMGenConfigure)
                  00004682    00000022     drivers_tivaware.aem4f : PWMTiva.oem4f (.text:PWMTiva_getPeriodCounts)
                  000046a4    00000004     --HOLE-- [fill = 0]
                  000046a8    00000022     sysbios.aem4f : BIOS.obj (.text:ti_sysbios_family_arm_lm4_Timer_write__I)
                  000046ca    00000022     pwmled_pem4f.oem4f (.text:xdc_runtime_SysMin_output__I)
                  000046ec    00000020     pwmled_pem4f.oem4f (.text:ti_sysbios_BIOS_rtsLock__I)
                  0000470c    00000020     sysbios.aem4f : m3_Hwi_asm.obj (.text:ti_sysbios_family_arm_m3_Hwi_excHandlerAsm__I)
                  0000472c    00000004     --HOLE-- [fill = 0]
                  00004730    00000020                   : BIOS.obj (.text:ti_sysbios_family_arm_m3_Hwi_excHandler__I)
                  00004750    00000020     pwmled_pem4f.oem4f (.text:ti_sysbios_gates_GateHwi_Object__delete__S)
                  00004770    00000020     pwmled_pem4f.oem4f (.text:ti_sysbios_heaps_HeapMem_Object__delete__S)
                  00004790    00000020     sysbios.aem4f : BIOS.obj (.text:ti_sysbios_knl_Idle_run__E)
                  000047b0    00000020     pwmled_pem4f.oem4f (.text:ti_sysbios_knl_Semaphore_Object__destruct__S)
                  000047d0    00000020     ti.targets.arm.rtsarm.aem4f : Registry.oem4f (.text:xdc_runtime_Registry_findById__E)
                  000047f0    00000020                                 : SysMin.oem4f (.text:xdc_runtime_SysMin_Module_startup__E)
                  00004810    0000001e     driverlib.lib : pwm.obj (.text:PWMPulseWidthSet)
                  0000482e    0000001e     drivers_tivaware.aem4f : PWMTiva.oem4f (.text:PWMTiva_getPeriodMicroSecs)
                  0000484c    0000001e     sysbios.aem4f : m3_Hwi_asm_switch.obj (.text:ti_sysbios_family_xxx_Hwi_switchAndRunFunc)
                  0000486a    0000001c     drivers_tivaware.aem4f : GPIOTiva.oem4f (.text:getGpioIntIndex)
                  00004886    00000002     --HOLE-- [fill = 0]
                  00004888    0000001c     sysbios.aem4f : BIOS.obj (.text:ti_sysbios_gates_GateMutex_Instance_init__E)
                  000048a4    0000001c     pwmled_pem4f.oem4f (.text:ti_sysbios_knl_Queue_Object__destruct__S)
                  000048c0    0000001c     sysbios.aem4f : BIOS.obj (.text:ti_sysbios_knl_Queue_put__E)
                  000048dc    00000004     --HOLE-- [fill = 0]
                  000048e0    0000001c                   : BIOS.obj (.text:ti_sysbios_knl_Task_enter__I)
                  000048fc    0000001c     ti.targets.arm.rtsarm.aem4f : Error.oem4f (.text:xdc_runtime_Error_raiseX__E)
                  00004918    0000001c                                 : Memory.oem4f (.text:xdc_runtime_Memory_valloc__E)
                  00004934    0000001c                                 : SysMin.oem4f (.text:xdc_runtime_SysMin_exit__E)
                  00004950    0000001c                                 : System.oem4f (.text:xdc_runtime_System_abort__E)
                  0000496c    0000001a     pwmled_pem4f.oem4f (.text:ti_sysbios_family_arm_m3_Hwi_Handle__label__S)
                  00004986    0000001a     pwmled_pem4f.oem4f (.text:ti_sysbios_gates_GateHwi_Handle__label__S)
                  000049a0    0000001a     pwmled_pem4f.oem4f (.text:ti_sysbios_gates_GateMutex_Handle__label__S)
                  000049ba    0000001a     pwmled_pem4f.oem4f (.text:ti_sysbios_heaps_HeapMem_Handle__label__S)
                  000049d4    0000001a     pwmled_pem4f.oem4f (.text:ti_sysbios_knl_Swi_Handle__label__S)
                  000049ee    0000001a     pwmled_pem4f.oem4f (.text:ti_sysbios_knl_Task_Handle__label__S)
                  00004a08    0000001a     pwmled_pem4f.oem4f (.text:xdc_runtime_System_aprintf__E)
                  00004a22    0000001a     pwmled_pem4f.oem4f (.text:xdc_runtime_System_printf__E)
                  00004a3c    00000018     rtsv7M4_T_le_v4SPD16_eabi.lib : args_main.c.obj (.text:_args_main)
                  00004a54    00000018     pwmled_pem4f.oem4f (.text:ti_sysbios_BIOS_rtsUnlock__I)
                  00004a6c    00000018     pwmled_pem4f.oem4f (.text:ti_sysbios_family_arm_lm4_Timer_Module__startupDone__F)
                  00004a84    00000018     pwmled_pem4f.oem4f (.text:ti_sysbios_family_arm_m3_Hwi_Module__startupDone__F)
                  00004a9c    00000018     sysbios.aem4f : m3_TaskSupport_asm.obj (.text:ti_sysbios_family_arm_m3_TaskSupport_swap__E)
                  00004ab4    00000004     --HOLE-- [fill = 0]
                  00004ab8    00000018                   : BIOS.obj (.text:ti_sysbios_gates_GateMutex_leave__E)
                  00004ad0    00000018                   : BIOS.obj (.text:ti_sysbios_knl_Task_sleepTimeout__I)
                  00004ae8    00000018     ti.targets.arm.rtsarm.aem4f : Error.oem4f (.text:xdc_runtime_Error_check__E)
                  00004b00    00000018                                 : System.oem4f (.text:xdc_runtime_System_exit__E)
                  00004b18    00000018                                 : Text.oem4f (.text:xdc_runtime_Text_ropeText__E)
                  00004b30    00000016     pwmled_pem4f.oem4f (.text:ti_sysbios_BIOS_exitFunc__I)
                  00004b46    00000016     pwmled.obj (.text:ti_sysbios_knl_Task_Params_init)
                  00004b5c    00000014     driverlib.lib : pwm.obj (.text:PWMClockSet)
                  00004b70    00000014                   : sysctl.obj (.text:SysCtlPWMClockSet)
                  00004b84    00000014     rtsv7M4_T_le_v4SPD16_eabi.lib : strlen.c.obj (.text:strlen)
                  00004b98    00000014     pwmled_pem4f.oem4f (.text:ti_sysbios_family_arm_m3_Hwi_Object__get__S)
                  00004bac    00000004     --HOLE-- [fill = 0]
                  00004bb0    00000014     sysbios.aem4f : BIOS.obj (.text:ti_sysbios_family_arm_m3_Hwi_switchFromBootStack__E)
                  00004bc4    00000014     pwmled_pem4f.oem4f (.text:ti_sysbios_heaps_HeapMem_Object__get__S)
                  00004bd8    00000014     pwmled_pem4f.oem4f (.text:ti_sysbios_knl_Swi_Object__get__S)
                  00004bec    00000012     driverlib.lib : gpio.obj (.text:GPIOPinTypeGPIOInput)
                  00004bfe    00000012                   : gpio.obj (.text:GPIOPinTypePWM)
                  00004c10    00000012                   : pwm.obj (.text:PWMGenPeriodGet)
                  00004c22    00000012                   : pwm.obj (.text:PWMOutputInvert)
                  00004c34    00000012                   : pwm.obj (.text:PWMOutputState)
                  00004c46    00000002     --HOLE-- [fill = 0]
                  00004c48    00000012     sysbios.aem4f : BIOS.obj (.text:ti_sysbios_hal_Hwi_Module_startup__E)
                  00004c5a    00000012     pwmled_pem4f.oem4f (.text:xdc_runtime_Startup_exec__I)
                  00004c6c    00000010     driverlib.lib : pwm.obj (.text:PWMGenPeriodSet)
                  00004c7c    00000010     drivers_tivaware.aem4f : PWM.oem4f (.text:PWM_Params_init)
                  00004c8c    00000004     --HOLE-- [fill = 0]
                  00004c90    00000010     sysbios.aem4f : BIOS.obj (.text:ti_sysbios_BIOS_getCpuFreq__E)
                  00004ca0    00000010                   : BIOS.obj (.text:ti_sysbios_BIOS_setThreadType__E)
                  00004cb0    00000010                   : BIOS.obj (.text:ti_sysbios_BIOS_start__E)
                  00004cc0    00000010                   : m3_TaskSupport_asm.obj (.text:ti_sysbios_family_arm_m3_TaskSupport_glue)
                  00004cd0    00000010                   : BIOS.obj (.text:ti_sysbios_gates_GateMutex_Instance_finalize__E)
                  00004ce0    00000010                   : BIOS.obj (.text:ti_sysbios_knl_Semaphore_Instance_finalize__E)
                  00004cf0    00000010                   : BIOS.obj (.text:ti_sysbios_knl_Swi_disable__E)
                  00004d00    00000010     pwmled_pem4f.oem4f (.text:ti_sysbios_knl_Task_Object__get__S)
                  00004d10    00000010     sysbios.aem4f : BIOS.obj (.text:ti_sysbios_knl_Task_disable__E)
                  00004d20    00000010     ti.targets.arm.rtsarm.aem4f : Gate.oem4f (.text:xdc_runtime_Gate_leaveSystem__E)
                  00004d30    00000010                                 : Memory.oem4f (.text:xdc_runtime_Memory_free__E)
                  00004d40    00000010                                 : SysMin.oem4f (.text:xdc_runtime_SysMin_ready__E)
                  00004d50    00000010                                 : System.oem4f (.text:xdc_runtime_System_vsnprintf__E)
                  00004d60    00000010     pwmled_pem4f.oem4f (.text:xdc_runtime_Text_visitRope__I)
                  00004d70    0000000e     driverlib.lib : gpio.obj (.text:GPIOIntStatus)
                  00004d7e    0000000e     rtsv7M4_T_le_v4SPD16_eabi.lib : copy_decompress_none.c.obj (.text:decompress:none:__TI_decompress_none)
                  00004d8c    00000004     --HOLE-- [fill = 0]
                  00004d90    0000000e     sysbios.aem4f : BIOS.obj (.text:ti_sysbios_knl_Idle_loop__E)
                  00004d9e    00000002     --HOLE-- [fill = 0]
                  00004da0    0000000e                   : BIOS.obj (.text:ti_sysbios_knl_Queue_empty__E)
                  00004dae    00000002     --HOLE-- [fill = 0]
                  00004db0    0000000c     pwmled_pem4f.oem4f (.text:.bootCodeSection:ti_catalog_arm_cortexm4_tiva_ce_Boot_init__I)
                  00004dbc    0000000c     driverlib.lib : pwm.obj (.text:PWMGenDisable)
                  00004dc8    0000000c                   : pwm.obj (.text:PWMGenEnable)
                  00004dd4    0000000c     rtsv7M4_T_le_v4SPD16_eabi.lib : _lock.c.obj (.text:_register_lock)
                  00004de0    0000000c                                   : _lock.c.obj (.text:_register_unlock)
                  00004dec    0000000c                                   : copy_zero_init.c.obj (.text:decompress:ZI:__TI_zero_init)
                  00004df8    0000000c     sysbios.aem4f : BIOS.obj (.text:ti_sysbios_family_arm_lm4_Timer_getMaxTicks__E)
                  00004e04    0000000c     pwmled_pem4f.oem4f (.text:ti_sysbios_family_arm_m3_Hwi_Params__init__S)
                  00004e10    0000000c     sysbios.aem4f : BIOS.obj (.text:ti_sysbios_family_arm_m3_Hwi_disableFxn__E)
                  00004e1c    00000004     --HOLE-- [fill = 0]
                  00004e20    0000000c                   : BIOS.obj (.text:ti_sysbios_family_arm_m3_TaskSupport_checkStack__E)
                  00004e2c    00000004     --HOLE-- [fill = 0]
                  00004e30    0000000c                   : BIOS.obj (.text:ti_sysbios_family_arm_m3_TaskSupport_getStackAlignment__E)
                  00004e3c    00000004     --HOLE-- [fill = 0]
                  00004e40    0000000c                   : BIOS.obj (.text:ti_sysbios_gates_GateHwi_enter__E)
                  00004e4c    0000000c     pwmled_pem4f.oem4f (.text:ti_sysbios_knl_Queue_Object__get__S)
                  00004e58    0000000c     pwmled_pem4f.oem4f (.text:ti_sysbios_knl_Task_Params__init__S)
                  00004e64    0000000c     ti.targets.arm.rtsarm.aem4f : Error.oem4f (.text:xdc_runtime_Error_init__E)
                  00004e70    0000000c                                 : Gate.oem4f (.text:xdc_runtime_Gate_enterSystem__E)
                  00004e7c    0000000c                                 : Memory.oem4f (.text:xdc_runtime_Memory_calloc__E)
                  00004e88    0000000c                                 : Memory.oem4f (.text:xdc_runtime_Memory_getMaxDefaultTypeAlign__E)
                  00004e94    0000000a     drivers_tivaware.aem4f : PWM.oem4f (.text:PWM_setDuty)
                  00004e9e    0000000a     pwmled_pem4f.oem4f (.text:xdc_runtime_IHeap_alloc)
                  00004ea8    0000000a     pwmled_pem4f.oem4f (.text:xdc_runtime_IHeap_free)
                  00004eb2    00000008     sysbios.aem4f : BIOS.obj (.text:ti_sysbios_family_arm_lm4_Timer_masterDisable__I)
                  00004eba    00000006     driverlib.lib : gpio.obj (.text:GPIOIntClear)
                  00004ec0    00000008     sysbios.aem4f : BIOS.obj (.text:ti_sysbios_family_arm_m3_Hwi_doSwiRestore__I)
                  00004ec8    00000008                   : BIOS.obj (.text:ti_sysbios_family_arm_m3_Hwi_startup__E)
                  00004ed0    00000006     driverlib.lib : gpio.obj (.text:GPIOPinWrite)
                  00004ed6    00000006     Boot.aem4f : Boot_sysctl.oem4f (.text:ti_catalog_arm_cortexm4_tiva_ce_Boot_sysCtlDelayI__I)
                  00004edc    00000004     --HOLE-- [fill = 0]
                  00004ee0    00000006     sysbios.aem4f : BIOS.obj (.text:ti_sysbios_family_arm_m3_Hwi_doTaskRestore__I)
                  00004ee6    00000002     --HOLE-- [fill = 0]
                  00004ee8    00000006                   : BIOS.obj (.text:ti_sysbios_family_arm_m3_Hwi_restoreFxn__E)
                  00004eee    00000002     --HOLE-- [fill = 0]
                  00004ef0    00000006                   : BIOS.obj (.text:ti_sysbios_gates_GateHwi_leave__E)
                  00004ef6    00000002     --HOLE-- [fill = 0]
                  00004ef8    00000006                   : BIOS.obj (.text:ti_sysbios_heaps_HeapMem_isBlocking__E)
                  00004efe    00000002     --HOLE-- [fill = 0]
                  00004f00    00000006                   : BIOS.obj (.text:ti_sysbios_knl_Queue_Instance_init__E)
                  00004f06    00000002     --HOLE-- [fill = 0]
                  00004f08    00000006                   : BIOS.obj (.text:ti_sysbios_knl_Swi_startup__E)
                  00004f0e    00000006     ti.targets.arm.rtsarm.aem4f : System.oem4f (.text:xdc_runtime_System_Module_startup__E)
                  00004f14    00000004     --HOLE-- [fill = 0]
                  00004f18    00000004     sysbios.aem4f : BIOS.obj (.text:ti_sysbios_gates_GateHwi_query__E)
                  00004f1c    00000004     --HOLE-- [fill = 0]
                  00004f20    00000004                   : BIOS.obj (.text:ti_sysbios_gates_GateMutex_query__E)
                  00004f24    00000004     --HOLE-- [fill = 0]
                  00004f28    00000004                   : BIOS.obj (.text:ti_sysbios_knl_Task_startup__E)
                  00004f2c    00000004     --HOLE-- [fill = 0]
                  00004f30    00000002                   : BIOS.obj (.text:ti_sysbios_gates_GateHwi_Instance_init__E)
                  00004f32    00000006     --HOLE-- [fill = 0]
                  00004f38    00000002                   : BIOS.obj (.text:ti_sysbios_knl_Clock_logTick__E)

.const     0    00004f3c    00001f12     
                  00004f3c    00001861     pwmled_pem4f.oem4f (.const:xdc_runtime_Text_charTab__A)
                  0000679d    00000001     pwmled_pem4f.oem4f (.const:xdc_runtime_Error_policy__C)
                  0000679e    000000bc     pwmled_pem4f.oem4f (.const:xdc_runtime_Text_nodeTab__A)
                  0000685a    00000002     pwmled_pem4f.oem4f (.const:ti_catalog_arm_cortexm4_tiva_ce_Boot_Module__id__C)
                  0000685c    00000090     driverlib.lib : gpio.obj (.const:g_pui32GPIOBaseAddrs)
                  000068ec    00000054     drivers_tivaware.aem4f : GPIOTiva.oem4f (.const:.string)
                  00006940    00000048     pwmled_pem4f.oem4f (.const:.string)
                  00006988    00000048     drivers_tivaware.aem4f : GPIOTiva.oem4f (.const:gpioBaseAddresses)
                  000069d0    0000003c     pwmled_pem4f.oem4f (.const:ti_sysbios_knl_Task_Object__PARAMS__C)
                  00006a0c    00000030     pwmled_pem4f.oem4f (.const:ti_sysbios_family_arm_m3_Hwi_Object__PARAMS__C)
                  00006a3c    00000028     pwmled_pem4f.oem4f (.const:ti_sysbios_heaps_HeapMem_Module__FXNS__C)
                  00006a64    00000024     EK_TM4C123GXL.obj (.const:PWM_config)
                  00006a88    00000024     pwmled_pem4f.oem4f (.const:ti_sysbios_gates_GateHwi_Module__FXNS__C)
                  00006aac    00000024     pwmled_pem4f.oem4f (.const:ti_sysbios_gates_GateMutex_Module__FXNS__C)
                  00006ad0    00000024     pwmled_pem4f.oem4f (.const:ti_sysbios_heaps_HeapMem_Object__PARAMS__C)
                  00006af4    00000024     pwmled_pem4f.oem4f (.const:ti_sysbios_knl_Semaphore_Object__PARAMS__C)
                  00006b18    00000020     drivers_tivaware.aem4f : PWMTiva.oem4f (.const)
                  00006b38    00000020     pwmled_pem4f.oem4f (.const:ti_sysbios_family_arm_m3_Hwi_Object__DESC__C)
                  00006b58    00000020     pwmled_pem4f.oem4f (.const:ti_sysbios_gates_GateHwi_Object__DESC__C)
                  00006b78    00000020     pwmled_pem4f.oem4f (.const:ti_sysbios_gates_GateMutex_Object__DESC__C)
                  00006b98    00000020     pwmled_pem4f.oem4f (.const:ti_sysbios_heaps_HeapMem_Object__DESC__C)
                  00006bb8    00000020     pwmled_pem4f.oem4f (.const:ti_sysbios_knl_Queue_Object__DESC__C)
                  00006bd8    00000020     pwmled_pem4f.oem4f (.const:ti_sysbios_knl_Semaphore_Object__DESC__C)
                  00006bf8    00000020     pwmled_pem4f.oem4f (.const:ti_sysbios_knl_Task_Object__DESC__C)
                  00006c18    00000020     pwmled_pem4f.oem4f (.const:xdc_runtime_Startup_sfxnTab__A)
                  00006c38    00000018     EK_TM4C123GXL.obj (.const:pwmTivaHWAttrs)
                  00006c50    00000018     pwmled_pem4f.oem4f (.const:ti_sysbios_gates_GateHwi_Object__PARAMS__C)
                  00006c68    00000018     pwmled_pem4f.oem4f (.const:ti_sysbios_gates_GateMutex_Object__PARAMS__C)
                  00006c80    00000018     pwmled_pem4f.oem4f (.const:ti_sysbios_knl_Queue_Object__PARAMS__C)
                  00006c98    00000014     EK_TM4C123GXL.obj (.const:GPIOTiva_config)
                  00006cac    00000014     pwmled_pem4f.oem4f (.const:xdc_runtime_Startup_firstFxns__A)
                  00006cc0    00000010     pwmled_pem4f.oem4f (.const:xdc_runtime_Startup_sfxnRts__A)
                  00006cd0    0000000c     drivers_tivaware.aem4f : PWM.oem4f (.const)
                  00006cdc    00000008     pwmled_pem4f.oem4f (.const:ti_sysbios_family_arm_m3_Hwi_excHookFuncs__A)
                  00006ce4    00000008     pwmled_pem4f.oem4f (.const:ti_sysbios_knl_Idle_funcList__C)
                  00006cec    00000008     pwmled_pem4f.oem4f (.const:xdc_runtime_Startup_firstFxns__C)
                  00006cf4    00000008     pwmled_pem4f.oem4f (.const:xdc_runtime_Startup_lastFxns__C)
                  00006cfc    00000004     pwmled_pem4f.oem4f (.const:ti_catalog_arm_cortexm4_tiva_ce_Boot_A_mustUseEnhancedClockMode__C)
                  00006d00    00000004     pwmled_pem4f.oem4f (.const:ti_catalog_arm_cortexm4_tiva_ce_Boot_Module__diagsEnabled__C)
                  00006d04    00000004     pwmled_pem4f.oem4f (.const:ti_catalog_arm_cortexm4_tiva_ce_Boot_Module__diagsIncluded__C)
                  00006d08    00000004     pwmled_pem4f.oem4f (.const:ti_catalog_arm_cortexm4_tiva_ce_Boot_Module__diagsMask__C)
                  00006d0c    00000004     pwmled_pem4f.oem4f (.const:ti_sysbios_family_arm_lm4_Timer_enableFunc__C)
                  00006d10    00000004     pwmled_pem4f.oem4f (.const:ti_sysbios_family_arm_lm4_Timer_numTimerDevices__C)
                  00006d14    00000004     pwmled_pem4f.oem4f (.const:ti_sysbios_family_arm_lm4_Timer_startupNeeded__C)
                  00006d18    00000004     pwmled_pem4f.oem4f (.const:ti_sysbios_family_arm_m3_Hwi_E_NMI__C)
                  00006d1c    00000004     pwmled_pem4f.oem4f (.const:ti_sysbios_family_arm_m3_Hwi_E_alreadyDefined__C)
                  00006d20    00000004     pwmled_pem4f.oem4f (.const:ti_sysbios_family_arm_m3_Hwi_E_busFault__C)
                  00006d24    00000004     pwmled_pem4f.oem4f (.const:ti_sysbios_family_arm_m3_Hwi_E_debugMon__C)
                  00006d28    00000004     pwmled_pem4f.oem4f (.const:ti_sysbios_family_arm_m3_Hwi_E_hardFault__C)
                  00006d2c    00000004     pwmled_pem4f.oem4f (.const:ti_sysbios_family_arm_m3_Hwi_E_memFault__C)
                  00006d30    00000004     pwmled_pem4f.oem4f (.const:ti_sysbios_family_arm_m3_Hwi_E_noIsr__C)
                  00006d34    00000004     pwmled_pem4f.oem4f (.const:ti_sysbios_family_arm_m3_Hwi_E_reserved__C)
                  00006d38    00000004     pwmled_pem4f.oem4f (.const:ti_sysbios_family_arm_m3_Hwi_E_svCall__C)
                  00006d3c    00000004     pwmled_pem4f.oem4f (.const:ti_sysbios_family_arm_m3_Hwi_E_usageFault__C)
                  00006d40    00000004     pwmled_pem4f.oem4f (.const:ti_sysbios_family_arm_m3_Hwi_NUM_INTERRUPTS__C)
                  00006d44    00000004     pwmled_pem4f.oem4f (.const:ti_sysbios_family_arm_m3_Hwi_Object__count__C)
                  00006d48    00000004     pwmled_pem4f.oem4f (.const:ti_sysbios_family_arm_m3_Hwi_ccr__C)
                  00006d4c    00000004     pwmled_pem4f.oem4f (.const:ti_sysbios_family_arm_m3_Hwi_excHandlerFunc__C)
                  00006d50    00000004     pwmled_pem4f.oem4f (.const:ti_sysbios_family_arm_m3_Hwi_excHookFuncs__C)
                  00006d54    00000004     pwmled_pem4f.oem4f (.const:ti_sysbios_family_arm_m3_Hwi_nullIsrFunc__C)
                  00006d58    00000004     pwmled_pem4f.oem4f (.const:ti_sysbios_family_arm_m3_Hwi_priGroup__C)
                  00006d5c    00000004     pwmled_pem4f.oem4f (.const:ti_sysbios_family_arm_m3_TaskSupport_stackAlignment__C)
                  00006d60    00000004     pwmled_pem4f.oem4f (.const:ti_sysbios_gates_GateMutex_Instance_State_sem__O)
                  00006d64    00000004     pwmled_pem4f.oem4f (.const:ti_sysbios_hal_Hwi_E_stackOverflow__C)
                  00006d68    00000004     pwmled_pem4f.oem4f (.const:ti_sysbios_heaps_HeapMem_E_memory__C)
                  00006d6c    00000004     pwmled_pem4f.oem4f (.const:ti_sysbios_heaps_HeapMem_Module__gateObj__C)
                  00006d70    00000004     pwmled_pem4f.oem4f (.const:ti_sysbios_heaps_HeapMem_Object__count__C)
                  00006d74    00000004     pwmled_pem4f.oem4f (.const:ti_sysbios_heaps_HeapMem_reqAlign__C)
                  00006d78    00000004     pwmled_pem4f.oem4f (.const:ti_sysbios_knl_Clock_Module_State_clockQ__O)
                  00006d7c    00000004     pwmled_pem4f.oem4f (.const:ti_sysbios_knl_Idle_funcList__A)
                  00006d80    00000004     pwmled_pem4f.oem4f (.const:ti_sysbios_knl_Semaphore_Instance_State_pendQ__O)
                  00006d84    00000004     pwmled_pem4f.oem4f (.const:ti_sysbios_knl_Swi_Object__count__C)
                  00006d88    00000004     pwmled_pem4f.oem4f (.const:ti_sysbios_knl_Task_E_spOutOfBounds__C)
                  00006d8c    00000004     pwmled_pem4f.oem4f (.const:ti_sysbios_knl_Task_E_stackOverflow__C)
                  00006d90    00000004     pwmled_pem4f.oem4f (.const:ti_sysbios_knl_Task_Module_State_inactiveQ__O)
                  00006d94    00000004     pwmled_pem4f.oem4f (.const:ti_sysbios_knl_Task_Object__count__C)
                  00006d98    00000004     pwmled_pem4f.oem4f (.const:ti_sysbios_knl_Task_allBlockedFunc__C)
                  00006d9c    00000004     pwmled_pem4f.oem4f (.const:ti_sysbios_knl_Task_defaultStackHeap__C)
                  00006da0    00000004     pwmled_pem4f.oem4f (.const:ti_sysbios_knl_Task_defaultStackSize__C)
                  00006da4    00000004     pwmled_pem4f.oem4f (.const:ti_sysbios_knl_Task_numConstructedTasks__C)
                  00006da8    00000004     pwmled_pem4f.oem4f (.const:xdc_runtime_Assert_E_assertFailed__C)
                  00006dac    00000004     pwmled_pem4f.oem4f (.const:xdc_runtime_Core_A_initializedParams__C)
                  00006db0    00000004     pwmled_pem4f.oem4f (.const:xdc_runtime_Core_Module__diagsEnabled__C)
                  00006db4    00000004     pwmled_pem4f.oem4f (.const:xdc_runtime_Core_Module__diagsIncluded__C)
                  00006db8    00000004     pwmled_pem4f.oem4f (.const:xdc_runtime_Core_Module__diagsMask__C)
                  00006dbc    00000004     pwmled_pem4f.oem4f (.const:xdc_runtime_Error_E_memory__C)
                  00006dc0    00000004     pwmled_pem4f.oem4f (.const:xdc_runtime_Error_Module__diagsEnabled__C)
                  00006dc4    00000004     pwmled_pem4f.oem4f (.const:xdc_runtime_Error_Module__diagsIncluded__C)
                  00006dc8    00000004     pwmled_pem4f.oem4f (.const:xdc_runtime_Error_Module__diagsMask__C)
                  00006dcc    00000004     pwmled_pem4f.oem4f (.const:xdc_runtime_Error_Module__loggerFxn8__C)
                  00006dd0    00000004     pwmled_pem4f.oem4f (.const:xdc_runtime_Error_Module__loggerObj__C)
                  00006dd4    00000004     pwmled_pem4f.oem4f (.const:xdc_runtime_Error_policyFxn__C)
                  00006dd8    00000004     pwmled_pem4f.oem4f (.const:xdc_runtime_Error_raiseHook__C)
                  00006ddc    00000004     pwmled_pem4f.oem4f (.const:xdc_runtime_IGateProvider_Interface__BASE__C)
                  00006de0    00000004     pwmled_pem4f.oem4f (.const:xdc_runtime_IHeap_Interface__BASE__C)
                  00006de4    00000004     pwmled_pem4f.oem4f (.const:xdc_runtime_IModule_Interface__BASE__C)
                  00006de8    00000004     pwmled_pem4f.oem4f (.const:xdc_runtime_Log_L_error__C)
                  00006dec    00000004     pwmled_pem4f.oem4f (.const:xdc_runtime_Memory_defaultHeapInstance__C)
                  00006df0    00000004     pwmled_pem4f.oem4f (.const:xdc_runtime_Startup_execImpl__C)
                  00006df4    00000004     pwmled_pem4f.oem4f (.const:xdc_runtime_Startup_maxPasses__C)
                  00006df8    00000004     pwmled_pem4f.oem4f (.const:xdc_runtime_Startup_sfxnRts__C)
                  00006dfc    00000004     pwmled_pem4f.oem4f (.const:xdc_runtime_Startup_sfxnTab__C)
                  00006e00    00000004     pwmled_pem4f.oem4f (.const:xdc_runtime_SysMin_bufSize__C)
                  00006e04    00000004     pwmled_pem4f.oem4f (.const:xdc_runtime_SysMin_outputFunc__C)
                  00006e08    00000004     pwmled_pem4f.oem4f (.const:xdc_runtime_System_Module__gateObj__C)
                  00006e0c    00000004     pwmled_pem4f.oem4f (.const:xdc_runtime_System_abortFxn__C)
                  00006e10    00000004     pwmled_pem4f.oem4f (.const:xdc_runtime_System_exitFxn__C)
                  00006e14    00000004     pwmled_pem4f.oem4f (.const:xdc_runtime_System_extendFxn__C)
                  00006e18    00000004     pwmled_pem4f.oem4f (.const:xdc_runtime_System_maxAtexitHandlers__C)
                  00006e1c    00000004     pwmled_pem4f.oem4f (.const:xdc_runtime_Text_charTab__C)
                  00006e20    00000004     pwmled_pem4f.oem4f (.const:xdc_runtime_Text_nameEmpty__C)
                  00006e24    00000004     pwmled_pem4f.oem4f (.const:xdc_runtime_Text_nameStatic__C)
                  00006e28    00000004     pwmled_pem4f.oem4f (.const:xdc_runtime_Text_nameUnknown__C)
                  00006e2c    00000004     pwmled_pem4f.oem4f (.const:xdc_runtime_Text_nodeTab__C)
                  00006e30    00000004     pwmled_pem4f.oem4f (.const:xdc_runtime_Text_visitRopeFxn__C)
                  00006e34    00000002     pwmled_pem4f.oem4f (.const:ti_sysbios_family_arm_m3_Hwi_Module__id__C)
                  00006e36    00000002     pwmled_pem4f.oem4f (.const:ti_sysbios_hal_Hwi_Module__id__C)
                  00006e38    00000002     pwmled_pem4f.oem4f (.const:ti_sysbios_heaps_HeapMem_Module__id__C)
                  00006e3a    00000002     pwmled_pem4f.oem4f (.const:ti_sysbios_knl_Task_Module__id__C)
                  00006e3c    00000002     pwmled_pem4f.oem4f (.const:xdc_runtime_Core_Module__id__C)
                  00006e3e    00000002     pwmled_pem4f.oem4f (.const:xdc_runtime_Error_Module__loggerDefined__C)
                  00006e40    00000002     pwmled_pem4f.oem4f (.const:xdc_runtime_Error_maxDepth__C)
                  00006e42    00000002     pwmled_pem4f.oem4f (.const:xdc_runtime_Memory_Module__id__C)
                  00006e44    00000002     pwmled_pem4f.oem4f (.const:xdc_runtime_SysMin_flushAtExit__C)
                  00006e46    00000002     pwmled_pem4f.oem4f (.const:xdc_runtime_Text_charCnt__C)
                  00006e48    00000002     pwmled_pem4f.oem4f (.const:xdc_runtime_Text_isLoaded__C)
                  00006e4a    00000002     pwmled_pem4f.oem4f (.const:xdc_runtime_Text_registryModsLastId__C)
                  00006e4c    00000002     pwmled_pem4f.oem4f (.const:xdc_runtime_Text_unnamedModsLastId__C)

.cinit     0    00006e50    00000208     
                  00006e50    000001ce     (.cinit..data.load) [load image, compression = lzss]
                  0000701e    00000002     --HOLE-- [fill = 0]
                  00007020    0000000c     (__TI_handler_table)
                  0000702c    00000004     --HOLE-- [fill = 0]
                  00007030    00000008     (.cinit..bss.load) [load image, compression = zero_init]
                  00007038    00000008     (.cinit..vecs.load) [load image, compression = zero_init]
                  00007040    00000018     (__TI_cinit_table)

.init_array 
*          0    00000000    00000000     UNINITIALIZED

.resetVecs 
*          0    00000000    0000003c     
                  00000000    0000003c     pwmled_pem4f.oem4f (.resetVecs)

.bss       0    20000360    00000dfc     UNINITIALIZED
                  20000360    00000400     (.common:ti_sysbios_heaps_HeapMem_Instance_State_0_buf__A)
                  20000760    00000360     (.common:ti_sysbios_family_arm_m3_Hwi_dispatchTable)
                  20000ac0    00000200     pwmled_pem4f.oem4f (.bss:taskStackSection)
                  20000cc0    00000200     (.common:tsk0Stack)
                  20000ec0    00000120     rtsv7M4_T_le_v4SPD16_eabi.lib : trgmsg.c.obj (.bss:_CIOBUF_)
                  20000fe0    00000090     drivers_tivaware.aem4f : GPIOTiva.oem4f (.bss:gpioCallbackInfo)
                  20001070    00000080     (.common:xdc_runtime_SysMin_Module_State_0_outbuf__A)
                  200010f0    00000050     (.common:tsk0Struct)
                  20001140    00000010     (.common:pwmTivaObjects)
                  20001150    00000008     (.common:parmbuf)
                  20001158    00000004     (.common:gpioInterruptVectors)

.data      0    2000115c    00000422     UNINITIALIZED
                  2000115c    00000080     pwmled_pem4f.oem4f (.data:ti_sysbios_knl_Swi_Module_State_0_readyQ__A)
                  200011dc    00000080     pwmled_pem4f.oem4f (.data:ti_sysbios_knl_Task_Module_State_0_readyQ__A)
                  2000125c    0000004c     pwmled_pem4f.oem4f (.data:ti_sysbios_knl_Task_Object__table__V)
                  200012a8    00000044     pwmled_pem4f.oem4f (.data:ti_sysbios_knl_Task_Module__state__V)
                  200012ec    00000040     pwmled_pem4f.oem4f (.data:ti_sysbios_family_arm_lm4_Timer_Object__table__V)
                  2000132c    00000038     pwmled_pem4f.oem4f (.data:ti_sysbios_gates_GateMutex_Object__table__V)
                  20001364    00000034     pwmled_pem4f.oem4f (.data:ti_sysbios_family_arm_m3_Hwi_Module__state__V)
                  20001398    00000030     pwmled_pem4f.oem4f (.data:ti_sysbios_family_arm_lm4_Timer_Module_State_0_device__A)
                  200013c8    00000030     pwmled_pem4f.oem4f (.data:ti_sysbios_knl_Swi_Object__table__V)
                  200013f8    0000002c     pwmled_pem4f.oem4f (.data:ti_sysbios_knl_Clock_Module__state__V)
                  20001424    00000024     pwmled_pem4f.oem4f (.data:ti_sysbios_BIOS_Module__state__V)
                  20001448    0000001c     pwmled_pem4f.oem4f (.data:ti_sysbios_knl_Swi_Module__state__V)
                  20001464    00000018     drivers_tivaware.aem4f : PWMTiva.oem4f (.data)
                  2000147c    00000018     pwmled_pem4f.oem4f (.data:ti_sysbios_family_arm_lm4_Timer_Module_State_0_handles__A)
                  20001494    00000018     pwmled_pem4f.oem4f (.data:ti_sysbios_family_arm_m3_Hwi_Object__table__V)
                  200014ac    00000018     pwmled_pem4f.oem4f (.data:ti_sysbios_heaps_HeapMem_Object__table__V)
                  200014c4    00000014     EK_TM4C123GXL.obj (.data:gpioPinConfigs)
                  200014d8    0000000c     pwmled_pem4f.oem4f (.data:ti_sysbios_family_arm_lm4_Timer_Module__state__V)
                  200014e4    0000000c     pwmled_pem4f.oem4f (.data:xdc_runtime_SysMin_Module__state__V)
                  200014f0    00000008     rtsv7M4_T_le_v4SPD16_eabi.lib : _lock.c.obj (.data:$O1$$)
                  200014f8    00000008     EK_TM4C123GXL.obj (.data:gpioCallbackFunctions)
                  20001500    00000008     pwmled_pem4f.oem4f (.data:ti_sysbios_family_arm_m3_Hwi_Module__root__V)
                  20001508    00000008     pwmled_pem4f.oem4f (.data:ti_sysbios_gates_GateHwi_Module__root__V)
                  20001510    00000008     pwmled_pem4f.oem4f (.data:ti_sysbios_gates_GateMutex_Module__root__V)
                  20001518    00000008     pwmled_pem4f.oem4f (.data:ti_sysbios_heaps_HeapMem_Module__root__V)
                  20001520    00000008     pwmled_pem4f.oem4f (.data:ti_sysbios_knl_Queue_Module__root__V)
                  20001528    00000008     pwmled_pem4f.oem4f (.data:ti_sysbios_knl_Semaphore_Module__root__V)
                  20001530    00000008     pwmled_pem4f.oem4f (.data:ti_sysbios_knl_Task_Module__root__V)
                  20001538    00000008     pwmled_pem4f.oem4f (.data:xdc_runtime_Registry_Module__state__V)
                  20001540    00000008     pwmled_pem4f.oem4f (.data:xdc_runtime_Startup_Module__state__V)
                  20001548    00000008     pwmled_pem4f.oem4f (.data:xdc_runtime_System_Module_State_0_atexitHandlers__A)
                  20001550    00000008     pwmled_pem4f.oem4f (.data:xdc_runtime_System_Module__state__V)
                  20001558    00000005     drivers_tivaware.aem4f : GPIOTiva.oem4f (.data)
                  2000155d    00000001     --HOLE--
                  2000155e    00000002     pwmled_pem4f.oem4f (.data:ti_sysbios_family_arm_m3_Hwi_Module_State_0_excActive__A)
                  20001560    00000004     drivers_tivaware.aem4f : PWM.oem4f (.data)
                  20001564    00000004     rtsv7M4_T_le_v4SPD16_eabi.lib : stkdepth_vars.c.obj (.data)
                  20001568    00000004     pwmled_pem4f.oem4f (.data:ti_sysbios_family_arm_m3_Hwi_Module_State_0_excContext__A)
                  2000156c    00000004     pwmled_pem4f.oem4f (.data:ti_sysbios_family_arm_m3_Hwi_Module_State_0_excStack__A)
                  20001570    00000004     pwmled_pem4f.oem4f (.data:ti_sysbios_gates_GateHwi_Object__table__V)
                  20001574    00000004     pwmled_pem4f.oem4f (.data:ti_sysbios_knl_Task_Module_State_0_idleTask__A)
                  20001578    00000004     pwmled_pem4f.oem4f (.data:xdc_runtime_Memory_Module__state__V)
                  2000157c    00000002     pwmled_pem4f.oem4f (.data:xdc_runtime_Error_Module__state__V)

.stack     0    20001580    00000300     UNINITIALIZED
                  20001580    00000300     --HOLE--

.bootVecs 
*          0    00000000    00000008     DSECT
                  00000000    00000008     boot.aem4f : boot.oem4f (.bootVecs)

.vecs      0    20000000    00000360     UNINITIALIZED
                  20000000    00000360     pwmled_pem4f.oem4f (.vecs)

xdc.meta   0    00000000    000000f4     COPY SECTION
                  00000000    000000f4     pwmled_pem4f.oem4f (xdc.meta)

__llvm_prf_cnts 
*          0    20000000    00000000     UNINITIALIZED

MODULE SUMMARY

       Module                       code    ro data   rw data
       ------                       ----    -------   -------
    .\
       pwmled.obj                   342     0         592    
       EK_TM4C123GXL.obj            164     80        44     
    +--+----------------------------+-------+---------+---------+
       Total:                       506     80        636    
                                                             
    C:\Users\Aaron\Documents\GitHub\robot-operator\PWM Example\Debug\configPkg\package\cfg\
       pwmled_pem4f.oem4f           1654    7590      4376   
    +--+----------------------------+-------+---------+---------+
       Total:                       1654    7590      4376   
                                                             
    C:/ti/tirtos_tivac_2_16_00_08/products/TivaWare_C_Series-2.1.1.71b/driverlib/ccs/Debug/driverlib.lib
       gpio.obj                     566     144       0      
       pwm.obj                      178     0         0      
       sysctl.obj                   72      0         0      
    +--+----------------------------+-------+---------+---------+
       Total:                       816     144       0      
                                                             
    C:/ti/tirtos_tivac_2_16_00_08/products/tidrivers_tivac_2_16_00_08/packages/ti/drivers/lib/drivers_tivaware.aem4f
       GPIOTiva.oem4f               764     156       153    
       PWMTiva.oem4f                962     32        24     
       PWM.oem4f                    130     12        4      
    +--+----------------------------+-------+---------+---------+
       Total:                       1856    200       181    
                                                             
    C:\Users\Aaron\Documents\GitHub\robot-operator\PWM Example\src\sysbios\sysbios.aem4f
       BIOS.obj                     9070    0         0      
       m3_Hwi_asm.obj               314     0         0      
       m3_TaskSupport_asm.obj       180     0         0      
       m3_Hwi_asm_switch.obj        118     0         0      
    +--+----------------------------+-------+---------+---------+
       Total:                       9682    0         0      
                                                             
    C:\ti\ccs1040\ccs\tools\compiler\ti-cgt-arm_20.2.5.LTS\lib\rtsv7M4_T_le_v4SPD16_eabi.lib
       trgmsg.c.obj                 108     0         288    
       memcpy_t2.asm.obj            156     0         0      
       memset_t2.asm.obj            122     0         0      
       copy_decompress_lzss.c.obj   104     0         0      
       hostwrite.c.obj              88      0         0      
       cpy_tbl.c.obj                76      0         0      
       u_divt2.asm.obj              64      0         0      
       _lock.c.obj                  26      0         8      
       args_main.c.obj              24      0         0      
       strlen.c.obj                 20      0         0      
       copy_decompress_none.c.obj   14      0         0      
       copy_zero_init.c.obj         12      0         0      
       hostopen.c.obj               0       0         8      
       exit.c.obj                   4       0         0      
       stkdepth_vars.c.obj          0       0         4      
       div0.asm.obj                 2       0         0      
    +--+----------------------------+-------+---------+---------+
       Total:                       820     0         308    
                                                             
    C:\ti\tirtos_tivac_2_16_00_08\products\bios_6_45_01_29\packages\ti\catalog\arm\cortexm4\tiva\ce\lib\Boot.aem4f
       Boot_sysctl.oem4f            262     0         0      
       Boot.oem4f                   152     0         0      
    +--+----------------------------+-------+---------+---------+
       Total:                       414     0         0      
                                                             
    C:\ti\tirtos_tivac_2_16_00_08\products\bios_6_45_01_29\packages\ti\targets\arm\rtsarm\lib\auto_init.aem4f
       auto_init.oem4f              160     0         0      
    +--+----------------------------+-------+---------+---------+
       Total:                       160     0         0      
                                                             
    C:\ti\tirtos_tivac_2_16_00_08\products\bios_6_45_01_29\packages\ti\targets\arm\rtsarm\lib\boot.aem4f
       boot.oem4f                   88      0         0      
    +--+----------------------------+-------+---------+---------+
       Total:                       88      0         0      
                                                             
    C:\ti\tirtos_tivac_2_16_00_08\products\bios_6_45_01_29\packages\ti\targets\arm\rtsarm\lib\ti.targets.arm.rtsarm.aem4f
       System.oem4f                 1255    0         0      
       Text.oem4f                   672     0         0      
       Error.oem4f                  524     0         0      
       Core-mem.oem4f               358     0         0      
       Startup.oem4f                328     0         0      
       SysMin.oem4f                 248     0         0      
       Core-smem.oem4f              204     0         0      
       Memory.oem4f                 176     0         0      
       Assert.oem4f                 84      0         0      
       Core-params.oem4f            70      0         0      
       Core-label.oem4f             52      0         0      
       Registry.oem4f               32      0         0      
       Gate.oem4f                   28      0         0      
    +--+----------------------------+-------+---------+---------+
       Total:                       4031    0         0      
                                                             
       Stack:                       0       0         768    
       Linker Generated:            0       514       0      
    +--+----------------------------+-------+---------+---------+
       Grand Total:                 20027   8528      6269   


LINKER GENERATED COPY TABLES

__TI_cinit_table @ 00007040 records: 3, size/record: 8, table size: 24
	.data: load addr=00006e50, load size=000001ce bytes, run addr=2000115c, run size=00000422 bytes, compression=lzss
	.bss: load addr=00007030, load size=00000008 bytes, run addr=20000360, run size=00000dfc bytes, compression=zero_init
	.vecs: load addr=00007038, load size=00000008 bytes, run addr=20000000, run size=00000360 bytes, compression=zero_init


LINKER GENERATED HANDLER TABLE

__TI_handler_table @ 00007020 records: 3, size/record: 4, table size: 12
	index: 0, handler: __TI_decompress_lzss
	index: 1, handler: __TI_decompress_none
	index: 2, handler: __TI_zero_init


GLOBAL SYMBOLS: SORTED ALPHABETICALLY BY Name 

address   name                                                              
-------   ----                                                              
000007bd  C$$EXIT                                                           
00003df3  C$$IO$$                                                           
000040c5  EK_TM4C123GXL_initGPIO                                            
00003bd1  EK_TM4C123GXL_initGeneral                                         
00003ee1  EK_TM4C123GXL_initPWM                                             
00004449  GPIODirModeSet                                                    
00004ebb  GPIOIntClear                                                      
00004d71  GPIOIntStatus                                                     
00003459  GPIOIntTypeSet                                                    
000011f9  GPIOPadConfigSet                                                  
0000387d  GPIOPinConfigure                                                  
00004bed  GPIOPinTypeGPIOInput                                              
00004bff  GPIOPinTypePWM                                                    
00004ed1  GPIOPinWrite                                                      
00006c98  GPIOTiva_config                                                   
00002f1d  GPIO_hwiIntFxn                                                    
000027b5  GPIO_init                                                         
000035ad  GPIO_setCallback                                                  
00000f5d  GPIO_setConfig                                                    
000035fd  GPIO_write                                                        
000033a9  HOSTwrite                                                         
00004b5d  PWMClockSet                                                       
00004661  PWMGenConfigure                                                   
00004dbd  PWMGenDisable                                                     
00004dc9  PWMGenEnable                                                      
00004c11  PWMGenPeriodGet                                                   
00004c6d  PWMGenPeriodSet                                                   
00004c23  PWMOutputInvert                                                   
00004c35  PWMOutputState                                                    
00004811  PWMPulseWidthSet                                                  
00006b36  PWMTiva_MAX_MATCH_VALUE                                           
00006b34  PWMTiva_MAX_PRESCALAR                                             
00002de5  PWMTiva_close                                                     
000028cd  PWMTiva_control                                                   
00006b18  PWMTiva_fxnTable                                                  
00004683  PWMTiva_getPeriodCounts                                           
0000482f  PWMTiva_getPeriodMicroSecs                                        
000040f5  PWMTiva_init                                                      
00000b2d  PWMTiva_open                                                      
00001a2d  PWMTiva_setDuty                                                   
00004c7d  PWM_Params_init                                                   
00006a64  PWM_config                                                        
00006cd0  PWM_defaultParams                                                 
00003d8d  PWM_init                                                          
00004125  PWM_open                                                          
00004e95  PWM_setDuty                                                       
UNDEFED   SHT$$INIT_ARRAY$$Base                                             
UNDEFED   SHT$$INIT_ARRAY$$Limit                                            
00004b71  SysCtlPWMClockSet                                                 
00003f15  SysCtlPeripheralEnable                                            
00000000  __ASM__                                                           
20000ec0  __CIOBUF_                                                         
00000072  __ISA__                                                           
00000085  __PLAT__                                                          
20001880  __STACK_END                                                       
00000300  __STACK_SIZE                                                      
000000a6  __TARG__                                                          
00007040  __TI_CINIT_Base                                                   
00007058  __TI_CINIT_Limit                                                  
00007020  __TI_Handler_Table_Base                                           
0000702c  __TI_Handler_Table_Limit                                          
000022dd  __TI_auto_init                                                    
00002e4f  __TI_decompress_lzss                                              
00004d7f  __TI_decompress_none                                              
ffffffff  __TI_pprof_out_hndl                                               
ffffffff  __TI_prof_data_size                                               
ffffffff  __TI_prof_data_start                                              
00003f49  __TI_readmsg                                                      
00006e50  __TI_static_base__                                                
00003dc5  __TI_writemsg                                                     
00004ded  __TI_zero_init                                                    
000000cc  __TRDR__                                                          
00002955  __aeabi_idiv0                                                     
00002955  __aeabi_ldiv0                                                     
00002a5d  __aeabi_memclr                                                    
00002a5d  __aeabi_memclr4                                                   
00002a5d  __aeabi_memclr8                                                   
0000241d  __aeabi_memcpy                                                    
0000241d  __aeabi_memcpy4                                                   
0000241d  __aeabi_memcpy8                                                   
00002a5f  __aeabi_memset                                                    
00002a5f  __aeabi_memset4                                                   
00002a5f  __aeabi_memset8                                                   
00003c11  __aeabi_uidiv                                                     
00003c11  __aeabi_uidivmod                                                  
ffffffff  __binit__                                                         
ffffffff  __c_args__                                                        
20001580  __stack                                                           
20000000  __start___llvm_prf_cnts                                           
20000000  __stop___llvm_prf_cnts                                            
00004a3d  _args_main                                                        
00003351  _c_int00                                                          
200014f0  _lock                                                             
00002553  _nop                                                              
00004dd5  _register_lock                                                    
00004de1  _register_unlock                                                  
200014f4  _unlock                                                           
000007bd  abort                                                             
ffffffff  binit                                                             
00003741  copy_in                                                           
200014f8  gpioCallbackFunctions                                             
200014c4  gpioPinConfigs                                                    
00001e71  main                                                              
20001564  main_func_sp                                                      
0000241d  memcpy                                                            
00002a65  memset                                                            
00004d11  osi_TaskDisable                                                   
00004cb1  osi_start                                                         
20001150  parmbuf                                                           
00002ad9  pwmLEDFxn                                                         
00006c38  pwmTivaHWAttrs                                                    
20001140  pwmTivaObjects                                                    
00004b85  strlen                                                            
00006cfc  ti_catalog_arm_cortexm4_tiva_ce_Boot_A_mustUseEnhancedClockMode__C
00006d00  ti_catalog_arm_cortexm4_tiva_ce_Boot_Module__diagsEnabled__C      
00006d04  ti_catalog_arm_cortexm4_tiva_ce_Boot_Module__diagsIncluded__C     
00006d08  ti_catalog_arm_cortexm4_tiva_ce_Boot_Module__diagsMask__C         
0000685a  ti_catalog_arm_cortexm4_tiva_ce_Boot_Module__id__C                
00004db1  ti_catalog_arm_cortexm4_tiva_ce_Boot_init__I                      
00001549  ti_catalog_arm_cortexm4_tiva_ce_Boot_sysCtlClockSetI__I           
00002555  ti_catalog_arm_cortexm4_tiva_ce_Boot_sysCtlClockSet__E            
00004ed7  ti_catalog_arm_cortexm4_tiva_ce_Boot_sysCtlDelayI__I              
20001424  ti_sysbios_BIOS_Module__state__V                                  
000049a1  ti_sysbios_BIOS_RtsGateProxy_Handle__label__S                     
000045a5  ti_sysbios_BIOS_RtsGateProxy_Object__delete__S                    
000009b5  ti_sysbios_BIOS_RtsGateProxy_enter__E                             
00000c9d  ti_sysbios_BIOS_RtsGateProxy_leave__E                             
00004f21  ti_sysbios_BIOS_RtsGateProxy_query__E                             
00004155  ti_sysbios_BIOS_atExitFunc__I                                     
00004515  ti_sysbios_BIOS_errorRaiseHook__I                                 
00004b31  ti_sysbios_BIOS_exitFunc__I                                       
00004c91  ti_sysbios_BIOS_getCpuFreq__E                                     
00002957  ti_sysbios_BIOS_nullFunc__I                                       
00004539  ti_sysbios_BIOS_registerRTSLock__I                                
0000455d  ti_sysbios_BIOS_removeRTSLock__I                                  
000046ed  ti_sysbios_BIOS_rtsLock__I                                        
00004a55  ti_sysbios_BIOS_rtsUnlock__I                                      
00004ca1  ti_sysbios_BIOS_setThreadType__E                                  
00004581  ti_sysbios_BIOS_startFunc__I                                      
00004cb1  ti_sysbios_BIOS_start__E                                          
20001398  ti_sysbios_family_arm_lm4_Timer_Module_State_0_device__A          
2000147c  ti_sysbios_family_arm_lm4_Timer_Module_State_0_handles__A         
00004a6d  ti_sysbios_family_arm_lm4_Timer_Module__startupDone__F            
00004a6d  ti_sysbios_family_arm_lm4_Timer_Module__startupDone__S            
200014d8  ti_sysbios_family_arm_lm4_Timer_Module__state__V                  
00002f81  ti_sysbios_family_arm_lm4_Timer_Module_startup__E                 
200012ec  ti_sysbios_family_arm_lm4_Timer_Object__table__V                  
00006d0c  ti_sysbios_family_arm_lm4_Timer_enableFunc__C                     
000038c9  ti_sysbios_family_arm_lm4_Timer_enableTimers__I                   
00002231  ti_sysbios_family_arm_lm4_Timer_enableTiva__I                     
00004df9  ti_sysbios_family_arm_lm4_Timer_getMaxTicks__E                    
000034b1  ti_sysbios_family_arm_lm4_Timer_initDevice__I                     
00003a31  ti_sysbios_family_arm_lm4_Timer_isrStub__E                        
00004eb3  ti_sysbios_family_arm_lm4_Timer_masterDisable__I                  
00000e05  ti_sysbios_family_arm_lm4_Timer_masterEnable__I                   
00006d10  ti_sysbios_family_arm_lm4_Timer_numTimerDevices__C                
00001441  ti_sysbios_family_arm_lm4_Timer_start__E                          
00006d14  ti_sysbios_family_arm_lm4_Timer_startupNeeded__C                  
00003c51  ti_sysbios_family_arm_lm4_Timer_startup__E                        
00004189  ti_sysbios_family_arm_lm4_Timer_stop__E                           
000046a9  ti_sysbios_family_arm_lm4_Timer_write__I                          
00006d18  ti_sysbios_family_arm_m3_Hwi_E_NMI__C                             
00006d1c  ti_sysbios_family_arm_m3_Hwi_E_alreadyDefined__C                  
00006d20  ti_sysbios_family_arm_m3_Hwi_E_busFault__C                        
00006d24  ti_sysbios_family_arm_m3_Hwi_E_debugMon__C                        
00006d28  ti_sysbios_family_arm_m3_Hwi_E_hardFault__C                       
00006d2c  ti_sysbios_family_arm_m3_Hwi_E_memFault__C                        
00006d30  ti_sysbios_family_arm_m3_Hwi_E_noIsr__C                           
00006d34  ti_sysbios_family_arm_m3_Hwi_E_reserved__C                        
00006d38  ti_sysbios_family_arm_m3_Hwi_E_svCall__C                          
00006d3c  ti_sysbios_family_arm_m3_Hwi_E_usageFault__C                      
0000496d  ti_sysbios_family_arm_m3_Hwi_Handle__label__S                     
00003f81  ti_sysbios_family_arm_m3_Hwi_Instance_finalize__E                 
000025f1  ti_sysbios_family_arm_m3_Hwi_Instance_init__E                     
2000155e  ti_sysbios_family_arm_m3_Hwi_Module_State_0_excActive__A          
20001568  ti_sysbios_family_arm_m3_Hwi_Module_State_0_excContext__A         
2000156c  ti_sysbios_family_arm_m3_Hwi_Module_State_0_excStack__A           
00006e34  ti_sysbios_family_arm_m3_Hwi_Module__id__C                        
20001500  ti_sysbios_family_arm_m3_Hwi_Module__root__V                      
00004a85  ti_sysbios_family_arm_m3_Hwi_Module__startupDone__F               
00004a85  ti_sysbios_family_arm_m3_Hwi_Module__startupDone__S               
20001364  ti_sysbios_family_arm_m3_Hwi_Module__state__V                     
00003651  ti_sysbios_family_arm_m3_Hwi_Module_startup__E                    
00006d40  ti_sysbios_family_arm_m3_Hwi_NUM_INTERRUPTS__C                    
00006b38  ti_sysbios_family_arm_m3_Hwi_Object__DESC__C                      
00006a0c  ti_sysbios_family_arm_m3_Hwi_Object__PARAMS__C                    
00006d44  ti_sysbios_family_arm_m3_Hwi_Object__count__C                     
00004b99  ti_sysbios_family_arm_m3_Hwi_Object__get__S                       
20001494  ti_sysbios_family_arm_m3_Hwi_Object__table__V                     
00004e05  ti_sysbios_family_arm_m3_Hwi_Params__init__S                      
00006d48  ti_sysbios_family_arm_m3_Hwi_ccr__C                               
00002fe5  ti_sysbios_family_arm_m3_Hwi_create                               
00004e11  ti_sysbios_family_arm_m3_Hwi_disableFxn__E                        
00003911  ti_sysbios_family_arm_m3_Hwi_disableInterrupt__E                  
00003049  ti_sysbios_family_arm_m3_Hwi_dispatchC__I                         
[...]
00004ce1  ti_sysbios_knl_Semaphore_Instance_finalize__E                     
00004cf1  ti_sysbios_knl_Swi_disable__E                                     
00004d01  ti_sysbios_knl_Task_Object__get__S                                
00004d11  osi_TaskDisable                                                   
00004d11  ti_sysbios_knl_Task_disable__E                                    
00004d21  xdc_runtime_Gate_leaveSystem__E                                   
00004d31  xdc_runtime_Memory_free__E                                        
00004d41  xdc_runtime_SysMin_ready__E                                       
00004d41  xdc_runtime_System_SupportProxy_ready__E                          
00004d51  xdc_runtime_System_vsnprintf__E                                   
00004d61  xdc_runtime_Text_visitRope__I                                     
00004d71  GPIOIntStatus                                                     
00004d7f  __TI_decompress_none                                              
00004d91  ti_sysbios_knl_Idle_loop__E                                       
00004da1  ti_sysbios_knl_Queue_empty__E                                     
00004db1  ti_catalog_arm_cortexm4_tiva_ce_Boot_init__I                      
00004dbd  PWMGenDisable                                                     
00004dc9  PWMGenEnable                                                      
00004dd5  _register_lock                                                    
00004de1  _register_unlock                                                  
00004ded  __TI_zero_init                                                    
00004df9  ti_sysbios_family_arm_lm4_Timer_getMaxTicks__E                    
00004e05  ti_sysbios_family_arm_m3_Hwi_Params__init__S                      
00004e05  ti_sysbios_hal_Hwi_HwiProxy_Params__init__S                       
00004e11  ti_sysbios_family_arm_m3_Hwi_disableFxn__E                        
00004e11  ti_sysbios_hal_Hwi_HwiProxy_disable__E                            
00004e21  ti_sysbios_family_arm_m3_TaskSupport_checkStack__E                
00004e21  ti_sysbios_knl_Task_SupportProxy_checkStack__E                    
00004e31  ti_sysbios_family_arm_m3_TaskSupport_getStackAlignment__E         
00004e31  ti_sysbios_knl_Task_SupportProxy_getStackAlignment__E             
00004e41  ti_sysbios_gates_GateHwi_enter__E                                 
00004e4d  ti_sysbios_knl_Queue_Object__get__S                               
00004e59  ti_sysbios_knl_Task_Params__init__S                               
00004e65  xdc_runtime_Error_init__E                                         
00004e71  xdc_runtime_Gate_enterSystem__E                                   
00004e7d  xdc_runtime_Memory_calloc__E                                      
00004e89  xdc_runtime_Memory_getMaxDefaultTypeAlign__E                      
00004e95  PWM_setDuty                                                       
00004e9f  xdc_runtime_Memory_HeapProxy_alloc__E                             
00004ea9  xdc_runtime_Memory_HeapProxy_free__E                              
00004eb3  ti_sysbios_family_arm_lm4_Timer_masterDisable__I                  
00004ebb  GPIOIntClear                                                      
00004ec1  ti_sysbios_family_arm_m3_Hwi_doSwiRestore__I                      
00004ec9  ti_sysbios_family_arm_m3_Hwi_startup__E                           
00004ec9  ti_sysbios_hal_Hwi_HwiProxy_startup__E                            
00004ec9  ti_sysbios_hal_Hwi_startup__E                                     
00004ed1  GPIOPinWrite                                                      
00004ed7  ti_catalog_arm_cortexm4_tiva_ce_Boot_sysCtlDelayI__I              
00004ee1  ti_sysbios_family_arm_m3_Hwi_doTaskRestore__I                     
00004ee9  ti_sysbios_family_arm_m3_Hwi_restoreFxn__E                        
00004ee9  ti_sysbios_hal_Hwi_HwiProxy_restore__E                            
00004ef1  ti_sysbios_gates_GateHwi_leave__E                                 
00004ef9  ti_sysbios_heaps_HeapMem_isBlocking__E                            
00004f01  ti_sysbios_knl_Queue_Instance_init__E                             
00004f09  ti_sysbios_knl_Swi_startup__E                                     
00004f0f  xdc_runtime_System_Module_startup__E                              
00004f19  ti_sysbios_gates_GateHwi_query__E                                 
00004f19  xdc_runtime_Main_Module_GateProxy_query__E                        
00004f19  xdc_runtime_System_Module_GateProxy_query__E                      
00004f21  ti_sysbios_BIOS_RtsGateProxy_query__E                             
00004f21  ti_sysbios_gates_GateMutex_query__E                               
00004f21  ti_sysbios_heaps_HeapMem_Module_GateProxy_query__E                
00004f29  ti_sysbios_knl_Task_startup__E                                    
00004f31  ti_sysbios_gates_GateHwi_Instance_init__E                         
00004f39  ti_sysbios_knl_Clock_logTick__E                                   
00004f3c  xdc_runtime_Text_charTab__A                                       
0000679d  xdc_runtime_Error_policy__C                                       
0000679e  xdc_runtime_Text_nodeTab__A                                       
0000685a  ti_catalog_arm_cortexm4_tiva_ce_Boot_Module__id__C                
000069d0  ti_sysbios_knl_Task_Object__PARAMS__C                             
00006a0c  ti_sysbios_family_arm_m3_Hwi_Object__PARAMS__C                    
00006a3c  ti_sysbios_heaps_HeapMem_Module__FXNS__C                          
00006a64  PWM_config                                                        
00006a88  ti_sysbios_gates_GateHwi_Module__FXNS__C                          
00006aac  ti_sysbios_gates_GateMutex_Module__FXNS__C                        
00006ad0  ti_sysbios_heaps_HeapMem_Object__PARAMS__C                        
00006af4  ti_sysbios_knl_Semaphore_Object__PARAMS__C                        
00006b18  PWMTiva_fxnTable                                                  
00006b34  PWMTiva_MAX_PRESCALAR                                             
00006b36  PWMTiva_MAX_MATCH_VALUE                                           
00006b38  ti_sysbios_family_arm_m3_Hwi_Object__DESC__C                      
00006b58  ti_sysbios_gates_GateHwi_Object__DESC__C                          
00006b78  ti_sysbios_gates_GateMutex_Object__DESC__C                        
00006b98  ti_sysbios_heaps_HeapMem_Object__DESC__C                          
00006bb8  ti_sysbios_knl_Queue_Object__DESC__C                              
00006bd8  ti_sysbios_knl_Semaphore_Object__DESC__C                          
00006bf8  ti_sysbios_knl_Task_Object__DESC__C                               
00006c18  xdc_runtime_Startup_sfxnTab__A                                    
00006c38  pwmTivaHWAttrs                                                    
00006c50  ti_sysbios_gates_GateHwi_Object__PARAMS__C                        
00006c68  ti_sysbios_gates_GateMutex_Object__PARAMS__C                      
00006c80  ti_sysbios_knl_Queue_Object__PARAMS__C                            
00006c98  GPIOTiva_config                                                   
00006cac  xdc_runtime_Startup_firstFxns__A                                  
00006cc0  xdc_runtime_Startup_sfxnRts__A                                    
00006cd0  PWM_defaultParams                                                 
00006cdc  ti_sysbios_family_arm_m3_Hwi_excHookFuncs__A                      
00006ce4  ti_sysbios_knl_Idle_funcList__C                                   
00006cec  xdc_runtime_Startup_firstFxns__C                                  
00006cf4  xdc_runtime_Startup_lastFxns__C                                   
00006cfc  ti_catalog_arm_cortexm4_tiva_ce_Boot_A_mustUseEnhancedClockMode__C
00006d00  ti_catalog_arm_cortexm4_tiva_ce_Boot_Module__diagsEnabled__C      
00006d04  ti_catalog_arm_cortexm4_tiva_ce_Boot_Module__diagsIncluded__C     
00006d08  ti_catalog_arm_cortexm4_tiva_ce_Boot_Module__diagsMask__C         
00006d0c  ti_sysbios_family_arm_lm4_Timer_enableFunc__C                     
00006d10  ti_sysbios_family_arm_lm4_Timer_numTimerDevices__C                
00006d14  ti_sysbios_family_arm_lm4_Timer_startupNeeded__C                  
00006d18  ti_sysbios_family_arm_m3_Hwi_E_NMI__C                             
00006d1c  ti_sysbios_family_arm_m3_Hwi_E_alreadyDefined__C                  
00006d20  ti_sysbios_family_arm_m3_Hwi_E_busFault__C                        
00006d24  ti_sysbios_family_arm_m3_Hwi_E_debugMon__C                        
00006d28  ti_sysbios_family_arm_m3_Hwi_E_hardFault__C                       
00006d2c  ti_sysbios_family_arm_m3_Hwi_E_memFault__C                        
00006d30  ti_sysbios_family_arm_m3_Hwi_E_noIsr__C                           
00006d34  ti_sysbios_family_arm_m3_Hwi_E_reserved__C                        
00006d38  ti_sysbios_family_arm_m3_Hwi_E_svCall__C                          
00006d3c  ti_sysbios_family_arm_m3_Hwi_E_usageFault__C                      
00006d40  ti_sysbios_family_arm_m3_Hwi_NUM_INTERRUPTS__C                    
00006d44  ti_sysbios_family_arm_m3_Hwi_Object__count__C                     
00006d48  ti_sysbios_family_arm_m3_Hwi_ccr__C                               
00006d4c  ti_sysbios_family_arm_m3_Hwi_excHandlerFunc__C                    
00006d50  ti_sysbios_family_arm_m3_Hwi_excHookFuncs__C                      
00006d54  ti_sysbios_family_arm_m3_Hwi_nullIsrFunc__C                       
00006d58  ti_sysbios_family_arm_m3_Hwi_priGroup__C                          
00006d5c  ti_sysbios_family_arm_m3_TaskSupport_stackAlignment__C            
00006d60  ti_sysbios_gates_GateMutex_Instance_State_sem__O                  
00006d64  ti_sysbios_hal_Hwi_E_stackOverflow__C                             
00006d68  ti_sysbios_heaps_HeapMem_E_memory__C                              
00006d6c  ti_sysbios_heaps_HeapMem_Module__gateObj__C                       
00006d70  ti_sysbios_heaps_HeapMem_Object__count__C                         
00006d74  ti_sysbios_heaps_HeapMem_reqAlign__C                              
00006d78  ti_sysbios_knl_Clock_Module_State_clockQ__O                       
00006d7c  ti_sysbios_knl_Idle_funcList__A                                   
00006d80  ti_sysbios_knl_Semaphore_Instance_State_pendQ__O                  
00006d84  ti_sysbios_knl_Swi_Object__count__C                               
00006d88  ti_sysbios_knl_Task_E_spOutOfBounds__C                            
00006d8c  ti_sysbios_knl_Task_E_stackOverflow__C                            
00006d90  ti_sysbios_knl_Task_Module_State_inactiveQ__O                     
00006d94  ti_sysbios_knl_Task_Object__count__C                              
00006d98  ti_sysbios_knl_Task_allBlockedFunc__C                             
00006d9c  ti_sysbios_knl_Task_defaultStackHeap__C                           
00006da0  ti_sysbios_knl_Task_defaultStackSize__C                           
00006da4  ti_sysbios_knl_Task_numConstructedTasks__C                        
00006da8  xdc_runtime_Assert_E_assertFailed__C                              
00006dac  xdc_runtime_Core_A_initializedParams__C                           
00006db0  xdc_runtime_Core_Module__diagsEnabled__C                          
00006db4  xdc_runtime_Core_Module__diagsIncluded__C                         
00006db8  xdc_runtime_Core_Module__diagsMask__C                             
00006dbc  xdc_runtime_Error_E_memory__C                                     
00006dc0  xdc_runtime_Error_Module__diagsEnabled__C                         
00006dc4  xdc_runtime_Error_Module__diagsIncluded__C                        
00006dc8  xdc_runtime_Error_Module__diagsMask__C                            
00006dcc  xdc_runtime_Error_Module__loggerFxn8__C                           
00006dd0  xdc_runtime_Error_Module__loggerObj__C                            
00006dd4  xdc_runtime_Error_policyFxn__C                                    
00006dd8  xdc_runtime_Error_raiseHook__C                                    
00006ddc  xdc_runtime_IGateProvider_Interface__BASE__C                      
00006de0  xdc_runtime_IHeap_Interface__BASE__C                              
00006de4  xdc_runtime_IModule_Interface__BASE__C                            
00006de8  xdc_runtime_Log_L_error__C                                        
00006dec  xdc_runtime_Memory_defaultHeapInstance__C                         
00006df0  xdc_runtime_Startup_execImpl__C                                   
00006df4  xdc_runtime_Startup_maxPasses__C                                  
00006df8  xdc_runtime_Startup_sfxnRts__C                                    
00006dfc  xdc_runtime_Startup_sfxnTab__C                                    
00006e00  xdc_runtime_SysMin_bufSize__C                                     
00006e04  xdc_runtime_SysMin_outputFunc__C                                  
00006e08  xdc_runtime_System_Module__gateObj__C                             
00006e0c  xdc_runtime_System_abortFxn__C                                    
00006e10  xdc_runtime_System_exitFxn__C                                     
00006e14  xdc_runtime_System_extendFxn__C                                   
00006e18  xdc_runtime_System_maxAtexitHandlers__C                           
00006e1c  xdc_runtime_Text_charTab__C                                       
00006e20  xdc_runtime_Text_nameEmpty__C                                     
00006e24  xdc_runtime_Text_nameStatic__C                                    
00006e28  xdc_runtime_Text_nameUnknown__C                                   
00006e2c  xdc_runtime_Text_nodeTab__C                                       
00006e30  xdc_runtime_Text_visitRopeFxn__C                                  
00006e34  ti_sysbios_family_arm_m3_Hwi_Module__id__C                        
00006e36  ti_sysbios_hal_Hwi_Module__id__C                                  
00006e38  ti_sysbios_heaps_HeapMem_Module__id__C                            
00006e3a  ti_sysbios_knl_Task_Module__id__C                                 
00006e3c  xdc_runtime_Core_Module__id__C                                    
00006e3e  xdc_runtime_Error_Module__loggerDefined__C                        
00006e40  xdc_runtime_Error_maxDepth__C                                     
00006e42  xdc_runtime_Memory_Module__id__C                                  
00006e44  xdc_runtime_SysMin_flushAtExit__C                                 
00006e46  xdc_runtime_Text_charCnt__C                                       
00006e48  xdc_runtime_Text_isLoaded__C                                      
00006e4a  xdc_runtime_Text_registryModsLastId__C                            
00006e4c  xdc_runtime_Text_unnamedModsLastId__C                             
00006e50  __TI_static_base__                                                
00007020  __TI_Handler_Table_Base                                           
0000702c  __TI_Handler_Table_Limit                                          
00007040  __TI_CINIT_Base                                                   
00007058  __TI_CINIT_Limit                                                  
20000000  __start___llvm_prf_cnts                                           
20000000  __stop___llvm_prf_cnts                                            
20000000  ti_sysbios_family_arm_m3_Hwi_ramVectors                           
20000360  ti_sysbios_heaps_HeapMem_Instance_State_0_buf__A                  
20000760  ti_sysbios_family_arm_m3_Hwi_dispatchTable                        
20000ac0  ti_sysbios_knl_Task_Instance_State_0_stack__A                     
20000cc0  tsk0Stack                                                         
20000ec0  __CIOBUF_                                                         
20001070  xdc_runtime_SysMin_Module_State_0_outbuf__A                       
200010f0  tsk0Struct                                                        
20001140  pwmTivaObjects                                                    
20001150  parmbuf                                                           
2000115c  ti_sysbios_knl_Swi_Module_State_0_readyQ__A                       
200011dc  ti_sysbios_knl_Task_Module_State_0_readyQ__A                      
2000125c  ti_sysbios_knl_Task_Object__table__V                              
200012a8  ti_sysbios_knl_Task_Module__state__V                              
200012ec  ti_sysbios_family_arm_lm4_Timer_Object__table__V                  
2000132c  ti_sysbios_gates_GateMutex_Object__table__V                       
20001364  ti_sysbios_family_arm_m3_Hwi_Module__state__V                     
20001398  ti_sysbios_family_arm_lm4_Timer_Module_State_0_device__A          
200013c8  ti_sysbios_knl_Swi_Object__table__V                               
200013f8  ti_sysbios_knl_Clock_Module__state__V                             
20001424  ti_sysbios_BIOS_Module__state__V                                  
20001448  ti_sysbios_knl_Swi_Module__state__V                               
2000147c  ti_sysbios_family_arm_lm4_Timer_Module_State_0_handles__A         
20001494  ti_sysbios_family_arm_m3_Hwi_Object__table__V                     
200014ac  ti_sysbios_heaps_HeapMem_Object__table__V                         
200014c4  gpioPinConfigs                                                    
200014d8  ti_sysbios_family_arm_lm4_Timer_Module__state__V                  
200014e4  xdc_runtime_SysMin_Module__state__V                               
200014f0  _lock                                                             
200014f4  _unlock                                                           
200014f8  gpioCallbackFunctions                                             
20001500  ti_sysbios_family_arm_m3_Hwi_Module__root__V                      
20001508  ti_sysbios_gates_GateHwi_Module__root__V                          
20001510  ti_sysbios_gates_GateMutex_Module__root__V                        
20001518  ti_sysbios_heaps_HeapMem_Module__root__V                          
20001520  ti_sysbios_knl_Queue_Module__root__V                              
20001528  ti_sysbios_knl_Semaphore_Module__root__V                          
20001530  ti_sysbios_knl_Task_Module__root__V                               
20001538  xdc_runtime_Registry_Module__state__V                             
20001540  xdc_runtime_Startup_Module__state__V                              
20001548  xdc_runtime_System_Module_State_0_atexitHandlers__A               
20001550  xdc_runtime_System_Module__state__V                               
2000155e  ti_sysbios_family_arm_m3_Hwi_Module_State_0_excActive__A          
20001564  main_func_sp                                                      
20001568  ti_sysbios_family_arm_m3_Hwi_Module_State_0_excContext__A         
2000156c  ti_sysbios_family_arm_m3_Hwi_Module_State_0_excStack__A           
20001570  ti_sysbios_gates_GateHwi_Object__table__V                         
20001574  ti_sysbios_knl_Task_Module_State_0_idleTask__A                    
20001578  xdc_runtime_Memory_Module__state__V                               
2000157c  xdc_runtime_Error_Module__state__V                                
20001580  __stack                                                           
20001880  __STACK_END                                                       
e000e000  ti_sysbios_family_arm_m3_Hwi_nvic                                 
ffffffff  __TI_pprof_out_hndl                                               
ffffffff  __TI_prof_data_size                                               
ffffffff  __TI_prof_data_start                                              
ffffffff  __binit__                                                         
ffffffff  __c_args__                                                        
ffffffff  binit                                                             
UNDEFED   SHT$$INIT_ARRAY$$Base                                             
UNDEFED   SHT$$INIT_ARRAY$$Limit                                            

[547 symbols]
