******************************************************************************
                  TI ARM Linker PC v20.2.5                     
******************************************************************************
>> Linked Thu Sep 22 16:11:54 2022

OUTPUT FILE NAME:   <Team7_Milestone2_Pettigrew_Hillary_Robertson.out>
ENTRY POINT SYMBOL: "_c_int00"  address: 00003ef9


MEMORY CONFIGURATION

         name            origin    length      used     unused   attr    fill
----------------------  --------  ---------  --------  --------  ----  --------
  FLASH                 00000000   00040000  00007c82  0003837e  R  X
  SRAM                  20000000   00008000  000016f2  0000690e  RW X


SEGMENT ALLOCATION MAP

run origin  load origin   length   init length attrs members
----------  ----------- ---------- ----------- ----- -------
00000000    00000000    00007c88   00007c88    r-x
  00000000    00000000    0000003c   0000003c    r-- .resetVecs
  00000040    00000040    00005b22   00005b22    r-x .text
  00005b64    00005b64    00001f1c   00001f1c    r-- .const
  00007a80    00007a80    00000208   00000208    r-- .cinit
20000000    20000000    000016f8   00000000    rw-
  20000000    20000000    00000360   00000000    rw- .vecs
  20000360    20000360    00000c88   00000000    rw- .bss
  20000fe8    20000fe8    0000040a   00000000    rw- .data
  200013f8    200013f8    00000300   00000000    rw- .stack


SECTION ALLOCATION MAP

 output                                  attributes/
section   page    origin      length       input sections
--------  ----  ----------  ----------   ----------------
.text      0    00000040    00005b22     
                  00000040    00000430     sysbios.aem4f : BIOS.obj (.text:ti_sysbios_family_arm_m3_Hwi_excDumpRegs__I)
                  00000470    0000034c     ti.targets.arm.rtsarm.aem4f : System.oem4f (.text:xdc_runtime_System_doPrint__I)
                  000007bc    00000004     driverlib.lib : uart.obj (.text:UARTIntClear)
                  000007c0    000002d0     sysbios.aem4f : BIOS.obj (.text:ti_sysbios_knl_Semaphore_pend__E)
                  00000a90    0000026c                   : BIOS.obj (.text:ti_sysbios_heaps_HeapMem_free__E)
                  00000cfc    00000004     rtsv7M4_T_le_v4SPD16_eabi.lib : exit.c.obj (.text:abort:abort)
                  00000d00    00000250     sysbios.aem4f : BIOS.obj (.text:ti_sysbios_heaps_HeapMem_alloc__E)
                  00000f50    0000020c     drivers_tivaware.aem4f : UARTTiva.oem4f (.text:UARTTiva_open)
                  0000115c    00000004     empty_pem4f.oem4f (.text:ti_sysbios_BIOS_RtsGateProxy_enter__E)
                  00001160    000001f4     sysbios.aem4f : BIOS.obj (.text:ti_sysbios_family_arm_m3_Hwi_excHandlerMax__I)
                  00001354    00000004     empty_pem4f.oem4f (.text:ti_sysbios_BIOS_RtsGateProxy_leave__E)
                  00001358    00000174     sysbios.aem4f : BIOS.obj (.text:ti_sysbios_family_arm_m3_Hwi_excBusFault__I)
                  000014cc    00000004                   : BIOS.obj (.text:ti_sysbios_family_arm_lm4_Timer_masterEnable__I)
                  000014d0    00000164                   : BIOS.obj (.text:ti_sysbios_family_arm_m3_Hwi_excUsageFault__I)
                  00001634    00000150     drivers_tivaware.aem4f : GPIOTiva.oem4f (.text:GPIO_setConfig)
                  00001784    00000004     empty_pem4f.oem4f (.text:ti_sysbios_family_arm_m3_Hwi_destruct)
                  00001788    00000148     sysbios.aem4f : BIOS.obj (.text:ti_sysbios_family_arm_m3_Hwi_excMemFault__I)
                  000018d0    0000013c                   : BIOS.obj (.text:ti_sysbios_heaps_HeapMem_Instance_init__E)
                  00001a0c    00000004     empty_pem4f.oem4f (.text:ti_sysbios_family_arm_m3_TaskSupport_Module__startupDone__S)
                  00001a10    00000134     sysbios.aem4f : BIOS.obj (.text:ti_sysbios_family_arm_lm4_Timer_start__E)
                  00001b44    00000130     driverlib.lib : gpio.obj (.text:GPIOPadConfigSet)
                  00001c74    00000004     empty_pem4f.oem4f (.text:ti_sysbios_heaps_HeapMem_Module_GateProxy_enter__E)
                  00001c78    0000011c     sysbios.aem4f : BIOS.obj (.text:ti_sysbios_knl_Clock_Instance_init__E)
                  00001d94    00000118     ti.targets.arm.rtsarm.aem4f : Error.oem4f (.text:xdc_runtime_Error_policyDefault__E)
                  00001eac    00000100     Boot.aem4f : Boot_sysctl.oem4f (.text:ti_catalog_arm_cortexm4_tiva_ce_Boot_sysCtlClockSetI__I)
                  00001fac    00000100     ti.targets.arm.rtsarm.aem4f : Core-mem.oem4f (.text:xdc_runtime_Core_createObject__I)
                  000020ac    000000f8                                 : Startup.oem4f (.text:xdc_runtime_Startup_startMods__I)
                  000021a4    000000f8     empty_pem4f.oem4f (.text:xdc_runtime_System_printfExtend__I)
                  0000229c    000000f4     sysbios.aem4f : m3_Hwi_asm.obj (.text:ti_sysbios_family_arm_m3_Hwi_dispatch__I)
                  00002390    000000ec                   : BIOS.obj (.text:ti_sysbios_knl_Semaphore_post__E)
                  0000247c    000000cc     ti.targets.arm.rtsarm.aem4f : Core-smem.oem4f (.text:xdc_runtime_Core_constructObject__I)
                  00002548    000000bc     sysbios.aem4f : BIOS.obj (.text:ti_sysbios_family_arm_m3_Hwi_excDebugMon__I)
                  00002604    00000004     empty_pem4f.oem4f (.text:ti_sysbios_heaps_HeapMem_Module_GateProxy_leave__E)
                  00002608    000000bc     sysbios.aem4f : BIOS.obj (.text:ti_sysbios_family_arm_m3_Hwi_excHardFault__I)
                  000026c4    00000004     empty_pem4f.oem4f (.text:ti_sysbios_knl_Clock_TimerProxy_getMaxTicks__E)
                  000026c8    000000b4     sysbios.aem4f : BIOS.obj (.text:ti_sysbios_gates_GateMutex_enter__E)
                  0000277c    00000004     empty_pem4f.oem4f (.text:ti_sysbios_knl_Clock_destruct)
                  00002780    000000b4     sysbios.aem4f : BIOS.obj (.text:ti_sysbios_knl_Task_checkStacks__E)
                  00002834    000000ac     drivers_tivaware.aem4f : UARTTiva.oem4f (.text:readTaskBlocking)
                  000028e0    000000ac     sysbios.aem4f : BIOS.obj (.text:ti_sysbios_family_arm_lm4_Timer_enableTiva__I)
                  0000298c    00000004     empty_pem4f.oem4f (.text:ti_sysbios_knl_Queue_destruct)
                  00002990    000000a8     sysbios.aem4f : BIOS.obj (.text:ti_sysbios_family_arm_lm4_Timer_enableTimers__I)
                  00002a38    000000a8                   : BIOS.obj (.text:ti_sysbios_knl_Task_postInit__I)
                  00002ae0    000000a4                   : BIOS.obj (.text:ti_sysbios_knl_Clock_Instance_finalize__E)
                  00002b84    000000a0     auto_init.aem4f : auto_init.oem4f (.text)
                  00002c24    000000a0     ti.targets.arm.rtsarm.aem4f : Text.oem4f (.text:xdc_runtime_Text_putMod__E)
                  00002cc4    0000009c     rtsv7M4_T_le_v4SPD16_eabi.lib : memcpy_t2.asm.obj (.text)
                  00002d60    0000009c     sysbios.aem4f : BIOS.obj (.text:ti_sysbios_knl_Semaphore_Instance_init__E)
                  00002dfc    0000009a     ti.targets.arm.rtsarm.aem4f : Text.oem4f (.text:xdc_runtime_Text_putSite__E)
                  00002e96    00000098     drivers_tivaware.aem4f : UARTTiva.oem4f (.text:UARTTiva_readPolling)
                  00002f2e    00000002     rtsv7M4_T_le_v4SPD16_eabi.lib : _lock.c.obj (.text:_nop)
                  00002f30    00000098     Boot.aem4f : Boot.oem4f (.text:ti_catalog_arm_cortexm4_tiva_ce_Boot_sysCtlClockSet__E)
                  00002fc8    00000094     drivers_tivaware.aem4f : UARTTiva.oem4f (.text:UARTTiva_write)
                  0000305c    00000004     empty_pem4f.oem4f (.text:ti_sysbios_knl_Semaphore_destruct)
                  00003060    00000094     sysbios.aem4f : BIOS.obj (.text:ti_sysbios_family_arm_m3_Hwi_Instance_init__E)
                  000030f4    00000004     ti.targets.arm.rtsarm.aem4f : Error.oem4f (.text:xdc_runtime_Error_getSite__E)
                  000030f8    00000094     sysbios.aem4f : BIOS.obj (.text:ti_sysbios_family_arm_m3_Hwi_initNVIC__E)
                  0000318c    0000008c     drivers_tivaware.aem4f : GPIOTiva.oem4f (.text:GPIO_init)
                  00003218    0000008c                            : UARTTiva.oem4f (.text:UARTTiva_control)
                  000032a4    0000008c     sysbios.aem4f : m3_TaskSupport_asm.obj (.text:ti_sysbios_family_arm_m3_TaskSupport_buildTaskStack)
                  00003330    0000008a     drivers_tivaware.aem4f : UARTTiva.oem4f (.text:readIsrTextBlocking)
                  000033ba    00000006     driverlib.lib : gpio.obj (.text:GPIOIntClear)
                  000033c0    00000084     sysbios.aem4f : BIOS.obj (.text:ti_sysbios_family_arm_m3_Hwi_postInit__I)
                  00003444    00000082     drivers_tivaware.aem4f : UARTTiva.oem4f (.text:readIsrTextCallback)
                  000034c6    0000007a                            : UARTTiva.oem4f (.text:readTaskCallback)
                  00003540    0000007a     rtsv7M4_T_le_v4SPD16_eabi.lib : memset_t2.asm.obj (.text)
                  000035ba    00000006     driverlib.lib : gpio.obj (.text:GPIOPinWrite)
                  000035c0    00000074     sysbios.aem4f : BIOS.obj (.text:ti_sysbios_knl_Clock_start__E)
                  00003634    00000004     empty_pem4f.oem4f (.text:xdc_runtime_System_Module_GateProxy_enter__E)
                  00003638    00000070     sysbios.aem4f : BIOS.obj (.text:ti_sysbios_knl_Clock_workFunc__E)
                  000036a8    00000070                   : BIOS.obj (.text:ti_sysbios_knl_Task_exit__E)
                  00003718    0000006d     ti.targets.arm.rtsarm.aem4f : System.oem4f (.text:xdc_runtime_System_formatNum__I)
                  00003785    00000001     --HOLE-- [fill = 0]
                  00003786    00000002     rtsv7M4_T_le_v4SPD16_eabi.lib : div0.asm.obj (.text)
                  00003788    0000006c     sysbios.aem4f : BIOS.obj (.text:ti_sysbios_knl_Swi_restoreHwi__E)
                  000037f4    0000006c     drivers_tivaware.aem4f : UARTTiva.oem4f (.text:writeData)
                  00003860    0000006c     ti.targets.arm.rtsarm.aem4f : Error.oem4f (.text:xdc_runtime_Error_print__E)
                  000038cc    0000006c                                 : Memory.oem4f (.text:xdc_runtime_Memory_alloc__E)
                  00003938    00000068     rtsv7M4_T_le_v4SPD16_eabi.lib : copy_decompress_lzss.c.obj (.text:decompress:lzss:__TI_decompress_lzss)
                  000039a0    00000066     ti.targets.arm.rtsarm.aem4f : Core-mem.oem4f (.text:xdc_runtime_Core_deleteObject__I)
                  00003a06    00000002     empty_pem4f.oem4f (.text:ti_sysbios_BIOS_nullFunc__I)
                  00003a08    00000064     drivers_tivaware.aem4f : GPIOTiva.oem4f (.text:GPIO_hwiIntFxn)
                  00003a6c    00000004     empty_pem4f.oem4f (.text:xdc_runtime_System_Module_GateProxy_leave__E)
                  00003a70    00000064     sysbios.aem4f : BIOS.obj (.text:ti_sysbios_family_arm_lm4_Timer_Module_startup__E)
                  00003ad4    00000064     empty_pem4f.oem4f (.text:ti_sysbios_family_arm_m3_Hwi_create)
                  00003b38    00000064     sysbios.aem4f : BIOS.obj (.text:ti_sysbios_family_arm_m3_Hwi_dispatchC__I)
                  00003b9c    00000004     ti.targets.arm.rtsarm.aem4f : System.oem4f (.text:xdc_runtime_System_aprintf_va__F)
                  00003ba0    00000060     sysbios.aem4f : BIOS.obj (.text:ti_sysbios_family_arm_lm4_Timer_isrStub__E)
                  00003c00    00000060                   : BIOS.obj (.text:ti_sysbios_knl_Task_schedule__I)
                  00003c60    0000005e     drivers_tivaware.aem4f : UARTTiva.oem4f (.text:readIsrBinaryBlocking)
                  00003cbe    00000002     empty_pem4f.oem4f (.text:xdc_runtime_Startup_reset__I)
                  00003cc0    0000005c     empty.obj (.text:bluetooth_init)
                  00003d1c    00000004     ti.targets.arm.rtsarm.aem4f : System.oem4f (.text:xdc_runtime_System_printf_va__F)
                  00003d20    0000005c     sysbios.aem4f : BIOS.obj (.text:ti_sysbios_knl_Swi_run__I)
                  00003d7c    00000004     --HOLE-- [fill = 0]
                  00003d80    0000005c                   : BIOS.obj (.text:ti_sysbios_knl_Swi_schedule__I)
                  00003ddc    00000004     --HOLE-- [fill = 0]
                  00003de0    0000005c                   : BIOS.obj (.text:ti_sysbios_knl_Task_Module_startup__E)
                  00003e3c    00000004     --HOLE-- [fill = 0]
                  00003e40    0000005c                   : BIOS.obj (.text:ti_sysbios_knl_Task_startCore__E)
                  00003e9c    0000005b     ti.targets.arm.rtsarm.aem4f : Text.oem4f (.text:xdc_runtime_Text_putLab__E)
                  00003ef7    00000001     --HOLE-- [fill = 0]
                  00003ef8    00000058     boot.aem4f : boot.oem4f (.text)
                  00003f50    00000058     rtsv7M4_T_le_v4SPD16_eabi.lib : hostwrite.c.obj (.text:HOSTwrite)
                  00003fa8    00000058     empty_pem4f.oem4f (.text:ti_sysbios_family_arm_m3_Hwi_construct)
                  00004000    00000058     sysbios.aem4f : m3_Hwi_asm_switch.obj (.text:ti_sysbios_family_arm_m3_Hwi_initStacks__E)
                  00004058    00000056     driverlib.lib : gpio.obj (.text:GPIOIntTypeSet)
                  000040ae    00000054     drivers_tivaware.aem4f : UARTTiva.oem4f (.text:readIsrBinaryCallback)
                  00004102    00000002     --HOLE-- [fill = 0]
                  00004104    00000054     ti.targets.arm.rtsarm.aem4f : Assert.oem4f (.text:xdc_runtime_Assert_raise__I)
                  00004158    00000050     drivers_tivaware.aem4f : GPIOTiva.oem4f (.text:GPIO_setCallback)
                  000041a8    00000050                            : GPIOTiva.oem4f (.text:GPIO_write)
                  000041f8    00000050                            : UARTTiva.oem4f (.text:UARTTiva_writeCancel)
                  00004248    00000050     sysbios.aem4f : BIOS.obj (.text:ti_sysbios_family_arm_m3_Hwi_Module_startup__E)
                  00004298    00000050     ti.targets.arm.rtsarm.aem4f : Startup.oem4f (.text:xdc_runtime_Startup_exec__E)
                  000042e8    00000050                                 : Text.oem4f (.text:xdc_runtime_Text_visitRope2__I)
                  00004338    0000004c     drivers_tivaware.aem4f : UARTTiva.oem4f (.text:UARTTiva_close)
                  00004384    0000004c     rtsv7M4_T_le_v4SPD16_eabi.lib : cpy_tbl.c.obj (.text:copy_in)
                  000043d0    0000004c     sysbios.aem4f : BIOS.obj (.text:ti_sysbios_heaps_HeapMem_getStats__E)
                  0000441c    00000004     --HOLE-- [fill = 0]
                  00004420    0000004c                   : BIOS.obj (.text:ti_sysbios_knl_Swi_runLoop__I)
                  0000446c    00000004     --HOLE-- [fill = 0]
                  00004470    0000004c                   : BIOS.obj (.text:ti_sysbios_knl_Task_allBlockedFunction__I)
                  000044bc    0000004a     empty.obj (.text:main)
                  00004506    00000002     --HOLE-- [fill = 0]
                  00004508    00000048     sysbios.aem4f : BIOS.obj (.text:ti_sysbios_family_arm_m3_Hwi_disableInterrupt__E)
                  00004550    00000048                   : BIOS.obj (.text:ti_sysbios_family_arm_m3_Hwi_enableInterrupt__E)
                  00004598    00000048                   : BIOS.obj (.text:ti_sysbios_family_arm_m3_Hwi_excReserved__I)
                  000045e0    00000046     drivers_tivaware.aem4f : RingBuf.oem4f (.text:RingBuf_put)
                  00004626    00000046     ti.targets.arm.rtsarm.aem4f : Core-params.oem4f (.text:xdc_runtime_Core_assignParams__I)
                  0000466c    00000004     --HOLE-- [fill = 0]
                  00004670    00000044     sysbios.aem4f : BIOS.obj (.text:ti_sysbios_family_arm_m3_Hwi_getStackInfo__E)
                  000046b4    00000004     --HOLE-- [fill = 0]
                  000046b8    00000044                   : BIOS.obj (.text:ti_sysbios_knl_Swi_post__E)
                  000046fc    00000044     ti.targets.arm.rtsarm.aem4f : Error.oem4f (.text:xdc_runtime_Error_setX__E)
                  00004740    00000044                                 : SysMin.oem4f (.text:xdc_runtime_SysMin_flush__E)
                  00004784    00000044                                 : Text.oem4f (.text:xdc_runtime_Text_xprintf__I)
                  000047c8    00000042     driverlib.lib : uart.obj (.text:UARTConfigSetExpClk)
                  0000480a    00000042     drivers_tivaware.aem4f : UARTTiva.oem4f (.text:UARTTiva_hwiIntFxn)
                  0000484c    00000042                            : UARTTiva.oem4f (.text:UARTTiva_writePolling)
                  0000488e    00000002     --HOLE-- [fill = 0]
                  00004890    00000040     EK_TM4C123GXL.obj (.text:EK_TM4C123GXL_initGeneral)
                  000048d0    00000040     drivers_tivaware.aem4f : RingBuf.oem4f (.text:RingBuf_get)
                  00004910    00000040                            : UARTTiva.oem4f (.text:UARTTiva_read)
                  00004950    00000040     rtsv7M4_T_le_v4SPD16_eabi.lib : u_divt2.asm.obj (.text)
                  00004990    00000040     sysbios.aem4f : BIOS.obj (.text:ti_sysbios_family_arm_lm4_Timer_startup__E)
                  000049d0    0000003c                   : BIOS.obj (.text:ti_sysbios_family_arm_m3_Hwi_excSvCall__I)
                  00004a0c    00000004     --HOLE-- [fill = 0]
                  00004a10    0000003c                   : BIOS.obj (.text:ti_sysbios_heaps_HeapMem_init__I)
                  00004a4c    00000004     --HOLE-- [fill = 0]
                  00004a50    0000003c                   : BIOS.obj (.text:ti_sysbios_knl_Swi_restore__E)
                  00004a8c    00000038     rtsv7M4_T_le_v4SPD16_eabi.lib : trgmsg.c.obj (.text:__TI_writemsg)
                  00004ac4    00000004     --HOLE-- [fill = 0]
                  00004ac8    00000038     sysbios.aem4f : BIOS.obj (.text:ti_sysbios_family_arm_m3_Hwi_excNoIsr__I)
                  00004b00    00000038                   : BIOS.obj (.text:ti_sysbios_knl_Task_processVitalTaskFlag__I)
                  00004b38    00000038     ti.targets.arm.rtsarm.aem4f : SysMin.oem4f (.text:xdc_runtime_SysMin_putch__E)
                  00004b70    00000038                                 : System.oem4f (.text:xdc_runtime_System_atexit__E)
                  00004ba8    00000036     drivers_tivaware.aem4f : UARTTiva.oem4f (.text:UARTTiva_readCancel)
                  00004bde    00000002     --HOLE-- [fill = 0]
                  00004be0    00000034     driverlib.lib : sysctl.obj (.text:SysCtlPeripheralEnable)
                  00004c14    00000034     rtsv7M4_T_le_v4SPD16_eabi.lib : trgmsg.c.obj (.text:__TI_readmsg)
                  00004c48    00000034     sysbios.aem4f : BIOS.obj (.text:ti_sysbios_family_arm_m3_Hwi_Instance_finalize__E)
                  00004c7c    00000004     --HOLE-- [fill = 0]
                  00004c80    00000034                   : BIOS.obj (.text:ti_sysbios_family_arm_m3_Hwi_excNmi__I)
                  00004cb4    00000004     --HOLE-- [fill = 0]
                  00004cb8    00000034                   : BIOS.obj (.text:ti_sysbios_hal_Hwi_checkStack)
                  00004cec    00000034     empty_pem4f.oem4f (.text:ti_sysbios_knl_Clock_construct)
                  00004d20    00000034     ti.targets.arm.rtsarm.aem4f : Core-label.oem4f (.text:xdc_runtime_Core_assignLabel__I)
                  00004d54    00000033                                 : Text.oem4f (.text:xdc_runtime_Text_printVisFxn__I)
                  00004d87    00000001     --HOLE-- [fill = 0]
                  00004d88    00000032     sysbios.aem4f : BIOS.obj (.text:ti_sysbios_hal_Hwi_initStack)
                  00004dba    00000002     --HOLE-- [fill = 0]
                  00004dbc    00000030     EK_TM4C123GXL.obj (.text:EK_TM4C123GXL_initGPIO)
                  00004dec    00000030     drivers_tivaware.aem4f : UART.oem4f (.text:UART_open)
                  00004e1c    00000030     empty_pem4f.oem4f (.text:ti_sysbios_BIOS_atExitFunc__I)
                  00004e4c    00000004     --HOLE-- [fill = 0]
                  00004e50    00000030     sysbios.aem4f : BIOS.obj (.text:ti_sysbios_family_arm_lm4_Timer_stop__E)
                  00004e80    00000030                   : BIOS.obj (.text:ti_sysbios_family_arm_m3_TaskSupport_start__E)
                  00004eb0    00000030     empty_pem4f.oem4f (.text:ti_sysbios_gates_GateHwi_Object__create__S)
                  00004ee0    00000030     empty_pem4f.oem4f (.text:ti_sysbios_gates_GateMutex_Object__create__S)
                  00004f10    00000030     empty_pem4f.oem4f (.text:ti_sysbios_heaps_HeapMem_Object__create__S)
                  00004f40    00000030     empty_pem4f.oem4f (.text:ti_sysbios_knl_Semaphore_construct)
                  00004f70    00000030     sysbios.aem4f : BIOS.obj (.text:ti_sysbios_knl_Semaphore_pendTimeout__I)
                  00004fa0    00000030                   : BIOS.obj (.text:ti_sysbios_knl_Task_unblockI__E)
                  00004fd0    00000030     ti.targets.arm.rtsarm.aem4f : SysMin.oem4f (.text:xdc_runtime_SysMin_abort__E)
                  00005000    00000030                                 : System.oem4f (.text:xdc_runtime_System_processAtExit__E)
                  00005030    0000002c     empty_pem4f.oem4f (.text:ti_sysbios_knl_Clock_doTick__I)
                  0000505c    0000002c     empty_pem4f.oem4f (.text:ti_sysbios_knl_Queue_construct)
                  00005088    0000002c     sysbios.aem4f : BIOS.obj (.text:ti_sysbios_knl_Task_restore__E)
                  000050b4    0000002c     ti.targets.arm.rtsarm.aem4f : Text.oem4f (.text:xdc_runtime_Text_cordText__E)
                  000050e0    0000002a     driverlib.lib : gpio.obj (.text:GPIODirModeSet)
                  0000510a    0000002a     ti.targets.arm.rtsarm.aem4f : System.oem4f (.text:xdc_runtime_System_putchar__I)
                  00005134    00000004     --HOLE-- [fill = 0]
                  00005138    00000028     sysbios.aem4f : BIOS.obj (.text:ti_sysbios_knl_Swi_Module_startup__E)
                  00005160    00000026                   : m3_Hwi_asm.obj (.text:ti_sysbios_family_arm_m3_Hwi_pendSV__I)
                  00005186    00000026     ti.targets.arm.rtsarm.aem4f : System.oem4f (.text:xdc_runtime_System_avprintf__E)
                  000051ac    00000024     empty_pem4f.oem4f (.text:ti_sysbios_BIOS_errorRaiseHook__I)
                  000051d0    00000024     empty_pem4f.oem4f (.text:ti_sysbios_BIOS_registerRTSLock__I)
                  000051f4    00000024     empty_pem4f.oem4f (.text:ti_sysbios_BIOS_removeRTSLock__I)
                  00005218    00000024     empty_pem4f.oem4f (.text:ti_sysbios_BIOS_startFunc__I)
                  0000523c    00000024     empty_pem4f.oem4f (.text:ti_sysbios_gates_GateMutex_Object__delete__S)
                  00005260    00000024     sysbios.aem4f : BIOS.obj (.text:ti_sysbios_knl_Clock_Module_startup__E)
                  00005284    00000004     --HOLE-- [fill = 0]
                  00005288    00000024                   : BIOS.obj (.text:ti_sysbios_knl_Task_restoreHwi__E)
                  000052ac    00000024     ti.targets.arm.rtsarm.aem4f : System.oem4f (.text:xdc_runtime_System_vprintf__E)
                  000052d0    00000022     sysbios.aem4f : BIOS.obj (.text:ti_sysbios_family_arm_lm4_Timer_write__I)
                  000052f2    00000022     empty_pem4f.oem4f (.text:xdc_runtime_SysMin_output__I)
                  00005314    00000020     empty_pem4f.oem4f (.text:ti_sysbios_BIOS_rtsLock__I)
                  00005334    00000020     sysbios.aem4f : m3_Hwi_asm.obj (.text:ti_sysbios_family_arm_m3_Hwi_excHandlerAsm__I)
                  00005354    00000004     --HOLE-- [fill = 0]
                  00005358    00000020                   : BIOS.obj (.text:ti_sysbios_family_arm_m3_Hwi_excHandler__I)
                  00005378    00000020     empty_pem4f.oem4f (.text:ti_sysbios_gates_GateHwi_Object__delete__S)
                  00005398    00000020     empty_pem4f.oem4f (.text:ti_sysbios_heaps_HeapMem_Object__delete__S)
                  000053b8    00000020     empty_pem4f.oem4f (.text:ti_sysbios_knl_Clock_Object__destruct__S)
                  000053d8    00000020     sysbios.aem4f : BIOS.obj (.text:ti_sysbios_knl_Idle_run__E)
                  000053f8    00000020     empty_pem4f.oem4f (.text:ti_sysbios_knl_Semaphore_Object__destruct__S)
                  00005418    00000020     ti.targets.arm.rtsarm.aem4f : Registry.oem4f (.text:xdc_runtime_Registry_findById__E)
                  00005438    00000020                                 : SysMin.oem4f (.text:xdc_runtime_SysMin_Module_startup__E)
                  00005458    0000001e     sysbios.aem4f : m3_Hwi_asm_switch.obj (.text:ti_sysbios_family_xxx_Hwi_switchAndRunFunc)
                  00005476    00000002     --HOLE-- [fill = 0]
                  00005478    0000001c     driverlib.lib : uart.obj (.text:UARTDisable)
                  00005494    0000001c     drivers_tivaware.aem4f : GPIOTiva.oem4f (.text:getGpioIntIndex)
                  000054b0    0000001c     empty_pem4f.oem4f (.text:ti_sysbios_family_arm_m3_Hwi_Object__destruct__S)
                  000054cc    00000004     --HOLE-- [fill = 0]
                  000054d0    0000001c     sysbios.aem4f : BIOS.obj (.text:ti_sysbios_gates_GateMutex_Instance_init__E)
                  000054ec    0000001c     empty_pem4f.oem4f (.text:ti_sysbios_knl_Queue_Object__destruct__S)
                  00005508    0000001c     sysbios.aem4f : BIOS.obj (.text:ti_sysbios_knl_Task_enter__I)
                  00005524    0000001c     ti.targets.arm.rtsarm.aem4f : Error.oem4f (.text:xdc_runtime_Error_raiseX__E)
                  00005540    0000001c                                 : Memory.oem4f (.text:xdc_runtime_Memory_valloc__E)
                  0000555c    0000001c                                 : SysMin.oem4f (.text:xdc_runtime_SysMin_exit__E)
                  00005578    0000001c                                 : System.oem4f (.text:xdc_runtime_System_abort__E)
                  00005594    0000001a     empty_pem4f.oem4f (.text:ti_sysbios_family_arm_m3_Hwi_Handle__label__S)
                  000055ae    0000001a     empty_pem4f.oem4f (.text:ti_sysbios_gates_GateHwi_Handle__label__S)
                  000055c8    0000001a     empty_pem4f.oem4f (.text:ti_sysbios_gates_GateMutex_Handle__label__S)
                  000055e2    0000001a     empty_pem4f.oem4f (.text:ti_sysbios_heaps_HeapMem_Handle__label__S)
                  000055fc    0000001a     empty_pem4f.oem4f (.text:ti_sysbios_knl_Swi_Handle__label__S)
                  00005616    0000001a     empty_pem4f.oem4f (.text:ti_sysbios_knl_Task_Handle__label__S)
                  00005630    0000001a     empty_pem4f.oem4f (.text:xdc_runtime_System_aprintf__E)
                  0000564a    0000001a     empty_pem4f.oem4f (.text:xdc_runtime_System_printf__E)
                  00005664    00000018     drivers_tivaware.aem4f : UART.oem4f (.text:UART_Params_init)
                  0000567c    00000018     rtsv7M4_T_le_v4SPD16_eabi.lib : args_main.c.obj (.text:_args_main)
                  00005694    00000018     empty_pem4f.oem4f (.text:ti_sysbios_BIOS_rtsUnlock__I)
                  000056ac    00000018     empty_pem4f.oem4f (.text:ti_sysbios_family_arm_lm4_Timer_Module__startupDone__F)
                  000056c4    00000018     empty_pem4f.oem4f (.text:ti_sysbios_family_arm_m3_Hwi_Module__startupDone__F)
                  000056dc    00000018     sysbios.aem4f : m3_TaskSupport_asm.obj (.text:ti_sysbios_family_arm_m3_TaskSupport_swap__E)
                  000056f4    00000004     --HOLE-- [fill = 0]
                  000056f8    00000018                   : BIOS.obj (.text:ti_sysbios_gates_GateMutex_leave__E)
                  00005710    00000018     ti.targets.arm.rtsarm.aem4f : Error.oem4f (.text:xdc_runtime_Error_check__E)
                  00005728    00000018                                 : System.oem4f (.text:xdc_runtime_System_exit__E)
                  00005740    00000018                                 : Text.oem4f (.text:xdc_runtime_Text_ropeText__E)
                  00005758    00000016     empty_pem4f.oem4f (.text:ti_sysbios_BIOS_exitFunc__I)
                  0000576e    00000014     driverlib.lib : uart.obj (.text:UARTEnable)
                  00005782    00000014     rtsv7M4_T_le_v4SPD16_eabi.lib : strlen.c.obj (.text:strlen)
                  00005796    00000002     --HOLE-- [fill = 0]
                  00005798    00000014     empty_pem4f.oem4f (.text:ti_sysbios_family_arm_m3_Hwi_Object__get__S)
                  000057ac    00000004     --HOLE-- [fill = 0]
                  000057b0    00000014     sysbios.aem4f : BIOS.obj (.text:ti_sysbios_family_arm_m3_Hwi_switchFromBootStack__E)
                  000057c4    00000014     empty_pem4f.oem4f (.text:ti_sysbios_heaps_HeapMem_Object__get__S)
                  000057d8    00000014     empty_pem4f.oem4f (.text:ti_sysbios_knl_Swi_Object__get__S)
                  000057ec    00000012     driverlib.lib : gpio.obj (.text:GPIOPinTypeGPIOInput)
                  000057fe    00000012     drivers_tivaware.aem4f : RingBuf.oem4f (.text:RingBuf_construct)
                  00005810    00000012     sysbios.aem4f : BIOS.obj (.text:ti_sysbios_hal_Hwi_Module_startup__E)
                  00005822    00000012     empty_pem4f.oem4f (.text:xdc_runtime_Startup_exec__I)
                  00005834    00000010     drivers_tivaware.aem4f : UARTTiva.oem4f (.text:readBlockingTimeout)
                  00005844    00000004     --HOLE-- [fill = 0]
                  00005848    00000010     sysbios.aem4f : BIOS.obj (.text:ti_sysbios_BIOS_getCpuFreq__E)
                  00005858    00000010                   : BIOS.obj (.text:ti_sysbios_BIOS_setThreadType__E)
                  00005868    00000010                   : BIOS.obj (.text:ti_sysbios_BIOS_start__E)
                  00005878    00000010                   : m3_TaskSupport_asm.obj (.text:ti_sysbios_family_arm_m3_TaskSupport_glue)
                  00005888    00000010                   : BIOS.obj (.text:ti_sysbios_gates_GateMutex_Instance_finalize__E)
                  00005898    00000010                   : BIOS.obj (.text:ti_sysbios_knl_Semaphore_Instance_finalize__E)
                  000058a8    00000010                   : BIOS.obj (.text:ti_sysbios_knl_Swi_disable__E)
                  000058b8    00000010     empty_pem4f.oem4f (.text:ti_sysbios_knl_Task_Object__get__S)
                  000058c8    00000010     sysbios.aem4f : BIOS.obj (.text:ti_sysbios_knl_Task_disable__E)
                  000058d8    00000010     ti.targets.arm.rtsarm.aem4f : Gate.oem4f (.text:xdc_runtime_Gate_leaveSystem__E)
                  000058e8    00000010                                 : Memory.oem4f (.text:xdc_runtime_Memory_free__E)
                  000058f8    00000010                                 : SysMin.oem4f (.text:xdc_runtime_SysMin_ready__E)
                  00005908    00000010                                 : System.oem4f (.text:xdc_runtime_System_vsnprintf__E)
                  00005918    00000010     empty_pem4f.oem4f (.text:xdc_runtime_Text_visitRope__I)
                  00005928    0000000e     driverlib.lib : gpio.obj (.text:GPIOIntStatus)
                  00005936    0000000e                   : uart.obj (.text:UARTCharGetNonBlocking)
                  00005944    0000000e                   : uart.obj (.text:UARTCharPutNonBlocking)
                  00005952    0000000e     rtsv7M4_T_le_v4SPD16_eabi.lib : copy_decompress_none.c.obj (.text:decompress:none:__TI_decompress_none)
                  00005960    0000000e     sysbios.aem4f : BIOS.obj (.text:ti_sysbios_knl_Idle_loop__E)
                  0000596e    00000002     --HOLE-- [fill = 0]
                  00005970    0000000e                   : BIOS.obj (.text:ti_sysbios_knl_Queue_empty__E)
                  0000597e    00000002     --HOLE-- [fill = 0]
                  00005980    0000000c     empty_pem4f.oem4f (.text:.bootCodeSection:ti_catalog_arm_cortexm4_tiva_ce_Boot_init__I)
                  0000598c    0000000c     drivers_tivaware.aem4f : RingBuf.oem4f (.text:RingBuf_peek)
                  00005998    0000000c     driverlib.lib : uart.obj (.text:UARTFlowControlSet)
                  000059a4    0000000c     drivers_tivaware.aem4f : UARTTiva.oem4f (.text:UARTTiva_init)
                  000059b0    0000000c     rtsv7M4_T_le_v4SPD16_eabi.lib : _lock.c.obj (.text:_register_lock)
                  000059bc    0000000c                                   : _lock.c.obj (.text:_register_unlock)
                  000059c8    0000000c                                   : copy_zero_init.c.obj (.text:decompress:ZI:__TI_zero_init)
                  000059d4    00000004     --HOLE-- [fill = 0]
                  000059d8    0000000c     sysbios.aem4f : BIOS.obj (.text:ti_sysbios_family_arm_lm4_Timer_getMaxTicks__E)
                  000059e4    0000000c     empty_pem4f.oem4f (.text:ti_sysbios_family_arm_m3_Hwi_Params__init__S)
                  000059f0    0000000c     sysbios.aem4f : BIOS.obj (.text:ti_sysbios_family_arm_m3_Hwi_disableFxn__E)
                  000059fc    00000004     --HOLE-- [fill = 0]
                  00005a00    0000000c                   : BIOS.obj (.text:ti_sysbios_family_arm_m3_TaskSupport_checkStack__E)
                  00005a0c    00000004     --HOLE-- [fill = 0]
                  00005a10    0000000c                   : BIOS.obj (.text:ti_sysbios_gates_GateHwi_enter__E)
                  00005a1c    0000000c     empty_pem4f.oem4f (.text:ti_sysbios_knl_Clock_Params__init__S)
                  00005a28    0000000c     empty_pem4f.oem4f (.text:ti_sysbios_knl_Queue_Object__get__S)
                  00005a34    0000000c     empty_pem4f.oem4f (.text:ti_sysbios_knl_Semaphore_Params__init__S)
                  00005a40    0000000c     ti.targets.arm.rtsarm.aem4f : Error.oem4f (.text:xdc_runtime_Error_init__E)
                  00005a4c    0000000c                                 : Gate.oem4f (.text:xdc_runtime_Gate_enterSystem__E)
                  00005a58    0000000c                                 : Memory.oem4f (.text:xdc_runtime_Memory_calloc__E)
                  00005a64    0000000c                                 : Memory.oem4f (.text:xdc_runtime_Memory_getMaxDefaultTypeAlign__E)
                  00005a70    0000000a     driverlib.lib : uart.obj (.text:UARTCharGet)
                  00005a7a    0000000a                   : uart.obj (.text:UARTCharPut)
                  00005a84    0000000a                   : uart.obj (.text:UARTIntDisable)
                  00005a8e    0000000a                   : uart.obj (.text:UARTIntStatus)
                  00005a98    0000000a     drivers_tivaware.aem4f : UART.oem4f (.text:UART_read)
                  00005aa2    0000000a     empty_pem4f.oem4f (.text:xdc_runtime_IHeap_alloc)
                  00005aac    0000000a     empty_pem4f.oem4f (.text:xdc_runtime_IHeap_free)
                  00005ab6    00000008     driverlib.lib : uart.obj (.text:UARTIntEnable)
                  00005abe    00000008                   : uart.obj (.text:UARTRxErrorGet)
                  00005ac6    00000008     drivers_tivaware.aem4f : UARTTiva.oem4f (.text:readSemCallback)
                  00005ace    00000008     sysbios.aem4f : BIOS.obj (.text:ti_sysbios_family_arm_lm4_Timer_masterDisable__I)
                  00005ad6    00000002     --HOLE-- [fill = 0]
                  00005ad8    00000008                   : BIOS.obj (.text:ti_sysbios_family_arm_m3_Hwi_doSwiRestore__I)
                  00005ae0    00000008                   : BIOS.obj (.text:ti_sysbios_family_arm_m3_Hwi_startup__E)
                  00005ae8    00000008     drivers_tivaware.aem4f : UARTTiva.oem4f (.text:writeSemCallback)
                  00005af0    00000006     driverlib.lib : uart.obj (.text:UARTFIFOLevelSet)
                  00005af6    00000006                   : uart.obj (.text:UARTRxErrorClear)
                  00005afc    00000006     Boot.aem4f : Boot_sysctl.oem4f (.text:ti_catalog_arm_cortexm4_tiva_ce_Boot_sysCtlDelayI__I)
                  00005b02    00000006     ti.targets.arm.rtsarm.aem4f : System.oem4f (.text:xdc_runtime_System_Module_startup__E)
                  00005b08    00000006     sysbios.aem4f : BIOS.obj (.text:ti_sysbios_family_arm_m3_Hwi_doTaskRestore__I)
                  00005b0e    00000002     --HOLE-- [fill = 0]
                  00005b10    00000006                   : BIOS.obj (.text:ti_sysbios_family_arm_m3_Hwi_restoreFxn__E)
                  00005b16    00000002     --HOLE-- [fill = 0]
                  00005b18    00000006                   : BIOS.obj (.text:ti_sysbios_gates_GateHwi_leave__E)
                  00005b1e    00000002     --HOLE-- [fill = 0]
                  00005b20    00000006                   : BIOS.obj (.text:ti_sysbios_heaps_HeapMem_isBlocking__E)
                  00005b26    00000002     --HOLE-- [fill = 0]
                  00005b28    00000006                   : BIOS.obj (.text:ti_sysbios_knl_Clock_stop__E)
                  00005b2e    00000002     --HOLE-- [fill = 0]
                  00005b30    00000006                   : BIOS.obj (.text:ti_sysbios_knl_Queue_Instance_init__E)
                  00005b36    00000002     --HOLE-- [fill = 0]
                  00005b38    00000006                   : BIOS.obj (.text:ti_sysbios_knl_Swi_startup__E)
                  00005b3e    00000002     --HOLE-- [fill = 0]
                  00005b40    00000004                   : BIOS.obj (.text:ti_sysbios_gates_GateHwi_query__E)
                  00005b44    00000004     --HOLE-- [fill = 0]
                  00005b48    00000004                   : BIOS.obj (.text:ti_sysbios_gates_GateMutex_query__E)
                  00005b4c    00000004     --HOLE-- [fill = 0]
                  00005b50    00000004                   : BIOS.obj (.text:ti_sysbios_knl_Task_startup__E)
                  00005b54    00000004     --HOLE-- [fill = 0]
                  00005b58    00000002                   : BIOS.obj (.text:ti_sysbios_gates_GateHwi_Instance_init__E)
                  00005b5a    00000006     --HOLE-- [fill = 0]
                  00005b60    00000002                   : BIOS.obj (.text:ti_sysbios_knl_Clock_logTick__E)

.const     0    00005b64    00001f1c     
                  00005b64    00001861     empty_pem4f.oem4f (.const:xdc_runtime_Text_charTab__A)
                  000073c5    00000001     empty_pem4f.oem4f (.const:xdc_runtime_Error_policy__C)
                  000073c6    000000bc     empty_pem4f.oem4f (.const:xdc_runtime_Text_nodeTab__A)
                  00007482    00000054     drivers_tivaware.aem4f : GPIOTiva.oem4f (.const:.string)
                  000074d6    00000002     empty_pem4f.oem4f (.const:ti_catalog_arm_cortexm4_tiva_ce_Boot_Module__id__C)
                  000074d8    0000004c     drivers_tivaware.aem4f : UARTTiva.oem4f (.const)
                  00007524    00000048     empty_pem4f.oem4f (.const:.string)
                  0000756c    00000048     drivers_tivaware.aem4f : GPIOTiva.oem4f (.const:gpioBaseAddresses)
                  000075b4    00000030     empty_pem4f.oem4f (.const:ti_sysbios_family_arm_m3_Hwi_Object__PARAMS__C)
                  000075e4    00000028     drivers_tivaware.aem4f : UARTTiva.oem4f (.const:UARTTiva_fxnTable)
                  0000760c    00000028     empty_pem4f.oem4f (.const:ti_sysbios_heaps_HeapMem_Module__FXNS__C)
                  00007634    00000024     drivers_tivaware.aem4f : UART.oem4f (.const:UART_defaultParams)
                  00007658    00000024     empty_pem4f.oem4f (.const:ti_sysbios_gates_GateHwi_Module__FXNS__C)
                  0000767c    00000024     empty_pem4f.oem4f (.const:ti_sysbios_gates_GateMutex_Module__FXNS__C)
                  000076a0    00000024     empty_pem4f.oem4f (.const:ti_sysbios_heaps_HeapMem_Object__PARAMS__C)
                  000076c4    00000024     empty_pem4f.oem4f (.const:ti_sysbios_knl_Clock_Object__PARAMS__C)
                  000076e8    00000024     empty_pem4f.oem4f (.const:ti_sysbios_knl_Semaphore_Object__PARAMS__C)
                  0000770c    00000020     empty_pem4f.oem4f (.const:ti_sysbios_family_arm_m3_Hwi_Object__DESC__C)
                  0000772c    00000020     empty_pem4f.oem4f (.const:ti_sysbios_gates_GateHwi_Object__DESC__C)
                  0000774c    00000020     empty_pem4f.oem4f (.const:ti_sysbios_gates_GateMutex_Object__DESC__C)
                  0000776c    00000020     empty_pem4f.oem4f (.const:ti_sysbios_heaps_HeapMem_Object__DESC__C)
                  0000778c    00000020     empty_pem4f.oem4f (.const:ti_sysbios_knl_Clock_Object__DESC__C)
                  000077ac    00000020     empty_pem4f.oem4f (.const:ti_sysbios_knl_Queue_Object__DESC__C)
                  000077cc    00000020     empty_pem4f.oem4f (.const:ti_sysbios_knl_Semaphore_Object__DESC__C)
                  000077ec    00000020     empty_pem4f.oem4f (.const:xdc_runtime_Startup_sfxnTab__A)
                  0000780c    00000018     EK_TM4C123GXL.obj (.const:UART_config)
                  00007824    00000018     empty_pem4f.oem4f (.const:ti_sysbios_gates_GateHwi_Object__PARAMS__C)
                  0000783c    00000018     empty_pem4f.oem4f (.const:ti_sysbios_gates_GateMutex_Object__PARAMS__C)
                  00007854    00000018     empty_pem4f.oem4f (.const:ti_sysbios_knl_Queue_Object__PARAMS__C)
                  0000786c    00000018     EK_TM4C123GXL.obj (.const:uartTivaHWAttrs)
                  00007884    00000014     EK_TM4C123GXL.obj (.const:GPIOTiva_config)
                  00007898    00000014     empty_pem4f.oem4f (.const:xdc_runtime_Startup_firstFxns__A)
                  000078ac    00000010     empty_pem4f.oem4f (.const:xdc_runtime_Startup_sfxnRts__A)
                  000078bc    00000008     empty_pem4f.oem4f (.const:ti_sysbios_family_arm_m3_Hwi_excHookFuncs__A)
                  000078c4    00000008     empty_pem4f.oem4f (.const:ti_sysbios_knl_Idle_funcList__C)
                  000078cc    00000008     empty_pem4f.oem4f (.const:xdc_runtime_Startup_firstFxns__C)
                  000078d4    00000008     empty_pem4f.oem4f (.const:xdc_runtime_Startup_lastFxns__C)
                  000078dc    00000004     empty_pem4f.oem4f (.const:ti_catalog_arm_cortexm4_tiva_ce_Boot_A_mustUseEnhancedClockMode__C)
                  000078e0    00000004     empty_pem4f.oem4f (.const:ti_catalog_arm_cortexm4_tiva_ce_Boot_Module__diagsEnabled__C)
                  000078e4    00000004     empty_pem4f.oem4f (.const:ti_catalog_arm_cortexm4_tiva_ce_Boot_Module__diagsIncluded__C)
                  000078e8    00000004     empty_pem4f.oem4f (.const:ti_catalog_arm_cortexm4_tiva_ce_Boot_Module__diagsMask__C)
                  000078ec    00000004     empty_pem4f.oem4f (.const:ti_sysbios_family_arm_lm4_Timer_enableFunc__C)
                  000078f0    00000004     empty_pem4f.oem4f (.const:ti_sysbios_family_arm_lm4_Timer_numTimerDevices__C)
                  000078f4    00000004     empty_pem4f.oem4f (.const:ti_sysbios_family_arm_lm4_Timer_startupNeeded__C)
                  000078f8    00000004     empty_pem4f.oem4f (.const:ti_sysbios_family_arm_m3_Hwi_E_NMI__C)
                  000078fc    00000004     empty_pem4f.oem4f (.const:ti_sysbios_family_arm_m3_Hwi_E_alreadyDefined__C)
                  00007900    00000004     empty_pem4f.oem4f (.const:ti_sysbios_family_arm_m3_Hwi_E_busFault__C)
                  00007904    00000004     empty_pem4f.oem4f (.const:ti_sysbios_family_arm_m3_Hwi_E_debugMon__C)
                  00007908    00000004     empty_pem4f.oem4f (.const:ti_sysbios_family_arm_m3_Hwi_E_hardFault__C)
                  0000790c    00000004     empty_pem4f.oem4f (.const:ti_sysbios_family_arm_m3_Hwi_E_memFault__C)
                  00007910    00000004     empty_pem4f.oem4f (.const:ti_sysbios_family_arm_m3_Hwi_E_noIsr__C)
                  00007914    00000004     empty_pem4f.oem4f (.const:ti_sysbios_family_arm_m3_Hwi_E_reserved__C)
                  00007918    00000004     empty_pem4f.oem4f (.const:ti_sysbios_family_arm_m3_Hwi_E_svCall__C)
                  0000791c    00000004     empty_pem4f.oem4f (.const:ti_sysbios_family_arm_m3_Hwi_E_usageFault__C)
                  00007920    00000004     empty_pem4f.oem4f (.const:ti_sysbios_family_arm_m3_Hwi_NUM_INTERRUPTS__C)
                  00007924    00000004     empty_pem4f.oem4f (.const:ti_sysbios_family_arm_m3_Hwi_Object__count__C)
                  00007928    00000004     empty_pem4f.oem4f (.const:ti_sysbios_family_arm_m3_Hwi_ccr__C)
                  0000792c    00000004     empty_pem4f.oem4f (.const:ti_sysbios_family_arm_m3_Hwi_excHandlerFunc__C)
                  00007930    00000004     empty_pem4f.oem4f (.const:ti_sysbios_family_arm_m3_Hwi_excHookFuncs__C)
                  00007934    00000004     empty_pem4f.oem4f (.const:ti_sysbios_family_arm_m3_Hwi_nullIsrFunc__C)
                  00007938    00000004     empty_pem4f.oem4f (.const:ti_sysbios_family_arm_m3_Hwi_priGroup__C)
                  0000793c    00000004     empty_pem4f.oem4f (.const:ti_sysbios_gates_GateMutex_A_badContext__C)
                  00007940    00000004     empty_pem4f.oem4f (.const:ti_sysbios_gates_GateMutex_Instance_State_sem__O)
                  00007944    00000004     empty_pem4f.oem4f (.const:ti_sysbios_gates_GateMutex_Module__diagsEnabled__C)
                  00007948    00000004     empty_pem4f.oem4f (.const:ti_sysbios_gates_GateMutex_Module__diagsIncluded__C)
                  0000794c    00000004     empty_pem4f.oem4f (.const:ti_sysbios_gates_GateMutex_Module__diagsMask__C)
                  00007950    00000004     empty_pem4f.oem4f (.const:ti_sysbios_hal_Hwi_E_stackOverflow__C)
                  00007954    00000004     empty_pem4f.oem4f (.const:ti_sysbios_heaps_HeapMem_A_align__C)
                  00007958    00000004     empty_pem4f.oem4f (.const:ti_sysbios_heaps_HeapMem_A_heapSize__C)
                  0000795c    00000004     empty_pem4f.oem4f (.const:ti_sysbios_heaps_HeapMem_A_invalidFree__C)
                  00007960    00000004     empty_pem4f.oem4f (.const:ti_sysbios_heaps_HeapMem_A_zeroBlock__C)
                  00007964    00000004     empty_pem4f.oem4f (.const:ti_sysbios_heaps_HeapMem_E_memory__C)
                  00007968    00000004     empty_pem4f.oem4f (.const:ti_sysbios_heaps_HeapMem_Module__diagsEnabled__C)
                  0000796c    00000004     empty_pem4f.oem4f (.const:ti_sysbios_heaps_HeapMem_Module__diagsIncluded__C)
                  00007970    00000004     empty_pem4f.oem4f (.const:ti_sysbios_heaps_HeapMem_Module__diagsMask__C)
                  00007974    00000004     empty_pem4f.oem4f (.const:ti_sysbios_heaps_HeapMem_Module__gateObj__C)
                  00007978    00000004     empty_pem4f.oem4f (.const:ti_sysbios_heaps_HeapMem_Object__count__C)
                  0000797c    00000004     empty_pem4f.oem4f (.const:ti_sysbios_heaps_HeapMem_reqAlign__C)
                  00007980    00000004     empty_pem4f.oem4f (.const:ti_sysbios_knl_Clock_A_badThreadType__C)
                  00007984    00000004     empty_pem4f.oem4f (.const:ti_sysbios_knl_Clock_Module_State_clockQ__O)
                  00007988    00000004     empty_pem4f.oem4f (.const:ti_sysbios_knl_Clock_Module__diagsEnabled__C)
                  0000798c    00000004     empty_pem4f.oem4f (.const:ti_sysbios_knl_Clock_Module__diagsIncluded__C)
                  00007990    00000004     empty_pem4f.oem4f (.const:ti_sysbios_knl_Clock_Module__diagsMask__C)
                  00007994    00000004     empty_pem4f.oem4f (.const:ti_sysbios_knl_Idle_funcList__A)
                  00007998    00000004     empty_pem4f.oem4f (.const:ti_sysbios_knl_Semaphore_A_badContext__C)
                  0000799c    00000004     empty_pem4f.oem4f (.const:ti_sysbios_knl_Semaphore_A_noEvents__C)
                  000079a0    00000004     empty_pem4f.oem4f (.const:ti_sysbios_knl_Semaphore_A_overflow__C)
                  000079a4    00000004     empty_pem4f.oem4f (.const:ti_sysbios_knl_Semaphore_A_pendTaskDisabled__C)
                  000079a8    00000004     empty_pem4f.oem4f (.const:ti_sysbios_knl_Semaphore_Instance_State_pendQ__O)
                  000079ac    00000004     empty_pem4f.oem4f (.const:ti_sysbios_knl_Semaphore_Module__diagsEnabled__C)
                  000079b0    00000004     empty_pem4f.oem4f (.const:ti_sysbios_knl_Semaphore_Module__diagsIncluded__C)
                  000079b4    00000004     empty_pem4f.oem4f (.const:ti_sysbios_knl_Semaphore_Module__diagsMask__C)
                  000079b8    00000004     empty_pem4f.oem4f (.const:ti_sysbios_knl_Swi_Object__count__C)
                  000079bc    00000004     empty_pem4f.oem4f (.const:ti_sysbios_knl_Task_E_spOutOfBounds__C)
                  000079c0    00000004     empty_pem4f.oem4f (.const:ti_sysbios_knl_Task_E_stackOverflow__C)
                  000079c4    00000004     empty_pem4f.oem4f (.const:ti_sysbios_knl_Task_Module_State_inactiveQ__O)
                  000079c8    00000004     empty_pem4f.oem4f (.const:ti_sysbios_knl_Task_Object__count__C)
                  000079cc    00000004     empty_pem4f.oem4f (.const:ti_sysbios_knl_Task_allBlockedFunc__C)
                  000079d0    00000004     empty_pem4f.oem4f (.const:ti_sysbios_knl_Task_numConstructedTasks__C)
                  000079d4    00000004     empty_pem4f.oem4f (.const:xdc_runtime_Assert_E_assertFailed__C)
                  000079d8    00000004     empty_pem4f.oem4f (.const:xdc_runtime_Core_A_initializedParams__C)
                  000079dc    00000004     empty_pem4f.oem4f (.const:xdc_runtime_Core_Module__diagsEnabled__C)
                  000079e0    00000004     empty_pem4f.oem4f (.const:xdc_runtime_Core_Module__diagsIncluded__C)
                  000079e4    00000004     empty_pem4f.oem4f (.const:xdc_runtime_Core_Module__diagsMask__C)
                  000079e8    00000004     empty_pem4f.oem4f (.const:xdc_runtime_Error_E_memory__C)
                  000079ec    00000004     empty_pem4f.oem4f (.const:xdc_runtime_Error_Module__diagsEnabled__C)
                  000079f0    00000004     empty_pem4f.oem4f (.const:xdc_runtime_Error_Module__diagsIncluded__C)
                  000079f4    00000004     empty_pem4f.oem4f (.const:xdc_runtime_Error_Module__diagsMask__C)
                  000079f8    00000004     empty_pem4f.oem4f (.const:xdc_runtime_Error_Module__loggerFxn8__C)
                  000079fc    00000004     empty_pem4f.oem4f (.const:xdc_runtime_Error_Module__loggerObj__C)
                  00007a00    00000004     empty_pem4f.oem4f (.const:xdc_runtime_Error_policyFxn__C)
                  00007a04    00000004     empty_pem4f.oem4f (.const:xdc_runtime_Error_raiseHook__C)
                  00007a08    00000004     empty_pem4f.oem4f (.const:xdc_runtime_IGateProvider_Interface__BASE__C)
                  00007a0c    00000004     empty_pem4f.oem4f (.const:xdc_runtime_IHeap_Interface__BASE__C)
                  00007a10    00000004     empty_pem4f.oem4f (.const:xdc_runtime_IModule_Interface__BASE__C)
                  00007a14    00000004     empty_pem4f.oem4f (.const:xdc_runtime_Log_L_error__C)
                  00007a18    00000004     empty_pem4f.oem4f (.const:xdc_runtime_Memory_defaultHeapInstance__C)
                  00007a1c    00000004     empty_pem4f.oem4f (.const:xdc_runtime_Startup_execImpl__C)
                  00007a20    00000004     empty_pem4f.oem4f (.const:xdc_runtime_Startup_maxPasses__C)
                  00007a24    00000004     empty_pem4f.oem4f (.const:xdc_runtime_Startup_sfxnRts__C)
                  00007a28    00000004     empty_pem4f.oem4f (.const:xdc_runtime_Startup_sfxnTab__C)
                  00007a2c    00000004     empty_pem4f.oem4f (.const:xdc_runtime_SysMin_bufSize__C)
                  00007a30    00000004     empty_pem4f.oem4f (.const:xdc_runtime_SysMin_outputFunc__C)
                  00007a34    00000004     empty_pem4f.oem4f (.const:xdc_runtime_System_Module__gateObj__C)
                  00007a38    00000004     empty_pem4f.oem4f (.const:xdc_runtime_System_abortFxn__C)
                  00007a3c    00000004     empty_pem4f.oem4f (.const:xdc_runtime_System_exitFxn__C)
                  00007a40    00000004     empty_pem4f.oem4f (.const:xdc_runtime_System_extendFxn__C)
                  00007a44    00000004     empty_pem4f.oem4f (.const:xdc_runtime_System_maxAtexitHandlers__C)
                  00007a48    00000004     empty_pem4f.oem4f (.const:xdc_runtime_Text_charTab__C)
                  00007a4c    00000004     empty_pem4f.oem4f (.const:xdc_runtime_Text_nameEmpty__C)
                  00007a50    00000004     empty_pem4f.oem4f (.const:xdc_runtime_Text_nameStatic__C)
                  00007a54    00000004     empty_pem4f.oem4f (.const:xdc_runtime_Text_nameUnknown__C)
                  00007a58    00000004     empty_pem4f.oem4f (.const:xdc_runtime_Text_nodeTab__C)
                  00007a5c    00000004     empty_pem4f.oem4f (.const:xdc_runtime_Text_visitRopeFxn__C)
                  00007a60    00000002     empty_pem4f.oem4f (.const:ti_sysbios_family_arm_m3_Hwi_Module__id__C)
                  00007a62    00000002     empty_pem4f.oem4f (.const:ti_sysbios_gates_GateMutex_Module__id__C)
                  00007a64    00000002     empty_pem4f.oem4f (.const:ti_sysbios_hal_Hwi_Module__id__C)
                  00007a66    00000002     empty_pem4f.oem4f (.const:ti_sysbios_heaps_HeapMem_Module__id__C)
                  00007a68    00000002     empty_pem4f.oem4f (.const:ti_sysbios_knl_Clock_Module__id__C)
                  00007a6a    00000002     empty_pem4f.oem4f (.const:ti_sysbios_knl_Semaphore_Module__id__C)
                  00007a6c    00000002     empty_pem4f.oem4f (.const:ti_sysbios_knl_Task_Module__id__C)
                  00007a6e    00000002     empty_pem4f.oem4f (.const:xdc_runtime_Core_Module__id__C)
                  00007a70    00000002     empty_pem4f.oem4f (.const:xdc_runtime_Error_Module__loggerDefined__C)
                  00007a72    00000002     empty_pem4f.oem4f (.const:xdc_runtime_Error_maxDepth__C)
                  00007a74    00000002     empty_pem4f.oem4f (.const:xdc_runtime_Memory_Module__id__C)
                  00007a76    00000002     empty_pem4f.oem4f (.const:xdc_runtime_SysMin_flushAtExit__C)
                  00007a78    00000002     empty_pem4f.oem4f (.const:xdc_runtime_Text_charCnt__C)
                  00007a7a    00000002     empty_pem4f.oem4f (.const:xdc_runtime_Text_isLoaded__C)
                  00007a7c    00000002     empty_pem4f.oem4f (.const:xdc_runtime_Text_registryModsLastId__C)
                  00007a7e    00000002     empty_pem4f.oem4f (.const:xdc_runtime_Text_unnamedModsLastId__C)

.cinit     0    00007a80    00000208     
                  00007a80    000001cd     (.cinit..data.load) [load image, compression = lzss]
                  00007c4d    00000003     --HOLE-- [fill = 0]
                  00007c50    0000000c     (__TI_handler_table)
                  00007c5c    00000004     --HOLE-- [fill = 0]
                  00007c60    00000008     (.cinit..bss.load) [load image, compression = zero_init]
                  00007c68    00000008     (.cinit..vecs.load) [load image, compression = zero_init]
                  00007c70    00000018     (__TI_cinit_table)

.init_array 
*          0    00000000    00000000     UNINITIALIZED

.resetVecs 
*          0    00000000    0000003c     
                  00000000    0000003c     empty_pem4f.oem4f (.resetVecs)

.bss       0    20000360    00000c88     UNINITIALIZED
                  20000360    00000400     (.common:ti_sysbios_heaps_HeapMem_Instance_State_0_buf__A)
                  20000760    00000360     (.common:ti_sysbios_family_arm_m3_Hwi_dispatchTable)
                  20000ac0    00000200     empty_pem4f.oem4f (.bss:taskStackSection)
                  20000cc0    00000120     rtsv7M4_T_le_v4SPD16_eabi.lib : trgmsg.c.obj (.bss:_CIOBUF_)
                  20000de0    000000cc     (.common:uartTivaObjects)
                  20000eac    00000090     drivers_tivaware.aem4f : GPIOTiva.oem4f (.bss:gpioCallbackInfo)
                  20000f3c    00000080     (.common:xdc_runtime_SysMin_Module_State_0_outbuf__A)
                  20000fbc    00000020     (.common:uartTivaRingBuffer)
                  20000fdc    00000008     (.common:parmbuf)
                  20000fe4    00000004     (.common:gpioInterruptVectors)

.data      0    20000fe8    0000040a     UNINITIALIZED
                  20000fe8    00000080     empty_pem4f.oem4f (.data:ti_sysbios_knl_Swi_Module_State_0_readyQ__A)
                  20001068    00000080     empty_pem4f.oem4f (.data:ti_sysbios_knl_Task_Module_State_0_readyQ__A)
                  200010e8    0000004c     empty_pem4f.oem4f (.data:ti_sysbios_knl_Task_Object__table__V)
                  20001134    00000044     empty_pem4f.oem4f (.data:ti_sysbios_knl_Task_Module__state__V)
                  20001178    00000040     empty_pem4f.oem4f (.data:ti_sysbios_family_arm_lm4_Timer_Object__table__V)
                  200011b8    00000038     empty_pem4f.oem4f (.data:ti_sysbios_gates_GateMutex_Object__table__V)
                  200011f0    00000034     empty_pem4f.oem4f (.data:ti_sysbios_family_arm_m3_Hwi_Module__state__V)
                  20001224    00000030     empty_pem4f.oem4f (.data:ti_sysbios_family_arm_lm4_Timer_Module_State_0_device__A)
                  20001254    00000030     empty_pem4f.oem4f (.data:ti_sysbios_knl_Swi_Object__table__V)
                  20001284    0000002c     empty_pem4f.oem4f (.data:ti_sysbios_knl_Clock_Module__state__V)
                  200012b0    00000024     empty_pem4f.oem4f (.data:ti_sysbios_BIOS_Module__state__V)
                  200012d4    0000001c     empty_pem4f.oem4f (.data:ti_sysbios_knl_Swi_Module__state__V)
                  200012f0    00000018     empty_pem4f.oem4f (.data:ti_sysbios_family_arm_lm4_Timer_Module_State_0_handles__A)
                  20001308    00000018     empty_pem4f.oem4f (.data:ti_sysbios_family_arm_m3_Hwi_Object__table__V)
                  20001320    00000018     empty_pem4f.oem4f (.data:ti_sysbios_heaps_HeapMem_Object__table__V)
                  20001338    00000014     EK_TM4C123GXL.obj (.data:gpioPinConfigs)
                  2000134c    0000000c     empty_pem4f.oem4f (.data:ti_sysbios_family_arm_lm4_Timer_Module__state__V)
                  20001358    0000000c     empty_pem4f.oem4f (.data:xdc_runtime_SysMin_Module__state__V)
                  20001364    00000008     rtsv7M4_T_le_v4SPD16_eabi.lib : _lock.c.obj (.data:$O1$$)
                  2000136c    00000008     EK_TM4C123GXL.obj (.data:gpioCallbackFunctions)
                  20001374    00000008     empty_pem4f.oem4f (.data:ti_sysbios_family_arm_m3_Hwi_Module__root__V)
                  2000137c    00000008     empty_pem4f.oem4f (.data:ti_sysbios_gates_GateHwi_Module__root__V)
                  20001384    00000008     empty_pem4f.oem4f (.data:ti_sysbios_gates_GateMutex_Module__root__V)
                  2000138c    00000008     empty_pem4f.oem4f (.data:ti_sysbios_heaps_HeapMem_Module__root__V)
                  20001394    00000008     empty_pem4f.oem4f (.data:ti_sysbios_knl_Clock_Module__root__V)
                  2000139c    00000008     empty_pem4f.oem4f (.data:ti_sysbios_knl_Queue_Module__root__V)
                  200013a4    00000008     empty_pem4f.oem4f (.data:ti_sysbios_knl_Semaphore_Module__root__V)
                  200013ac    00000008     empty_pem4f.oem4f (.data:xdc_runtime_Registry_Module__state__V)
                  200013b4    00000008     empty_pem4f.oem4f (.data:xdc_runtime_Startup_Module__state__V)
                  200013bc    00000008     empty_pem4f.oem4f (.data:xdc_runtime_System_Module_State_0_atexitHandlers__A)
                  200013c4    00000008     empty_pem4f.oem4f (.data:xdc_runtime_System_Module__state__V)
                  200013cc    00000005     drivers_tivaware.aem4f : GPIOTiva.oem4f (.data)
                  200013d1    00000001     --HOLE--
                  200013d2    00000002     empty_pem4f.oem4f (.data:ti_sysbios_family_arm_m3_Hwi_Module_State_0_excActive__A)
                  200013d4    00000004     drivers_tivaware.aem4f : UART.oem4f (.data)
                  200013d8    00000004     rtsv7M4_T_le_v4SPD16_eabi.lib : stkdepth_vars.c.obj (.data)
                  200013dc    00000004     empty_pem4f.oem4f (.data:ti_sysbios_family_arm_m3_Hwi_Module_State_0_excContext__A)
                  200013e0    00000004     empty_pem4f.oem4f (.data:ti_sysbios_family_arm_m3_Hwi_Module_State_0_excStack__A)
                  200013e4    00000004     empty_pem4f.oem4f (.data:ti_sysbios_gates_GateHwi_Object__table__V)
                  200013e8    00000004     empty_pem4f.oem4f (.data:ti_sysbios_knl_Task_Module_State_0_idleTask__A)
                  200013ec    00000004     empty_pem4f.oem4f (.data:xdc_runtime_Memory_Module__state__V)
                  200013f0    00000002     empty_pem4f.oem4f (.data:xdc_runtime_Error_Module__state__V)

.stack     0    200013f8    00000300     UNINITIALIZED
                  200013f8    00000300     --HOLE--

.bootVecs 
*          0    00000000    00000008     DSECT
                  00000000    00000008     boot.aem4f : boot.oem4f (.bootVecs)

.vecs      0    20000000    00000360     UNINITIALIZED
                  20000000    00000360     empty_pem4f.oem4f (.vecs)

xdc.meta   0    00000000    00000114     COPY SECTION
                  00000000    00000114     empty_pem4f.oem4f (xdc.meta)

__llvm_prf_cnts 
*          0    20000000    00000000     UNINITIALIZED

MODULE SUMMARY

       Module                       code    ro data   rw data
       ------                       ----    -------   -------
    .\
       EK_TM4C123GXL.obj            112     68        264    
       empty.obj                    166     0         0      
    +--+----------------------------+-------+---------+---------+
       Total:                       278     68        264    
                                                             
    C:\Users\Aaron\Documents\GitHub\robot-operator\Team7_Milestone2_Pettigrew_Hillary_Robertson\Debug\configPkg\package\cfg\
       empty_pem4f.oem4f            1790    7648      4376   
    +--+----------------------------+-------+---------+---------+
       Total:                       1790    7648      4376   
                                                             
    C:/ti/tirtos_tivac_2_16_00_08/products/TivaWare_C_Series-2.1.1.71b/driverlib/ccs/Debug/driverlib.lib
       gpio.obj                     476     0         0      
       uart.obj                     226     0         0      
       sysctl.obj                   52      0         0      
    +--+----------------------------+-------+---------+---------+
       Total:                       754     0         0      
                                                             
    C:/ti/tirtos_tivac_2_16_00_08/products/tidrivers_tivac_2_16_00_08/packages/ti/drivers/lib/drivers_tivaware.aem4f
       UARTTiva.oem4f               2262    116       0      
       GPIOTiva.oem4f               764     156       153    
       RingBuf.oem4f                164     0         0      
       UART.oem4f                   82      36        4      
    +--+----------------------------+-------+---------+---------+
       Total:                       3272    308       157    
                                                             
    C:\Users\Aaron\Documents\GitHub\robot-operator\Team7_Milestone2_Pettigrew_Hillary_Robertson\src\sysbios\sysbios.aem4f
       BIOS.obj                     10964   0         0      
       m3_Hwi_asm.obj               314     0         0      
       m3_TaskSupport_asm.obj       180     0         0      
       m3_Hwi_asm_switch.obj        118     0         0      
    +--+----------------------------+-------+---------+---------+
       Total:                       11576   0         0      
                                                             
    C:\ti\ccs1040\ccs\tools\compiler\ti-cgt-arm_20.2.5.LTS\lib\rtsv7M4_T_le_v4SPD16_eabi.lib
       trgmsg.c.obj                 108     0         288    
       memcpy_t2.asm.obj            156     0         0      
       memset_t2.asm.obj            122     0         0      
       copy_decompress_lzss.c.obj   104     0         0      
       hostwrite.c.obj              88      0         0      
       cpy_tbl.c.obj                76      0         0      
       u_divt2.asm.obj              64      0         0      
       _lock.c.obj                  26      0         8      
       args_main.c.obj              24      0         0      
       strlen.c.obj                 20      0         0      
       copy_decompress_none.c.obj   14      0         0      
       copy_zero_init.c.obj         12      0         0      
       hostopen.c.obj               0       0         8      
       exit.c.obj                   4       0         0      
       stkdepth_vars.c.obj          0       0         4      
       div0.asm.obj                 2       0         0      
    +--+----------------------------+-------+---------+---------+
       Total:                       820     0         308    
                                                             
    C:\ti\tirtos_tivac_2_16_00_08\products\bios_6_45_01_29\packages\ti\catalog\arm\cortexm4\tiva\ce\lib\Boot.aem4f
       Boot_sysctl.oem4f            262     0         0      
       Boot.oem4f                   152     0         0      
    +--+----------------------------+-------+---------+---------+
       Total:                       414     0         0      
                                                             
    C:\ti\tirtos_tivac_2_16_00_08\products\bios_6_45_01_29\packages\ti\targets\arm\rtsarm\lib\auto_init.aem4f
       auto_init.oem4f              160     0         0      
    +--+----------------------------+-------+---------+---------+
       Total:                       160     0         0      
                                                             
    C:\ti\tirtos_tivac_2_16_00_08\products\bios_6_45_01_29\packages\ti\targets\arm\rtsarm\lib\boot.aem4f
       boot.oem4f                   88      0         0      
    +--+----------------------------+-------+---------+---------+
       Total:                       88      0         0      
                                                             
    C:\ti\tirtos_tivac_2_16_00_08\products\bios_6_45_01_29\packages\ti\targets\arm\rtsarm\lib\ti.targets.arm.rtsarm.aem4f
       System.oem4f                 1255    0         0      
       Text.oem4f                   672     0         0      
       Error.oem4f                  524     0         0      
       Core-mem.oem4f               358     0         0      
       Startup.oem4f                328     0         0      
       SysMin.oem4f                 248     0         0      
       Core-smem.oem4f              204     0         0      
       Memory.oem4f                 176     0         0      
       Assert.oem4f                 84      0         0      
       Core-params.oem4f            70      0         0      
       Core-label.oem4f             52      0         0      
       Registry.oem4f               32      0         0      
       Gate.oem4f                   28      0         0      
    +--+----------------------------+-------+---------+---------+
       Total:                       4031    0         0      
                                                             
       Stack:                       0       0         768    
       Linker Generated:            0       513       0      
    +--+----------------------------+-------+---------+---------+
       Grand Total:                 23183   8537      5873   


LINKER GENERATED COPY TABLES

__TI_cinit_table @ 00007c70 records: 3, size/record: 8, table size: 24
	.data: load addr=00007a80, load size=000001cd bytes, run addr=20000fe8, run size=0000040a bytes, compression=lzss
	.bss: load addr=00007c60, load size=00000008 bytes, run addr=20000360, run size=00000c88 bytes, compression=zero_init
	.vecs: load addr=00007c68, load size=00000008 bytes, run addr=20000000, run size=00000360 bytes, compression=zero_init


LINKER GENERATED HANDLER TABLE

__TI_handler_table @ 00007c50 records: 3, size/record: 4, table size: 12
	index: 0, handler: __TI_decompress_lzss
	index: 1, handler: __TI_decompress_none
	index: 2, handler: __TI_zero_init


GLOBAL SYMBOLS: SORTED ALPHABETICALLY BY Name 

address   name                                                              
-------   ----                                                              
00000cfd  C$$EXIT                                                           
00004abb  C$$IO$$                                                           
00004dbd  EK_TM4C123GXL_initGPIO                                            
00004891  EK_TM4C123GXL_initGeneral                                         
000050e1  GPIODirModeSet                                                    
000033bb  GPIOIntClear                                                      
00005929  GPIOIntStatus                                                     
00004059  GPIOIntTypeSet                                                    
00001b45  GPIOPadConfigSet                                                  
000057ed  GPIOPinTypeGPIOInput                                              
000035bb  GPIOPinWrite                                                      
00007884  GPIOTiva_config                                                   
00003a09  GPIO_hwiIntFxn                                                    
0000318d  GPIO_init                                                         
00004159  GPIO_setCallback                                                  
00001635  GPIO_setConfig                                                    
000041a9  GPIO_write                                                        
00003f51  HOSTwrite                                                         
000057ff  RingBuf_construct                                                 
000048d1  RingBuf_get                                                       
0000598d  RingBuf_peek                                                      
000045e1  RingBuf_put                                                       
UNDEFED   SHT$$INIT_ARRAY$$Base                                             
UNDEFED   SHT$$INIT_ARRAY$$Limit                                            
00004be1  SysCtlPeripheralEnable                                            
00005a71  UARTCharGet                                                       
00005937  UARTCharGetNonBlocking                                            
00005a7b  UARTCharPut                                                       
00005945  UARTCharPutNonBlocking                                            
000047c9  UARTConfigSetExpClk                                               
00005479  UARTDisable                                                       
0000576f  UARTEnable                                                        
00005af1  UARTFIFOLevelSet                                                  
00005999  UARTFlowControlSet                                                
000007bd  UARTIntClear                                                      
00005a85  UARTIntDisable                                                    
00005ab7  UARTIntEnable                                                     
00005a8f  UARTIntStatus                                                     
00005af7  UARTRxErrorClear                                                  
00005abf  UARTRxErrorGet                                                    
00004339  UARTTiva_close                                                    
00003219  UARTTiva_control                                                  
000075e4  UARTTiva_fxnTable                                                 
000059a5  UARTTiva_init                                                     
00000f51  UARTTiva_open                                                     
00004911  UARTTiva_read                                                     
00004ba9  UARTTiva_readCancel                                               
00002e97  UARTTiva_readPolling                                              
00002fc9  UARTTiva_write                                                    
000041f9  UARTTiva_writeCancel                                              
0000484d  UARTTiva_writePolling                                             
00005665  UART_Params_init                                                  
0000780c  UART_config                                                       
00007634  UART_defaultParams                                                
00004ded  UART_open                                                         
00005a99  UART_read                                                         
00000000  __ASM__                                                           
20000cc0  __CIOBUF_                                                         
00000092  __ISA__                                                           
000000a5  __PLAT__                                                          
200016f8  __STACK_END                                                       
00000300  __STACK_SIZE                                                      
000000c6  __TARG__                                                          
00007c70  __TI_CINIT_Base                                                   
00007c88  __TI_CINIT_Limit                                                  
00007c50  __TI_Handler_Table_Base                                           
00007c5c  __TI_Handler_Table_Limit                                          
00002b85  __TI_auto_init                                                    
00003939  __TI_decompress_lzss                                              
00005953  __TI_decompress_none                                              
ffffffff  __TI_pprof_out_hndl                                               
ffffffff  __TI_prof_data_size                                               
ffffffff  __TI_prof_data_start                                              
00004c15  __TI_readmsg                                                      
00007a80  __TI_static_base__                                                
00004a8d  __TI_writemsg                                                     
000059c9  __TI_zero_init                                                    
000000ec  __TRDR__                                                          
00003787  __aeabi_idiv0                                                     
00003787  __aeabi_ldiv0                                                     
00003541  __aeabi_memclr                                                    
00003541  __aeabi_memclr4                                                   
00003541  __aeabi_memclr8                                                   
00002cc5  __aeabi_memcpy                                                    
00002cc5  __aeabi_memcpy4                                                   
00002cc5  __aeabi_memcpy8                                                   
00003543  __aeabi_memset                                                    
00003543  __aeabi_memset4                                                   
00003543  __aeabi_memset8                                                   
00004951  __aeabi_uidiv                                                     
00004951  __aeabi_uidivmod                                                  
ffffffff  __binit__                                                         
ffffffff  __c_args__                                                        
200013f8  __stack                                                           
20000000  __start___llvm_prf_cnts                                           
20000000  __stop___llvm_prf_cnts                                            
0000567d  _args_main                                                        
00003ef9  _c_int00                                                          
20001364  _lock                                                             
00002f2f  _nop                                                              
000059b1  _register_lock                                                    
000059bd  _register_unlock                                                  
20001368  _unlock                                                           
00000cfd  abort                                                             
ffffffff  binit                                                             
00003cc1  bluetooth_init                                                    
00004385  copy_in                                                           
2000136c  gpioCallbackFunctions                                             
20001338  gpioPinConfigs                                                    
000044bd  main                                                              
200013d8  main_func_sp                                                      
00002cc5  memcpy                                                            
00003549  memset                                                            
000058c9  osi_TaskDisable                                                   
00005869  osi_start                                                         
20000fdc  parmbuf                                                           
00005783  strlen                                                            
000078dc  ti_catalog_arm_cortexm4_tiva_ce_Boot_A_mustUseEnhancedClockMode__C
000078e0  ti_catalog_arm_cortexm4_tiva_ce_Boot_Module__diagsEnabled__C      
000078e4  ti_catalog_arm_cortexm4_tiva_ce_Boot_Module__diagsIncluded__C     
000078e8  ti_catalog_arm_cortexm4_tiva_ce_Boot_Module__diagsMask__C         
000074d6  ti_catalog_arm_cortexm4_tiva_ce_Boot_Module__id__C                
00005981  ti_catalog_arm_cortexm4_tiva_ce_Boot_init__I                      
00001ead  ti_catalog_arm_cortexm4_tiva_ce_Boot_sysCtlClockSetI__I           
00002f31  ti_catalog_arm_cortexm4_tiva_ce_Boot_sysCtlClockSet__E            
00005afd  ti_catalog_arm_cortexm4_tiva_ce_Boot_sysCtlDelayI__I              
200012b0  ti_sysbios_BIOS_Module__state__V                                  
000055c9  ti_sysbios_BIOS_RtsGateProxy_Handle__label__S                     
0000523d  ti_sysbios_BIOS_RtsGateProxy_Object__delete__S                    
0000115d  ti_sysbios_BIOS_RtsGateProxy_enter__E                             
00001355  ti_sysbios_BIOS_RtsGateProxy_leave__E                             
00005b49  ti_sysbios_BIOS_RtsGateProxy_query__E                             
00004e1d  ti_sysbios_BIOS_atExitFunc__I                                     
000051ad  ti_sysbios_BIOS_errorRaiseHook__I                                 
00005759  ti_sysbios_BIOS_exitFunc__I                                       
00005849  ti_sysbios_BIOS_getCpuFreq__E                                     
00003a07  ti_sysbios_BIOS_nullFunc__I                                       
000051d1  ti_sysbios_BIOS_registerRTSLock__I                                
000051f5  ti_sysbios_BIOS_removeRTSLock__I                                  
00005315  ti_sysbios_BIOS_rtsLock__I                                        
00005695  ti_sysbios_BIOS_rtsUnlock__I                                      
00005859  ti_sysbios_BIOS_setThreadType__E                                  
[...]
000059f1  ti_sysbios_hal_Hwi_HwiProxy_disable__E                            
00005a01  ti_sysbios_family_arm_m3_TaskSupport_checkStack__E                
00005a01  ti_sysbios_knl_Task_SupportProxy_checkStack__E                    
00005a11  ti_sysbios_gates_GateHwi_enter__E                                 
00005a1d  ti_sysbios_knl_Clock_Params__init__S                              
00005a29  ti_sysbios_knl_Queue_Object__get__S                               
00005a35  ti_sysbios_knl_Semaphore_Params__init__S                          
00005a41  xdc_runtime_Error_init__E                                         
00005a4d  xdc_runtime_Gate_enterSystem__E                                   
00005a59  xdc_runtime_Memory_calloc__E                                      
00005a65  xdc_runtime_Memory_getMaxDefaultTypeAlign__E                      
00005a71  UARTCharGet                                                       
00005a7b  UARTCharPut                                                       
00005a85  UARTIntDisable                                                    
00005a8f  UARTIntStatus                                                     
00005a99  UART_read                                                         
00005aa3  xdc_runtime_Memory_HeapProxy_alloc__E                             
00005aad  xdc_runtime_Memory_HeapProxy_free__E                              
00005ab7  UARTIntEnable                                                     
00005abf  UARTRxErrorGet                                                    
00005acf  ti_sysbios_family_arm_lm4_Timer_masterDisable__I                  
00005ad9  ti_sysbios_family_arm_m3_Hwi_doSwiRestore__I                      
00005ae1  ti_sysbios_family_arm_m3_Hwi_startup__E                           
00005ae1  ti_sysbios_hal_Hwi_HwiProxy_startup__E                            
00005ae1  ti_sysbios_hal_Hwi_startup__E                                     
00005af1  UARTFIFOLevelSet                                                  
00005af7  UARTRxErrorClear                                                  
00005afd  ti_catalog_arm_cortexm4_tiva_ce_Boot_sysCtlDelayI__I              
00005b03  xdc_runtime_System_Module_startup__E                              
00005b09  ti_sysbios_family_arm_m3_Hwi_doTaskRestore__I                     
00005b11  ti_sysbios_family_arm_m3_Hwi_restoreFxn__E                        
00005b11  ti_sysbios_hal_Hwi_HwiProxy_restore__E                            
00005b19  ti_sysbios_gates_GateHwi_leave__E                                 
00005b21  ti_sysbios_heaps_HeapMem_isBlocking__E                            
00005b29  ti_sysbios_knl_Clock_stop__E                                      
00005b31  ti_sysbios_knl_Queue_Instance_init__E                             
00005b39  ti_sysbios_knl_Swi_startup__E                                     
00005b41  ti_sysbios_gates_GateHwi_query__E                                 
00005b41  xdc_runtime_Main_Module_GateProxy_query__E                        
00005b41  xdc_runtime_System_Module_GateProxy_query__E                      
00005b49  ti_sysbios_BIOS_RtsGateProxy_query__E                             
00005b49  ti_sysbios_gates_GateMutex_query__E                               
00005b49  ti_sysbios_heaps_HeapMem_Module_GateProxy_query__E                
00005b51  ti_sysbios_knl_Task_startup__E                                    
00005b59  ti_sysbios_gates_GateHwi_Instance_init__E                         
00005b61  ti_sysbios_knl_Clock_logTick__E                                   
00005b64  xdc_runtime_Text_charTab__A                                       
000073c5  xdc_runtime_Error_policy__C                                       
000073c6  xdc_runtime_Text_nodeTab__A                                       
000074d6  ti_catalog_arm_cortexm4_tiva_ce_Boot_Module__id__C                
000075b4  ti_sysbios_family_arm_m3_Hwi_Object__PARAMS__C                    
000075e4  UARTTiva_fxnTable                                                 
0000760c  ti_sysbios_heaps_HeapMem_Module__FXNS__C                          
00007634  UART_defaultParams                                                
00007658  ti_sysbios_gates_GateHwi_Module__FXNS__C                          
0000767c  ti_sysbios_gates_GateMutex_Module__FXNS__C                        
000076a0  ti_sysbios_heaps_HeapMem_Object__PARAMS__C                        
000076c4  ti_sysbios_knl_Clock_Object__PARAMS__C                            
000076e8  ti_sysbios_knl_Semaphore_Object__PARAMS__C                        
0000770c  ti_sysbios_family_arm_m3_Hwi_Object__DESC__C                      
0000772c  ti_sysbios_gates_GateHwi_Object__DESC__C                          
0000774c  ti_sysbios_gates_GateMutex_Object__DESC__C                        
0000776c  ti_sysbios_heaps_HeapMem_Object__DESC__C                          
0000778c  ti_sysbios_knl_Clock_Object__DESC__C                              
000077ac  ti_sysbios_knl_Queue_Object__DESC__C                              
000077cc  ti_sysbios_knl_Semaphore_Object__DESC__C                          
000077ec  xdc_runtime_Startup_sfxnTab__A                                    
0000780c  UART_config                                                       
00007824  ti_sysbios_gates_GateHwi_Object__PARAMS__C                        
0000783c  ti_sysbios_gates_GateMutex_Object__PARAMS__C                      
00007854  ti_sysbios_knl_Queue_Object__PARAMS__C                            
0000786c  uartTivaHWAttrs                                                   
00007884  GPIOTiva_config                                                   
00007898  xdc_runtime_Startup_firstFxns__A                                  
000078ac  xdc_runtime_Startup_sfxnRts__A                                    
000078bc  ti_sysbios_family_arm_m3_Hwi_excHookFuncs__A                      
000078c4  ti_sysbios_knl_Idle_funcList__C                                   
000078cc  xdc_runtime_Startup_firstFxns__C                                  
000078d4  xdc_runtime_Startup_lastFxns__C                                   
000078dc  ti_catalog_arm_cortexm4_tiva_ce_Boot_A_mustUseEnhancedClockMode__C
000078e0  ti_catalog_arm_cortexm4_tiva_ce_Boot_Module__diagsEnabled__C      
000078e4  ti_catalog_arm_cortexm4_tiva_ce_Boot_Module__diagsIncluded__C     
000078e8  ti_catalog_arm_cortexm4_tiva_ce_Boot_Module__diagsMask__C         
000078ec  ti_sysbios_family_arm_lm4_Timer_enableFunc__C                     
000078f0  ti_sysbios_family_arm_lm4_Timer_numTimerDevices__C                
000078f4  ti_sysbios_family_arm_lm4_Timer_startupNeeded__C                  
000078f8  ti_sysbios_family_arm_m3_Hwi_E_NMI__C                             
000078fc  ti_sysbios_family_arm_m3_Hwi_E_alreadyDefined__C                  
00007900  ti_sysbios_family_arm_m3_Hwi_E_busFault__C                        
00007904  ti_sysbios_family_arm_m3_Hwi_E_debugMon__C                        
00007908  ti_sysbios_family_arm_m3_Hwi_E_hardFault__C                       
0000790c  ti_sysbios_family_arm_m3_Hwi_E_memFault__C                        
00007910  ti_sysbios_family_arm_m3_Hwi_E_noIsr__C                           
00007914  ti_sysbios_family_arm_m3_Hwi_E_reserved__C                        
00007918  ti_sysbios_family_arm_m3_Hwi_E_svCall__C                          
0000791c  ti_sysbios_family_arm_m3_Hwi_E_usageFault__C                      
00007920  ti_sysbios_family_arm_m3_Hwi_NUM_INTERRUPTS__C                    
00007924  ti_sysbios_family_arm_m3_Hwi_Object__count__C                     
00007928  ti_sysbios_family_arm_m3_Hwi_ccr__C                               
0000792c  ti_sysbios_family_arm_m3_Hwi_excHandlerFunc__C                    
00007930  ti_sysbios_family_arm_m3_Hwi_excHookFuncs__C                      
00007934  ti_sysbios_family_arm_m3_Hwi_nullIsrFunc__C                       
00007938  ti_sysbios_family_arm_m3_Hwi_priGroup__C                          
0000793c  ti_sysbios_gates_GateMutex_A_badContext__C                        
00007940  ti_sysbios_gates_GateMutex_Instance_State_sem__O                  
00007944  ti_sysbios_gates_GateMutex_Module__diagsEnabled__C                
00007948  ti_sysbios_gates_GateMutex_Module__diagsIncluded__C               
0000794c  ti_sysbios_gates_GateMutex_Module__diagsMask__C                   
00007950  ti_sysbios_hal_Hwi_E_stackOverflow__C                             
00007954  ti_sysbios_heaps_HeapMem_A_align__C                               
00007958  ti_sysbios_heaps_HeapMem_A_heapSize__C                            
0000795c  ti_sysbios_heaps_HeapMem_A_invalidFree__C                         
00007960  ti_sysbios_heaps_HeapMem_A_zeroBlock__C                           
00007964  ti_sysbios_heaps_HeapMem_E_memory__C                              
00007968  ti_sysbios_heaps_HeapMem_Module__diagsEnabled__C                  
0000796c  ti_sysbios_heaps_HeapMem_Module__diagsIncluded__C                 
00007970  ti_sysbios_heaps_HeapMem_Module__diagsMask__C                     
00007974  ti_sysbios_heaps_HeapMem_Module__gateObj__C                       
00007978  ti_sysbios_heaps_HeapMem_Object__count__C                         
0000797c  ti_sysbios_heaps_HeapMem_reqAlign__C                              
00007980  ti_sysbios_knl_Clock_A_badThreadType__C                           
00007984  ti_sysbios_knl_Clock_Module_State_clockQ__O                       
00007988  ti_sysbios_knl_Clock_Module__diagsEnabled__C                      
0000798c  ti_sysbios_knl_Clock_Module__diagsIncluded__C                     
00007990  ti_sysbios_knl_Clock_Module__diagsMask__C                         
00007994  ti_sysbios_knl_Idle_funcList__A                                   
00007998  ti_sysbios_knl_Semaphore_A_badContext__C                          
0000799c  ti_sysbios_knl_Semaphore_A_noEvents__C                            
000079a0  ti_sysbios_knl_Semaphore_A_overflow__C                            
000079a4  ti_sysbios_knl_Semaphore_A_pendTaskDisabled__C                    
000079a8  ti_sysbios_knl_Semaphore_Instance_State_pendQ__O                  
000079ac  ti_sysbios_knl_Semaphore_Module__diagsEnabled__C                  
000079b0  ti_sysbios_knl_Semaphore_Module__diagsIncluded__C                 
000079b4  ti_sysbios_knl_Semaphore_Module__diagsMask__C                     
000079b8  ti_sysbios_knl_Swi_Object__count__C                               
000079bc  ti_sysbios_knl_Task_E_spOutOfBounds__C                            
000079c0  ti_sysbios_knl_Task_E_stackOverflow__C                            
000079c4  ti_sysbios_knl_Task_Module_State_inactiveQ__O                     
000079c8  ti_sysbios_knl_Task_Object__count__C                              
000079cc  ti_sysbios_knl_Task_allBlockedFunc__C                             
000079d0  ti_sysbios_knl_Task_numConstructedTasks__C                        
000079d4  xdc_runtime_Assert_E_assertFailed__C                              
000079d8  xdc_runtime_Core_A_initializedParams__C                           
000079dc  xdc_runtime_Core_Module__diagsEnabled__C                          
000079e0  xdc_runtime_Core_Module__diagsIncluded__C                         
000079e4  xdc_runtime_Core_Module__diagsMask__C                             
000079e8  xdc_runtime_Error_E_memory__C                                     
000079ec  xdc_runtime_Error_Module__diagsEnabled__C                         
000079f0  xdc_runtime_Error_Module__diagsIncluded__C                        
000079f4  xdc_runtime_Error_Module__diagsMask__C                            
000079f8  xdc_runtime_Error_Module__loggerFxn8__C                           
000079fc  xdc_runtime_Error_Module__loggerObj__C                            
00007a00  xdc_runtime_Error_policyFxn__C                                    
00007a04  xdc_runtime_Error_raiseHook__C                                    
00007a08  xdc_runtime_IGateProvider_Interface__BASE__C                      
00007a0c  xdc_runtime_IHeap_Interface__BASE__C                              
00007a10  xdc_runtime_IModule_Interface__BASE__C                            
00007a14  xdc_runtime_Log_L_error__C                                        
00007a18  xdc_runtime_Memory_defaultHeapInstance__C                         
00007a1c  xdc_runtime_Startup_execImpl__C                                   
00007a20  xdc_runtime_Startup_maxPasses__C                                  
00007a24  xdc_runtime_Startup_sfxnRts__C                                    
00007a28  xdc_runtime_Startup_sfxnTab__C                                    
00007a2c  xdc_runtime_SysMin_bufSize__C                                     
00007a30  xdc_runtime_SysMin_outputFunc__C                                  
00007a34  xdc_runtime_System_Module__gateObj__C                             
00007a38  xdc_runtime_System_abortFxn__C                                    
00007a3c  xdc_runtime_System_exitFxn__C                                     
00007a40  xdc_runtime_System_extendFxn__C                                   
00007a44  xdc_runtime_System_maxAtexitHandlers__C                           
00007a48  xdc_runtime_Text_charTab__C                                       
00007a4c  xdc_runtime_Text_nameEmpty__C                                     
00007a50  xdc_runtime_Text_nameStatic__C                                    
00007a54  xdc_runtime_Text_nameUnknown__C                                   
00007a58  xdc_runtime_Text_nodeTab__C                                       
00007a5c  xdc_runtime_Text_visitRopeFxn__C                                  
00007a60  ti_sysbios_family_arm_m3_Hwi_Module__id__C                        
00007a62  ti_sysbios_gates_GateMutex_Module__id__C                          
00007a64  ti_sysbios_hal_Hwi_Module__id__C                                  
00007a66  ti_sysbios_heaps_HeapMem_Module__id__C                            
00007a68  ti_sysbios_knl_Clock_Module__id__C                                
00007a6a  ti_sysbios_knl_Semaphore_Module__id__C                            
00007a6c  ti_sysbios_knl_Task_Module__id__C                                 
00007a6e  xdc_runtime_Core_Module__id__C                                    
00007a70  xdc_runtime_Error_Module__loggerDefined__C                        
00007a72  xdc_runtime_Error_maxDepth__C                                     
00007a74  xdc_runtime_Memory_Module__id__C                                  
00007a76  xdc_runtime_SysMin_flushAtExit__C                                 
00007a78  xdc_runtime_Text_charCnt__C                                       
00007a7a  xdc_runtime_Text_isLoaded__C                                      
00007a7c  xdc_runtime_Text_registryModsLastId__C                            
00007a7e  xdc_runtime_Text_unnamedModsLastId__C                             
00007a80  __TI_static_base__                                                
00007c50  __TI_Handler_Table_Base                                           
00007c5c  __TI_Handler_Table_Limit                                          
00007c70  __TI_CINIT_Base                                                   
00007c88  __TI_CINIT_Limit                                                  
20000000  __start___llvm_prf_cnts                                           
20000000  __stop___llvm_prf_cnts                                            
20000000  ti_sysbios_family_arm_m3_Hwi_ramVectors                           
20000360  ti_sysbios_heaps_HeapMem_Instance_State_0_buf__A                  
20000760  ti_sysbios_family_arm_m3_Hwi_dispatchTable                        
20000ac0  ti_sysbios_knl_Task_Instance_State_0_stack__A                     
20000cc0  __CIOBUF_                                                         
20000de0  uartTivaObjects                                                   
20000f3c  xdc_runtime_SysMin_Module_State_0_outbuf__A                       
20000fbc  uartTivaRingBuffer                                                
20000fdc  parmbuf                                                           
20000fe8  ti_sysbios_knl_Swi_Module_State_0_readyQ__A                       
20001068  ti_sysbios_knl_Task_Module_State_0_readyQ__A                      
200010e8  ti_sysbios_knl_Task_Object__table__V                              
20001134  ti_sysbios_knl_Task_Module__state__V                              
20001178  ti_sysbios_family_arm_lm4_Timer_Object__table__V                  
200011b8  ti_sysbios_gates_GateMutex_Object__table__V                       
200011f0  ti_sysbios_family_arm_m3_Hwi_Module__state__V                     
20001224  ti_sysbios_family_arm_lm4_Timer_Module_State_0_device__A          
20001254  ti_sysbios_knl_Swi_Object__table__V                               
20001284  ti_sysbios_knl_Clock_Module__state__V                             
200012b0  ti_sysbios_BIOS_Module__state__V                                  
200012d4  ti_sysbios_knl_Swi_Module__state__V                               
200012f0  ti_sysbios_family_arm_lm4_Timer_Module_State_0_handles__A         
20001308  ti_sysbios_family_arm_m3_Hwi_Object__table__V                     
20001320  ti_sysbios_heaps_HeapMem_Object__table__V                         
20001338  gpioPinConfigs                                                    
2000134c  ti_sysbios_family_arm_lm4_Timer_Module__state__V                  
20001358  xdc_runtime_SysMin_Module__state__V                               
20001364  _lock                                                             
20001368  _unlock                                                           
2000136c  gpioCallbackFunctions                                             
20001374  ti_sysbios_family_arm_m3_Hwi_Module__root__V                      
2000137c  ti_sysbios_gates_GateHwi_Module__root__V                          
20001384  ti_sysbios_gates_GateMutex_Module__root__V                        
2000138c  ti_sysbios_heaps_HeapMem_Module__root__V                          
20001394  ti_sysbios_knl_Clock_Module__root__V                              
2000139c  ti_sysbios_knl_Queue_Module__root__V                              
200013a4  ti_sysbios_knl_Semaphore_Module__root__V                          
200013ac  xdc_runtime_Registry_Module__state__V                             
200013b4  xdc_runtime_Startup_Module__state__V                              
200013bc  xdc_runtime_System_Module_State_0_atexitHandlers__A               
200013c4  xdc_runtime_System_Module__state__V                               
200013d2  ti_sysbios_family_arm_m3_Hwi_Module_State_0_excActive__A          
200013d8  main_func_sp                                                      
200013dc  ti_sysbios_family_arm_m3_Hwi_Module_State_0_excContext__A         
200013e0  ti_sysbios_family_arm_m3_Hwi_Module_State_0_excStack__A           
200013e4  ti_sysbios_gates_GateHwi_Object__table__V                         
200013e8  ti_sysbios_knl_Task_Module_State_0_idleTask__A                    
200013ec  xdc_runtime_Memory_Module__state__V                               
200013f0  xdc_runtime_Error_Module__state__V                                
200013f8  __stack                                                           
200016f8  __STACK_END                                                       
e000e000  ti_sysbios_family_arm_m3_Hwi_nvic                                 
ffffffff  __TI_pprof_out_hndl                                               
ffffffff  __TI_prof_data_size                                               
ffffffff  __TI_prof_data_start                                              
ffffffff  __binit__                                                         
ffffffff  __c_args__                                                        
ffffffff  binit                                                             
UNDEFED   SHT$$INIT_ARRAY$$Base                                             
UNDEFED   SHT$$INIT_ARRAY$$Limit                                            

[576 symbols]
